^DBTBL("SYSDEV",5,"DBAUDITLOG")="Audit Log Report"
^DBTBL("SYSDEV",5,"DBAUDITLOG",-5)="1|2|2|64,0,0,0,0,0|10|11|39|7|132|3;3;0||0|132"
^DBTBL("SYSDEV",5,"DBAUDITLOG",0)="DBAUDITLOG||||132|60|0|0|0|7.0|||0|||1|0|1"
^DBTBL("SYSDEV",5,"DBAUDITLOG",1)="[SYSDEV,DBAUDITLOG]OPON|0|1|*|A"
^DBTBL("SYSDEV",5,"DBAUDITLOG",2)="[SYSDEV,DBAUDITLOG]USERID|0|1|*|A"
^DBTBL("SYSDEV",5,"DBAUDITLOG",3)="[SYSDEV,DBAUDITLOG]CDATE|0|1|*|A"
^DBTBL("SYSDEV",5,"DBAUDITLOG",4)="[SYSDEV,DBAUDITLOG]PID|0|1|*|A"
^DBTBL("SYSDEV",5,"DBAUDITLOG",5)="[SYSDEV,DBAUDITLOG]SEQ|0|1|*|A"
^DBTBL("SYSDEV",5,"DBAUDITLOG",31)="[DBAUDITLOG]CDATE <<**>>"
^DBTBL("SYSDEV",5,"DBAUDITLOG",31.001)="[DBAUDITLOG]USERID <<**>>"
^DBTBL("SYSDEV",5,"DBAUDITLOG",31.002)="[DBAUDITLOG]TLO <<**>>"
^DBTBL("SYSDEV",5,"DBAUDITLOG",31.003)="[DBAUDITLOG]OPERATION <<**>>"
^DBTBL("SYSDEV",5,"DBAUDITLOG",31.004)="[DBAUDITLOG]OPON <<**>>"
^DBTBL("SYSDEV",5,"DBAUDITLOG","@PH",0)="5,1,1"
^DBTBL("SYSDEV",5,"DBAUDITLOG","@PH",101)="1001|@1|45|T||@1|<<CONAM>>"
^DBTBL("SYSDEV",5,"DBAUDITLOG","@PH",102)="1101|@2|10|T||@2|Run Date: "
^DBTBL("SYSDEV",5,"DBAUDITLOG","@PH",103)="1111|@3|10|T||@3|<<vrundate>>"
^DBTBL("SYSDEV",5,"DBAUDITLOG","@PH",104)="1123|@4|8|T||@4|<<%TIM>>"
^DBTBL("SYSDEV",5,"DBAUDITLOG","@PH",105)="2001|@5|30|T||@5|<<RN>>"
^DBTBL("SYSDEV",5,"DBAUDITLOG","@PH",106)="2032|@6|1|T||@6|("
^DBTBL("SYSDEV",5,"DBAUDITLOG","@PH",107)="2033|@7|12|T||@7|<<RID>>"
^DBTBL("SYSDEV",5,"DBAUDITLOG","@PH",108)="2045|@8|1|T||@8|)"
^DBTBL("SYSDEV",5,"DBAUDITLOG","@PH",109)="2103|@9|7|T||@9|System:"
^DBTBL("SYSDEV",5,"DBAUDITLOG","@PH",110)="2111|@10|10|T||@10|<<vsysdate>>"
^DBTBL("SYSDEV",5,"DBAUDITLOG","@PH",111)="2122|@11|6|T||@11|Page: "
^DBTBL("SYSDEV",5,"DBAUDITLOG","@PH",112)="2128|@12|3|N||@12|<<VPN,N,3>>"
^DBTBL("SYSDEV",5,"DBAUDITLOG","@PH",113)="4001|@13|18|T||@13|Table or Procedure"
^DBTBL("SYSDEV",5,"DBAUDITLOG","@PH",114)="4033|@14|7|T||@14|User ID"
^DBTBL("SYSDEV",5,"DBAUDITLOG","@PH",115)="4055|@15|4|T||@15|Date"
^DBTBL("SYSDEV",5,"DBAUDITLOG","@PH",116)="4067|@16|4|T||@16|Time"
^DBTBL("SYSDEV",5,"DBAUDITLOG","@PH",117)="4077|@17|13|T||@17|User Location"
^DBTBL("SYSDEV",5,"DBAUDITLOG","@PH",118)="5001|@18|130|T||@18|=================================================================================================================================="
^DBTBL("SYSDEV",5,"DBAUDITLOG","@RS",0)="1,1,1"
^DBTBL("SYSDEV",5,"DBAUDITLOG","[SYSDEV,DBAUDITLOG]SEQ",0)="1,4,1"
^DBTBL("SYSDEV",5,"DBAUDITLOG","[SYSDEV,DBAUDITLOG]SEQ",26)=5
^DBTBL("SYSDEV",5,"DBAUDITLOG","[SYSDEV,DBAUDITLOG]SEQ",101)="3001|OPON|30|T||[SYSDEV,DBAUDITLOG]OPON|"
^DBTBL("SYSDEV",5,"DBAUDITLOG","[SYSDEV,DBAUDITLOG]SEQ",102)="3033|USERID|20|T||[SYSDEV,DBAUDITLOG]USERID|"
^DBTBL("SYSDEV",5,"DBAUDITLOG","[SYSDEV,DBAUDITLOG]SEQ",103)="3055|CDATE|10|D||[SYSDEV,DBAUDITLOG]CDATE|"
^DBTBL("SYSDEV",5,"DBAUDITLOG","[SYSDEV,DBAUDITLOG]SEQ",104)="3067|CTIME|10|C||[SYSDEV,DBAUDITLOG]CTIME|"
^DBTBL("SYSDEV",5,"DBAUDITLOG","[SYSDEV,DBAUDITLOG]SEQ",105)="3077|TLO|40|T||[SYSDEV,DBAUDITLOG]TLO|"
^DBTBL("SYSDEV",5,"DBAUDITLOG","[SYSDEV,DBAUDITLOG]SEQ",106)="4007|STATEMENT|100|M||[SYSDEV,DBAUDITLOG]STATEMENT|"
^DBTBL("SYSDEV",5,"DBAUDITLOG","[SYSDEV,DBAUDITLOG]SEQ",107)="5009|USING|100|M||[SYSDEV,DBAUDITLOG]USING|"
