^DBTBL("SYSDEV",5,"DBIMPORT")="DATA-QWIK Import Log"
^DBTBL("SYSDEV",5,"DBIMPORT",-5)="1|1|2|64,0,0,0,0,0|10|11|39|10|57|3;3;0||0|80"
^DBTBL("SYSDEV",5,"DBIMPORT",0)="DBIMPORTD,DBIMPORT|||N|80|60|0|0|0|5.0||||||1|0|1"
^DBTBL("SYSDEV",5,"DBIMPORT",1)="[SYSDEV,DBIMPORT]IDATE|0|1|*|A"
^DBTBL("SYSDEV",5,"DBIMPORT",2)="[SYSDEV,DBIMPORT]FNAME|0|1|*|A"
^DBTBL("SYSDEV",5,"DBIMPORT",3)="[SYSDEV,DBIMPORTD]SEQ||1|*|A"
^DBTBL("SYSDEV",5,"DBIMPORT",31)=" [DBIMPORT]IDATE <<**>>"
^DBTBL("SYSDEV",5,"DBIMPORT","@PH",0)="6,1,1"
^DBTBL("SYSDEV",5,"DBIMPORT","@PH",101)="1001|@1|40|T||@1|<<$G(CONAM)>>"
^DBTBL("SYSDEV",5,"DBIMPORT","@PH",102)="1047|@2|9|T||@2|Run Date:"
^DBTBL("SYSDEV",5,"DBIMPORT","@PH",103)="1057|@3|10|T||@3|<<vrundate>>"
^DBTBL("SYSDEV",5,"DBIMPORT","@PH",104)="1071|@4|8|T||@4|<<%TIM>>"
^DBTBL("SYSDEV",5,"DBIMPORT","@PH",105)="2001|@5|40|T||@5|<<RN>>  (<<RID>>)"
^DBTBL("SYSDEV",5,"DBIMPORT","@PH",106)="2049|@6|7|T||@6|System:"
^DBTBL("SYSDEV",5,"DBIMPORT","@PH",107)="2057|@7|10|T||@7|<<vsysdate>>"
^DBTBL("SYSDEV",5,"DBIMPORT","@PH",108)="2071|@8|5|T||@8|Page:"
^DBTBL("SYSDEV",5,"DBIMPORT","@PH",109)="2077|@9|3|N||@9|<<$J(VPN,3)>>"
^DBTBL("SYSDEV",5,"DBIMPORT","@PH",110)="4001|@10|6|T||@10|Import"
^DBTBL("SYSDEV",5,"DBIMPORT","@PH",111)="4013|@11|6|T||@11|Import"
^DBTBL("SYSDEV",5,"DBIMPORT","@PH",112)="4045|@12|4|T||@12|Time"
^DBTBL("SYSDEV",5,"DBIMPORT","@PH",113)="4055|@13|4|T||@13|User"
^DBTBL("SYSDEV",5,"DBIMPORT","@PH",114)="5001|@14|4|T||@14|Date"
^DBTBL("SYSDEV",5,"DBIMPORT","@PH",115)="5013|@15|9|T||@15|File Name"
^DBTBL("SYSDEV",5,"DBIMPORT","@PH",116)="5045|@16|6|T||@16|Loaded"
^DBTBL("SYSDEV",5,"DBIMPORT","@PH",117)="5055|@17|2|T||@17|ID"
^DBTBL("SYSDEV",5,"DBIMPORT","@PH",118)="5067|@18|8|T||@18|Location"
^DBTBL("SYSDEV",5,"DBIMPORT","@PH",119)="6001|@19|78|T||@19|------------------------------------------------------------------------------"
^DBTBL("SYSDEV",5,"DBIMPORT","@RS",0)="1,1,1"
^DBTBL("SYSDEV",5,"DBIMPORT","[SYSDEV,DBIMPORTD]SEQ",0)="2,1,1"
^DBTBL("SYSDEV",5,"DBIMPORT","[SYSDEV,DBIMPORTD]SEQ",101)="1001|IDATE|10|D||[SYSDEV,DBIMPORT]IDATE|"
^DBTBL("SYSDEV",5,"DBIMPORT","[SYSDEV,DBIMPORTD]SEQ",102)="1013|FNAME|30|T||[SYSDEV,DBIMPORTD]FNAME|"
^DBTBL("SYSDEV",5,"DBIMPORT","[SYSDEV,DBIMPORTD]SEQ",103)="1045|TIME|8|C||[SYSDEV,DBIMPORT]TIME|"
^DBTBL("SYSDEV",5,"DBIMPORT","[SYSDEV,DBIMPORTD]SEQ",104)="1055|UID|10|T||[SYSDEV,DBIMPORT]UID|"
^DBTBL("SYSDEV",5,"DBIMPORT","[SYSDEV,DBIMPORTD]SEQ",105)="1067|LOC|12|T||[SYSDEV,DBIMPORT]LOC|"
^DBTBL("SYSDEV",5,"DBIMPORT","[SYSDEV,DBIMPORTD]SEQ",106)="4002|@20|10|T||@20|<<DELETE>>||1"
^DBTBL("SYSDEV",5,"DBIMPORT","[SYSDEV,DBIMPORTD]SEQ",106,1)=$C(9)_"type public String DELETE"
^DBTBL("SYSDEV",5,"DBIMPORT","[SYSDEV,DBIMPORTD]SEQ",106,2)=""
^DBTBL("SYSDEV",5,"DBIMPORT","[SYSDEV,DBIMPORTD]SEQ",106,3)=$C(9)_"// Delete"
^DBTBL("SYSDEV",5,"DBIMPORT","[SYSDEV,DBIMPORTD]SEQ",106,4)=$C(9)_"if rwrs.getCol(""DBIMPORTD.DELFLAG"") set DELETE = $$^MSG(2660)"
^DBTBL("SYSDEV",5,"DBIMPORT","[SYSDEV,DBIMPORTD]SEQ",106,5)=$C(9)_"else  set DELETE = """""
^DBTBL("SYSDEV",5,"DBIMPORT","[SYSDEV,DBIMPORTD]SEQ",106,6)=""
^DBTBL("SYSDEV",5,"DBIMPORT","[SYSDEV,DBIMPORTD]SEQ",106,7)=$C(9)_"quit"
^DBTBL("SYSDEV",5,"DBIMPORT","[SYSDEV,DBIMPORTD]SEQ",107)="4014|ELEMTYPE|20|T||[SYSDEV,DBIMPORTD]ELEMTYPE|"
^DBTBL("SYSDEV",5,"DBIMPORT","[SYSDEV,DBIMPORTD]SEQ",108)="4036|ELEMNAME|40|T||[SYSDEV,DBIMPORTD]ELEMNAME|"
^DBTBL("SYSDEV",5,"DBIMPORT","[SYSDEV,DBIMPORT]FNAME",0)="1,4,1"
^DBTBL("SYSDEV",5,"DBIMPORT","[SYSDEV,DBIMPORT]IDATE",0)="3,3,3"
