^DBTBL("SYSDEV",5,"DBINDX")="DATA-QWIK Data Dictionary X-REF Report"
^DBTBL("SYSDEV",5,"DBINDX",-5)="1|1||64,0,0,0,0,0|10|12|40|1|1|||0|80"
^DBTBL("SYSDEV",5,"DBINDX",0)="DBINDX|||0|80|60|0|0|0|5.0||||||1|0|1"
^DBTBL("SYSDEV",5,"DBINDX",1)="[SYSDEV,DBINDX]LIBS|1|1|*|A"
^DBTBL("SYSDEV",5,"DBINDX",2)="[SYSDEV,DBINDX]DBOPT|1|1|*|A"
^DBTBL("SYSDEV",5,"DBINDX",3)="[SYSDEV,DBINDX]FID|0|1|*|A"
^DBTBL("SYSDEV",5,"DBINDX",4)="[SYSDEV,DBINDX]DINAM|0|1|*|A"
^DBTBL("SYSDEV",5,"DBINDX",5)="[SYSDEV,DBINDX]INDEXID|0|1|*|A"
^DBTBL("SYSDEV",5,"DBINDX",31)="[DBINDX]LIBS = ""SYSDEV"""
^DBTBL("SYSDEV",5,"DBINDX",31.001)="[DBINDX]DBOPT=2,3,4,5,6,7,8,9,13"
^DBTBL("SYSDEV",5,"DBINDX",31.002)="[DBINDX]FID <<**/TABLE=[DBTBL1]/POS=S FID=X>>"
^DBTBL("SYSDEV",5,"DBINDX",31.003)="[DBINDX]DINAM <<**/POS=I ""ALL""[FID S I(3)="""">>"
^DBTBL("SYSDEV",5,"DBINDX","@PH",0)="7,1,1"
^DBTBL("SYSDEV",5,"DBINDX","@PH",101)="1001|@1|40|T||@1|<<$G(CONAM)>>"
^DBTBL("SYSDEV",5,"DBINDX","@PH",102)="1049|@2|9|T||@2|Run Date:"
^DBTBL("SYSDEV",5,"DBINDX","@PH",103)="1059|@3|10|T||@3|<<vrundate>>"
^DBTBL("SYSDEV",5,"DBINDX","@PH",104)="1071|@4|8|T||@4|<<%TIM>>"
^DBTBL("SYSDEV",5,"DBINDX","@PH",105)="2001|@5|40|T||@5|<<RN>>  (<<RID>>)"
^DBTBL("SYSDEV",5,"DBINDX","@PH",106)="2051|@6|7|T||@6|System:"
^DBTBL("SYSDEV",5,"DBINDX","@PH",107)="2059|@7|10|T||@7|<<vsysdate>>"
^DBTBL("SYSDEV",5,"DBINDX","@PH",108)="2071|@8|5|T||@8|Page:"
^DBTBL("SYSDEV",5,"DBINDX","@PH",109)="2077|@9|3|N||@9|<<$J(VPN,3)>>"
^DBTBL("SYSDEV",5,"DBINDX","@PH",110)="4001|@10|40|T||@10|<<ZNAME>>||1"
^DBTBL("SYSDEV",5,"DBINDX","@PH",110,1)=$C(9)_"type Public String ZNAME"
^DBTBL("SYSDEV",5,"DBINDX","@PH",110,2)=""
^DBTBL("SYSDEV",5,"DBINDX","@PH",110,3)=$C(9)_"// I18N=OFF: Excluded from I18N standards."
^DBTBL("SYSDEV",5,"DBINDX","@PH",110,4)=$C(9)_"set ZNAME=rwrs.getCol(""DBINDX.OPTDESC"")_"" Definitions"""
^DBTBL("SYSDEV",5,"DBINDX","@PH",110,5)=$C(9)_"// I18N=ON"
^DBTBL("SYSDEV",5,"DBINDX","@PH",111)="6001|@11|9|T||@11|File Name"
^DBTBL("SYSDEV",5,"DBINDX","@PH",112)="6012|@12|9|T||@12|Data Item"
^DBTBL("SYSDEV",5,"DBINDX","@PH",113)="6023|@13|12|T||@13|<<ZNAME>>||1"
^DBTBL("SYSDEV",5,"DBINDX","@PH",113,1)=$C(9)_"type Public String ZNAME"
^DBTBL("SYSDEV",5,"DBINDX","@PH",113,2)=""
^DBTBL("SYSDEV",5,"DBINDX","@PH",113,3)=$C(9)_"// I18N=OFF: Excluded from I18N standards."
^DBTBL("SYSDEV",5,"DBINDX","@PH",113,4)=$C(9)_"set ZNAME=rwrs.getCol(""DBINDX.OPTDESC"")_"" ID"""
^DBTBL("SYSDEV",5,"DBINDX","@PH",113,5)=$C(9)_"// I18N=ON"
^DBTBL("SYSDEV",5,"DBINDX","@PH",114)="6041|@14|11|T||@14|Description"
^DBTBL("SYSDEV",5,"DBINDX","@PH",115)="7001|@15|80|T||@15|@CHR(=,80)"
^DBTBL("SYSDEV",5,"DBINDX","@RS",0)="1,1,1"
^DBTBL("SYSDEV",5,"DBINDX","[SYSDEV,DBINDX]""DI""",0)="3,3,3"
^DBTBL("SYSDEV",5,"DBINDX","[SYSDEV,DBINDX]DBOPT",0)="3,3,3"
^DBTBL("SYSDEV",5,"DBINDX","[SYSDEV,DBINDX]DINAM",0)="3,1,1"
^DBTBL("SYSDEV",5,"DBINDX","[SYSDEV,DBINDX]DINAM",101)="1001|@16|75|T||@16|@CHR(-,75)"
^DBTBL("SYSDEV",5,"DBINDX","[SYSDEV,DBINDX]DINAM",102)="2001|FID|20|T||[SYSDEV,DBINDX]FID|"
^DBTBL("SYSDEV",5,"DBINDX","[SYSDEV,DBINDX]DINAM",103)="2023|FLDESC|40|T||[SYSDEV,DBINDX]FLDESC|"
^DBTBL("SYSDEV",5,"DBINDX","[SYSDEV,DBINDX]FID",0)="3,3,3"
^DBTBL("SYSDEV",5,"DBINDX","[SYSDEV,DBINDX]INDEXID",0)="3,1,1"
^DBTBL("SYSDEV",5,"DBINDX","[SYSDEV,DBINDX]INDEXID",101)="2005|DINAM|20|T||[SYSDEV,DBINDX]DINAM|"
^DBTBL("SYSDEV",5,"DBINDX","[SYSDEV,DBINDX]INDEXID",102)="2027|DIDESC|40|T||[SYSDEV,DBINDX]DIDESC|"
^DBTBL("SYSDEV",5,"DBINDX","[SYSDEV,DBINDX]INDEXID",103)="5023|INDEXID|17|T||[SYSDEV,DBINDX]INDEXID|"
^DBTBL("SYSDEV",5,"DBINDX","[SYSDEV,DBINDX]INDEXID",104)="5041|IDNAME|40|T||[SYSDEV,DBINDX]IDNAME|"
^DBTBL("SYSDEV",5,"DBINDX","[SYSDEV,DBINDX]LIBS",0)="3,3,3"
