^DBTBL("SYSDEV",5,"DBSDOCLST")="Data Item Documentation Listing"
^DBTBL("SYSDEV",5,"DBSDOCLST",-5)="1|1|2|64,0,0,0,0,0|10|11|65|12|3|3;3;0||0|80"
^DBTBL("SYSDEV",5,"DBSDOCLST",0)="TMPRPT2|||0|80|60|0|0|0|4.3||||||1|0|0"
^DBTBL("SYSDEV",5,"DBSDOCLST",1)="[SYSDEV,TMPRPT2]PID|0|1|*|A"
^DBTBL("SYSDEV",5,"DBSDOCLST",2)="[SYSDEV,TMPRPT2]KEY1|0|1|*|A"
^DBTBL("SYSDEV",5,"DBSDOCLST",3)="[SYSDEV,TMPRPT2]KEY2|0|1|*|A"
^DBTBL("SYSDEV",5,"DBSDOCLST",31)="[TMPRPT2]PID = <<%ProcessID>>"
^DBTBL("SYSDEV",5,"DBSDOCLST",31.001)="&<<FID>>/LEN=20/PROMPT=File Name/TAB=[DBTBL1]/REQ=1"
^DBTBL("SYSDEV",5,"DBSDOCLST",51)=$C(9)_"type public String FID, FIDDESC"
^DBTBL("SYSDEV",5,"DBSDOCLST",51.001)=""
^DBTBL("SYSDEV",5,"DBSDOCLST",51.002)=$C(9)_"type String DOCFID"
^DBTBL("SYSDEV",5,"DBSDOCLST",51.003)=""
^DBTBL("SYSDEV",5,"DBSDOCLST",51.004)=$C(9)_"type RecordDBTBL1 dbtbl1 = Db.getRecord(""DBTBL1"", ""%LIBS='SYSDEV',FID=:FID"")"
^DBTBL("SYSDEV",5,"DBSDOCLST",51.005)=""
^DBTBL("SYSDEV",5,"DBSDOCLST",51.006)=$C(9)_"set FIDDESC = FID_"" - ""_dbtbl1.des"
^DBTBL("SYSDEV",5,"DBSDOCLST",51.007)=$C(9)_"set DOCFID = dbtbl1.fdoc"
^DBTBL("SYSDEV",5,"DBSDOCLST",51.008)=""
^DBTBL("SYSDEV",5,"DBSDOCLST",51.009)=$C(9)_"type ResultSet rs = Db.select(""DI"", ""DBTBL1D"", ""%LIBS='SYSDEV' AND FID=:FID"", ""DI ASC"")"
^DBTBL("SYSDEV",5,"DBSDOCLST",51.01)=""
^DBTBL("SYSDEV",5,"DBSDOCLST",51.011)=$C(9)_"while rs.next() do {"
^DBTBL("SYSDEV",5,"DBSDOCLST",51.012)=""
^DBTBL("SYSDEV",5,"DBSDOCLST",51.013)=$C(9,9)_"type Number CNT = 10000"_$C(9,9)_"// Ensure correct collating"
^DBTBL("SYSDEV",5,"DBSDOCLST",51.014)=$C(9,9)_"type String DI = rs.getCol(""DI"")"
^DBTBL("SYSDEV",5,"DBSDOCLST",51.015)=""
^DBTBL("SYSDEV",5,"DBSDOCLST",51.016)=$C(9,9)_"type ResultSet rs2 = Db.select(""SEQ,DOC"", ""DBTBL11D"", ""%LIBS='SYSDEV' AND FID=:DOCFID AND DI=:DI"", ""SEQ ASC"")"
^DBTBL("SYSDEV",5,"DBSDOCLST",51.017)=""
^DBTBL("SYSDEV",5,"DBSDOCLST",51.018)=$C(9,9)_"while rs2.next() do {"
^DBTBL("SYSDEV",5,"DBSDOCLST",51.019)=""
^DBTBL("SYSDEV",5,"DBSDOCLST",51.02)=$C(9,9,9)_"set CNT = CNT + 1"
^DBTBL("SYSDEV",5,"DBSDOCLST",51.021)=$C(9,9,9)_"type RecordTMPRPT2 tmprpt2 = Class.new(""RecordTMPRPT2"", ""PID=:%ProcessID, KEY1=:DI, KEY2=:CNT"")"
^DBTBL("SYSDEV",5,"DBSDOCLST",51.022)=""
^DBTBL("SYSDEV",5,"DBSDOCLST",51.023)=$C(9,9,9)_"set tmprpt2.data = rs2.getCol(""DOC"")"
^DBTBL("SYSDEV",5,"DBSDOCLST",51.024)=$C(9,9,9)_"do tmprpt2.save()"
^DBTBL("SYSDEV",5,"DBSDOCLST",51.025)=$C(9,9)_"}"
^DBTBL("SYSDEV",5,"DBSDOCLST",51.026)=""
^DBTBL("SYSDEV",5,"DBSDOCLST",51.027)=$C(9,9)_"// Add empty record if no documentation for this data item"
^DBTBL("SYSDEV",5,"DBSDOCLST",51.028)=$C(9,9)_"if (CNT = 10000) do {"
^DBTBL("SYSDEV",5,"DBSDOCLST",51.029)=""
^DBTBL("SYSDEV",5,"DBSDOCLST",51.03)=$C(9,9,9)_"type RecordTMPRPT2 tmprpt2 = Class.new(""RecordTMPRPT2"",""PID=:%ProcessID, KEY1=:DI, KEY2=:CNT"")"
^DBTBL("SYSDEV",5,"DBSDOCLST",51.031)=""
^DBTBL("SYSDEV",5,"DBSDOCLST",51.032)=$C(9,9,9)_"do tmprpt2.save()"
^DBTBL("SYSDEV",5,"DBSDOCLST",51.033)=$C(9,9)_"}"
^DBTBL("SYSDEV",5,"DBSDOCLST",51.034)=$C(9)_"}"
^DBTBL("SYSDEV",5,"DBSDOCLST",51.035)=""
^DBTBL("SYSDEV",5,"DBSDOCLST",51.036)=$C(9)_"quit"
^DBTBL("SYSDEV",5,"DBSDOCLST",111)=$C(9)_"do Db.fastDelete(""TMPRPT2"",""PID=:%ProcessID"")"
^DBTBL("SYSDEV",5,"DBSDOCLST","@PH",0)="7,1,1"
^DBTBL("SYSDEV",5,"DBSDOCLST","@PH",101)="1001|@1|40|T||@1|<<$G(CONAM)>>"
^DBTBL("SYSDEV",5,"DBSDOCLST","@PH",102)="1049|@2|9|T||@2|Run Date:"
^DBTBL("SYSDEV",5,"DBSDOCLST","@PH",103)="1059|@3|10|T||@3|<<vrundate>>"
^DBTBL("SYSDEV",5,"DBSDOCLST","@PH",104)="1071|@4|8|T||@4|<<%TIM>>"
^DBTBL("SYSDEV",5,"DBSDOCLST","@PH",105)="2001|@5|40|T||@5|<<RN>>  (<<RID>>)"
^DBTBL("SYSDEV",5,"DBSDOCLST","@PH",106)="2051|@6|7|T||@6|System:"
^DBTBL("SYSDEV",5,"DBSDOCLST","@PH",107)="2059|@7|10|T||@7|<<vsysdate>>"
^DBTBL("SYSDEV",5,"DBSDOCLST","@PH",108)="2071|@8|5|T||@8|Page:"
^DBTBL("SYSDEV",5,"DBSDOCLST","@PH",109)="2077|@9|3|N||@9|<<$J(VPN,3)>>"
^DBTBL("SYSDEV",5,"DBSDOCLST","@PH",110)="4002|@10|50|T||@10|<<FIDDESC>>"
^DBTBL("SYSDEV",5,"DBSDOCLST","@PH",111)="6001|@11|9|T||@11|Data Item"
^DBTBL("SYSDEV",5,"DBSDOCLST","@PH",112)="6023|@12|11|T||@12|Description"
^DBTBL("SYSDEV",5,"DBSDOCLST","@PH",113)="7001|@13|80|T||@13|@CHR(-,80)"
^DBTBL("SYSDEV",5,"DBSDOCLST","@RS",0)="1,1,1"
^DBTBL("SYSDEV",5,"DBSDOCLST","[SYSDEV,TMPRPT2]KEY1",0)="1,3,1"
^DBTBL("SYSDEV",5,"DBSDOCLST","[SYSDEV,TMPRPT2]KEY1",101)="4001|KEY1|20|T||[SYSDEV,TMPRPT2]KEY1|"
^DBTBL("SYSDEV",5,"DBSDOCLST","[SYSDEV,TMPRPT2]KEY1",102)="4023|@14|50|T||@14|<<DIDESC>>||1"
^DBTBL("SYSDEV",5,"DBSDOCLST","[SYSDEV,TMPRPT2]KEY1",102,1)=$C(9)_"type public String DIDESC, FID"
^DBTBL("SYSDEV",5,"DBSDOCLST","[SYSDEV,TMPRPT2]KEY1",102,2)=""
^DBTBL("SYSDEV",5,"DBSDOCLST","[SYSDEV,TMPRPT2]KEY1",102,3)=$C(9)_"type String DI"
^DBTBL("SYSDEV",5,"DBSDOCLST","[SYSDEV,TMPRPT2]KEY1",102,4)=""
^DBTBL("SYSDEV",5,"DBSDOCLST","[SYSDEV,TMPRPT2]KEY1",102,5)=$C(9)_"set DI = rwrs.getCol(""TMPRPT2.KEY1"")"
^DBTBL("SYSDEV",5,"DBSDOCLST","[SYSDEV,TMPRPT2]KEY1",102,6)=""
^DBTBL("SYSDEV",5,"DBSDOCLST","[SYSDEV,TMPRPT2]KEY1",102,7)=$C(9)_"type SchemaColumn colinfo = Db.getSchemaColumn(FID, DI)"
^DBTBL("SYSDEV",5,"DBSDOCLST","[SYSDEV,TMPRPT2]KEY1",102,8)=""
^DBTBL("SYSDEV",5,"DBSDOCLST","[SYSDEV,TMPRPT2]KEY1",102,9)=$C(9)_"set DIDESC = colinfo.description"
^DBTBL("SYSDEV",5,"DBSDOCLST","[SYSDEV,TMPRPT2]KEY1",102,10)=""
^DBTBL("SYSDEV",5,"DBSDOCLST","[SYSDEV,TMPRPT2]KEY1",102,11)=$C(9)_"quit"
^DBTBL("SYSDEV",5,"DBSDOCLST","[SYSDEV,TMPRPT2]KEY2",0)="1,1,1"
^DBTBL("SYSDEV",5,"DBSDOCLST","[SYSDEV,TMPRPT2]KEY2",101)="3003|DATA|78|T||[SYSDEV,TMPRPT2]DATA|"
^DBTBL("SYSDEV",5,"DBSDOCLST","[SYSDEV,TMPRPT2]PID",0)="1,1,1"
