^DBTBL("SYSDEV",5,"DBSDOMREL")="User-Defined Data Type Relationships Rpt"
^DBTBL("SYSDEV",5,"DBSDOMREL",-5)="1|1|0|64,0,0,0,0,0|10|11|39|18|3|||0|132"
^DBTBL("SYSDEV",5,"DBSDOMREL",0)="DBTBL1D,DBTBL1,DBSDOM|||0|132|60|0|0|0|5.0||||||1|0|0|||"
^DBTBL("SYSDEV",5,"DBSDOMREL",1)="[SYSDEV,DBTBL1D]%LIBS|1|1|*|A"
^DBTBL("SYSDEV",5,"DBSDOMREL",2)="[SYSDEV,DBTBL1D]DOM|0|1|*|A"
^DBTBL("SYSDEV",5,"DBSDOMREL",3)="[SYSDEV,DBTBL1D]FID|0|1|*|A"
^DBTBL("SYSDEV",5,"DBSDOMREL",4)="[SYSDEV,DBTBL1D]DI|0|1|*|A"
^DBTBL("SYSDEV",5,"DBSDOMREL",31)="[DBTBL1D]%LIBS=""SYSDEV"""
^DBTBL("SYSDEV",5,"DBSDOMREL",32)="[DBTBL1]SYSSN <<**>>"
^DBTBL("SYSDEV",5,"DBSDOMREL",33)="[DBTBL1D]DOM <<**>>"
^DBTBL("SYSDEV",5,"DBSDOMREL",34)="[DBTBL1D]FID <<**>>"
^DBTBL("SYSDEV",5,"DBSDOMREL",35)="[DBTBL1D]DI <<**>>"
^DBTBL("SYSDEV",5,"DBSDOMREL",91)="The DBSDOMREL report lists the data items referencing a user-defined data type"
^DBTBL("SYSDEV",5,"DBSDOMREL",92)="definition."
^DBTBL("SYSDEV",5,"DBSDOMREL","@PH",0)="7,1,1"
^DBTBL("SYSDEV",5,"DBSDOMREL","@PH",101)="1001|@1|45|T||@1|<<$G(CONAM)>>"
^DBTBL("SYSDEV",5,"DBSDOMREL","@PH",102)="1101|@2|9|T||@2|Run Date:"
^DBTBL("SYSDEV",5,"DBSDOMREL","@PH",103)="1111|@3|10|T||@3|<<vrundate>>"
^DBTBL("SYSDEV",5,"DBSDOMREL","@PH",104)="1124|@4|8|T||@4|<<%TIM>>"
^DBTBL("SYSDEV",5,"DBSDOMREL","@PH",105)="2001|@5|80|T||@5|<<RN>>  (<<RID>>)"
^DBTBL("SYSDEV",5,"DBSDOMREL","@PH",106)="2103|@6|7|T||@6|System:"
^DBTBL("SYSDEV",5,"DBSDOMREL","@PH",107)="2111|@7|10|T||@7|<<vsysdate>>"
^DBTBL("SYSDEV",5,"DBSDOMREL","@PH",108)="2123|@8|5|T||@8|Page:"
^DBTBL("SYSDEV",5,"DBSDOMREL","@PH",109)="2129|@9|3|N||@9|<<VPN,N,3>>"
^DBTBL("SYSDEV",5,"DBSDOMREL","@PH",110)="6012|@11|9|T||@11|File Name"
^DBTBL("SYSDEV",5,"DBSDOMREL","@PH",111)="6027|@12|9|T||@12|Data Item"
^DBTBL("SYSDEV",5,"DBSDOMREL","@PH",112)="6040|@13|11|T||@13|Description"
^DBTBL("SYSDEV",5,"DBSDOMREL","@PH",113)="6080|@14|12|T||@14|Type  Length"
^DBTBL("SYSDEV",5,"DBSDOMREL","@PH",114)="7001|@15|132|T||@15|@CHR(-,132)"
^DBTBL("SYSDEV",5,"DBSDOMREL","@RS",0)="1,1,1"
^DBTBL("SYSDEV",5,"DBSDOMREL","[SYSDEV,DBTBL1D]%LIBS",0)="3,3,3"
^DBTBL("SYSDEV",5,"DBSDOMREL","[SYSDEV,DBTBL1D]DI",0)="3,1,1"
^DBTBL("SYSDEV",5,"DBSDOMREL","[SYSDEV,DBTBL1D]DI",101)="2014|FID|60|T||[SYSDEV,DBTBL1D]FID|"
^DBTBL("SYSDEV",5,"DBSDOMREL","[SYSDEV,DBTBL1D]DI",102)="2080|FIDDES|40|T||[SYSDEV,DBTBL1]DES|"
^DBTBL("SYSDEV",5,"DBSDOMREL","[SYSDEV,DBTBL1D]DI",103)="5003|DI|35|T||[SYSDEV,DBTBL1D]DI|"
^DBTBL("SYSDEV",5,"DBSDOMREL","[SYSDEV,DBTBL1D]DI",104)="5042|DIDESC|40|T||[SYSDEV,DBTBL1D]DES|"
^DBTBL("SYSDEV",5,"DBSDOMREL","[SYSDEV,DBTBL1D]DI",105)="5084|TYPE|1|T||[SYSDEV,DBTBL1D]TYP|"
^DBTBL("SYSDEV",5,"DBSDOMREL","[SYSDEV,DBTBL1D]DI",106)="5087|LEN|4|N||[SYSDEV,DBTBL1D]LEN|"
^DBTBL("SYSDEV",5,"DBSDOMREL","[SYSDEV,DBTBL1D]DOM",0)="3,3,3"
^DBTBL("SYSDEV",5,"DBSDOMREL","[SYSDEV,DBTBL1D]FID",0)="3,1,1"
^DBTBL("SYSDEV",5,"DBSDOMREL","[SYSDEV,DBTBL1D]FID",101)="1003|@16|90|T||@16|------------------------------------------------------------------------------------------"
^DBTBL("SYSDEV",5,"DBSDOMREL","[SYSDEV,DBTBL1D]FID",102)="2003|@17|10|T||@17|Data Type:"
^DBTBL("SYSDEV",5,"DBSDOMREL","[SYSDEV,DBTBL1D]FID",103)="2014|DOM|20|T||[SYSDEV,DBTBL1D]DOM|"
^DBTBL("SYSDEV",5,"DBSDOMREL","[SYSDEV,DBTBL1D]FID",104)="2035|@18|1|T||@18|-"
^DBTBL("SYSDEV",5,"DBSDOMREL","[SYSDEV,DBTBL1D]FID",105)="2037|DOMDES|40|T||[SYSDEV,DBSDOM]DES|"
^DBTBL("SYSDEV",5,"DBSDOMREL","[SYSDEV,DBTBL1D]FID",106)="2084|DOMTYPE|1|T||[SYSDEV,DBSDOM]TYP|"
^DBTBL("SYSDEV",5,"DBSDOMREL","[SYSDEV,DBTBL1D]FID",107)="2087|DOMLEN|4|N||[SYSDEV,DBSDOM]LEN|"
^DBTBL("SYSDEV",5,"DBSDOMREL","[SYSDEV,DBTBL1D]FID",108)="3003|@19|90|T||@19|------------------------------------------------------------------------------------------"
