^DBTBL("SYSDEV",5,"DBSDOMLST")="User-Defined Data Types Report"
^DBTBL("SYSDEV",5,"DBSDOMLST",-5)="3|1|2|64,0,0,0,0,0|10|11|39|5|32|||0|132"
^DBTBL("SYSDEV",5,"DBSDOMLST",0)="DBSDOM|||0|132|60|0|0|0|5.0||||||1|0|0"
^DBTBL("SYSDEV",5,"DBSDOMLST",1)="[SYSDEV,DBSDOM]""SYS""|1|1|1|A"
^DBTBL("SYSDEV",5,"DBSDOMLST",2)="[SYSDEV,DBSDOM]""DOM""|0|0|1|A"
^DBTBL("SYSDEV",5,"DBSDOMLST",3)="[SYSDEV,DBSDOM]SYSSN|1|1|1|A"
^DBTBL("SYSDEV",5,"DBSDOMLST",4)="[SYSDEV,DBSDOM]DOM|1|1|1|A"
^DBTBL("SYSDEV",5,"DBSDOMLST",31)="[DBSDOM]SYSSN <<**>>"
^DBTBL("SYSDEV",5,"DBSDOMLST",32)="[DBSDOM]DOM <<**>>"
^DBTBL("SYSDEV",5,"DBSDOMLST",91)="The DBSDOMLST report lists the attributes associated with a user-defined data"
^DBTBL("SYSDEV",5,"DBSDOMLST",92)="type and whether or not these attributes are protected."
^DBTBL("SYSDEV",5,"DBSDOMLST","@PH",0)="5,1,1"
^DBTBL("SYSDEV",5,"DBSDOMLST","@PH",101)="1001|@1|45|T||@1|<<$G(CONAM)>>"
^DBTBL("SYSDEV",5,"DBSDOMLST","@PH",102)="1101|@2|9|T||@2|Run Date:"
^DBTBL("SYSDEV",5,"DBSDOMLST","@PH",103)="1111|@3|10|T||@3|<<vrundate>>"
^DBTBL("SYSDEV",5,"DBSDOMLST","@PH",104)="1124|@4|8|T||@4|<<%TIM>>"
^DBTBL("SYSDEV",5,"DBSDOMLST","@PH",105)="2001|@5|80|T||@5|<<RN>>  (<<RID>>)"
^DBTBL("SYSDEV",5,"DBSDOMLST","@PH",106)="2103|@6|7|T||@6|System:"
^DBTBL("SYSDEV",5,"DBSDOMLST","@PH",107)="2111|@7|10|T||@7|<<vsysdate>>"
^DBTBL("SYSDEV",5,"DBSDOMLST","@PH",108)="2123|@8|5|T||@8|Page:"
^DBTBL("SYSDEV",5,"DBSDOMLST","@PH",109)="2129|@9|3|N||@9|<<VPN,N,3>>"
^DBTBL("SYSDEV",5,"DBSDOMLST","@PH",110)="4000|@10|8|T||@10|System: "
^DBTBL("SYSDEV",5,"DBSDOMLST","@PH",111)="4010|SYSSN|3|T||[SYSDEV,DBSDOM]SYSSN|"
^DBTBL("SYSDEV",5,"DBSDOMLST","@PH",112)="4019|@11|11|T||@11|Data Type: "
^DBTBL("SYSDEV",5,"DBSDOMLST","@PH",113)="4030|DOM|20|T||[SYSDEV,DBSDOM]DOM|"
^DBTBL("SYSDEV",5,"DBSDOMLST","@PH",114)="5001|@12|132|T||@12|@CHR(-,132)"
^DBTBL("SYSDEV",5,"DBSDOMLST","@RS",0)="1,1,1"
^DBTBL("SYSDEV",5,"DBSDOMLST","[SYSDEV,DBSDOM]""DOM""",0)="3,3,3"
^DBTBL("SYSDEV",5,"DBSDOMLST","[SYSDEV,DBSDOM]""SYS""",0)="3,3,3"
^DBTBL("SYSDEV",5,"DBSDOMLST","[SYSDEV,DBSDOM]%LIBS",0)="3,3,3"
^DBTBL("SYSDEV",5,"DBSDOMLST","[SYSDEV,DBSDOM]DOM",0)="1,19,1"
^DBTBL("SYSDEV",5,"DBSDOMLST","[SYSDEV,DBSDOM]DOM",101)="3007|@13|15|T||@13|Protection Flag"
^DBTBL("SYSDEV",5,"DBSDOMLST","[SYSDEV,DBSDOM]DOM",102)="4019|PRDES|1|L||[SYSDEV,DBSDOM]PRDES|"
^DBTBL("SYSDEV",5,"DBSDOMLST","[SYSDEV,DBSDOM]DOM",103)="4026|@14|11|T||@14|Description"
^DBTBL("SYSDEV",5,"DBSDOMLST","[SYSDEV,DBSDOM]DOM",104)="4049|DES|40|T||[SYSDEV,DBSDOM]DES|"
^DBTBL("SYSDEV",5,"DBSDOMLST","[SYSDEV,DBSDOM]DOM",105)="5019|PRRHD|1|L||[SYSDEV,DBSDOM]PRRHD|"
^DBTBL("SYSDEV",5,"DBSDOMLST","[SYSDEV,DBSDOM]DOM",106)="5026|@15|13|T||@15|Report Header"
^DBTBL("SYSDEV",5,"DBSDOMLST","[SYSDEV,DBSDOM]DOM",107)="5049|RHD|40|T||[SYSDEV,DBSDOM]RHD|"
^DBTBL("SYSDEV",5,"DBSDOMLST","[SYSDEV,DBSDOM]DOM",108)="6019|PRTYP|1|L||[SYSDEV,DBSDOM]PRTYP|"
^DBTBL("SYSDEV",5,"DBSDOMLST","[SYSDEV,DBSDOM]DOM",109)="6026|@16|4|T||@16|Type"
^DBTBL("SYSDEV",5,"DBSDOMLST","[SYSDEV,DBSDOM]DOM",110)="6049|TYP|1|T||[SYSDEV,DBSDOM]TYP|"
^DBTBL("SYSDEV",5,"DBSDOMLST","[SYSDEV,DBSDOM]DOM",111)="7019|PRLEN|1|L||[SYSDEV,DBSDOM]PRLEN|"
^DBTBL("SYSDEV",5,"DBSDOMLST","[SYSDEV,DBSDOM]DOM",112)="7026|@17|6|T||@17|Length"
^DBTBL("SYSDEV",5,"DBSDOMLST","[SYSDEV,DBSDOM]DOM",113)="7049|LEN|5|T||[SYSDEV,DBSDOM]LEN|"
^DBTBL("SYSDEV",5,"DBSDOMLST","[SYSDEV,DBSDOM]DOM",114)="8019|PRSIZ|1|L||[SYSDEV,DBSDOM]PRSIZ|"
^DBTBL("SYSDEV",5,"DBSDOMLST","[SYSDEV,DBSDOM]DOM",115)="8026|@18|7|T||@18|Display"
^DBTBL("SYSDEV",5,"DBSDOMLST","[SYSDEV,DBSDOM]DOM",116)="8049|SIZ|3|T||[SYSDEV,DBSDOM]SIZ|"
^DBTBL("SYSDEV",5,"DBSDOMLST","[SYSDEV,DBSDOM]DOM",117)="9019|PRDEC|1|L||[SYSDEV,DBSDOM]PRDEC|"
^DBTBL("SYSDEV",5,"DBSDOMLST","[SYSDEV,DBSDOM]DOM",118)="9026|@19|7|T||@19|Decimal"
^DBTBL("SYSDEV",5,"DBSDOMLST","[SYSDEV,DBSDOM]DOM",119)="9049|DEC|2|T||[SYSDEV,DBSDOM]DEC|"
^DBTBL("SYSDEV",5,"DBSDOMLST","[SYSDEV,DBSDOM]DOM",120)="10019|PRMIN|1|L||[SYSDEV,DBSDOM]PRMIN|"
^DBTBL("SYSDEV",5,"DBSDOMLST","[SYSDEV,DBSDOM]DOM",121)="10026|@20|7|T||@20|Minimum"
^DBTBL("SYSDEV",5,"DBSDOMLST","[SYSDEV,DBSDOM]DOM",122)="10049|MIN|25|T||[SYSDEV,DBSDOM]MIN|"
^DBTBL("SYSDEV",5,"DBSDOMLST","[SYSDEV,DBSDOM]DOM",123)="11019|PRMAX|1|L||[SYSDEV,DBSDOM]PRMAX|"
^DBTBL("SYSDEV",5,"DBSDOMLST","[SYSDEV,DBSDOM]DOM",124)="11026|@21|7|T||@21|Maximum"
^DBTBL("SYSDEV",5,"DBSDOMLST","[SYSDEV,DBSDOM]DOM",125)="11049|MAX|25|T||[SYSDEV,DBSDOM]MAX|"
^DBTBL("SYSDEV",5,"DBSDOMLST","[SYSDEV,DBSDOM]DOM",126)="12019|PRTBL|1|L||[SYSDEV,DBSDOM]PRTBL|"
^DBTBL("SYSDEV",5,"DBSDOMLST","[SYSDEV,DBSDOM]DOM",127)="12026|@22|5|T||@22|Table"
^DBTBL("SYSDEV",5,"DBSDOMLST","[SYSDEV,DBSDOM]DOM",128)="12049|TBL|80|T||[SYSDEV,DBSDOM]TBL|"
^DBTBL("SYSDEV",5,"DBSDOMLST","[SYSDEV,DBSDOM]DOM",129)="13019|PRDFT|1|L||[SYSDEV,DBSDOM]PRDFT|"
^DBTBL("SYSDEV",5,"DBSDOMLST","[SYSDEV,DBSDOM]DOM",130)="13026|@23|7|T||@23|Default"
^DBTBL("SYSDEV",5,"DBSDOMLST","[SYSDEV,DBSDOM]DOM",131)="13049|DFT|58|T||[SYSDEV,DBSDOM]DFT|"
^DBTBL("SYSDEV",5,"DBSDOMLST","[SYSDEV,DBSDOM]DOM",132)="14019|PRPTN|1|L||[SYSDEV,DBSDOM]PRPTN|"
^DBTBL("SYSDEV",5,"DBSDOMLST","[SYSDEV,DBSDOM]DOM",133)="14026|@24|7|T||@24|Pattern"
^DBTBL("SYSDEV",5,"DBSDOMLST","[SYSDEV,DBSDOM]DOM",134)="14049|PTN|60|T||[SYSDEV,DBSDOM]PTN|"
^DBTBL("SYSDEV",5,"DBSDOMLST","[SYSDEV,DBSDOM]DOM",135)="15019|PRNLV|1|L||[SYSDEV,DBSDOM]PRNLV|"
^DBTBL("SYSDEV",5,"DBSDOMLST","[SYSDEV,DBSDOM]DOM",136)="15026|@25|10|T||@25|Null Value"
^DBTBL("SYSDEV",5,"DBSDOMLST","[SYSDEV,DBSDOM]DOM",137)="15049|NLV|20|T||[SYSDEV,DBSDOM]NLV|"
^DBTBL("SYSDEV",5,"DBSDOMLST","[SYSDEV,DBSDOM]DOM",138)="16019|PRIPF|1|L||[SYSDEV,DBSDOM]PRIPF|"
^DBTBL("SYSDEV",5,"DBSDOMLST","[SYSDEV,DBSDOM]DOM",139)="16026|@26|12|T||@26|Input Filter"
^DBTBL("SYSDEV",5,"DBSDOMLST","[SYSDEV,DBSDOM]DOM",140)="16049|IPF|40|T||[SYSDEV,DBSDOM]IPF|"
^DBTBL("SYSDEV",5,"DBSDOMLST","[SYSDEV,DBSDOM]DOM",141)="17019|PROPF|1|L||[SYSDEV,DBSDOM]PROPF|"
^DBTBL("SYSDEV",5,"DBSDOMLST","[SYSDEV,DBSDOM]DOM",142)="17026|@27|13|T||@27|Output Filter"
^DBTBL("SYSDEV",5,"DBSDOMLST","[SYSDEV,DBSDOM]DOM",143)="17049|OPF|40|T||[SYSDEV,DBSDOM]OPF|"
^DBTBL("SYSDEV",5,"DBSDOMLST","[SYSDEV,DBSDOM]DOM",144)="18019|PRVLD|1|L||[SYSDEV,DBSDOM]PRVLD|"
^DBTBL("SYSDEV",5,"DBSDOMLST","[SYSDEV,DBSDOM]DOM",145)="18026|@28|10|T||@28|Validation"
^DBTBL("SYSDEV",5,"DBSDOMLST","[SYSDEV,DBSDOM]DOM",146)="18049|VLD|70|T||[SYSDEV,DBSDOM]VLD|"
^DBTBL("SYSDEV",5,"DBSDOMLST","[SYSDEV,DBSDOM]DOM",147)="19019|PRMSU|1|L||[SYSDEV,DBSDOM]PRMSU|"
^DBTBL("SYSDEV",5,"DBSDOMLST","[SYSDEV,DBSDOM]DOM",148)="19026|@29|15|T||@29|Unit of Measure"
^DBTBL("SYSDEV",5,"DBSDOMLST","[SYSDEV,DBSDOM]DOM",149)="19049|MSU|1|T||[SYSDEV,DBSDOM]MSU|"
^DBTBL("SYSDEV",5,"DBSDOMLST","[SYSDEV,DBSDOM]DOM",150)="20019|PRMSK|1|L||[SYSDEV,DBSDOM]PRMSK|"
^DBTBL("SYSDEV",5,"DBSDOMLST","[SYSDEV,DBSDOM]DOM",151)="20026|@30|4|T||@30|Mask"
^DBTBL("SYSDEV",5,"DBSDOMLST","[SYSDEV,DBSDOM]DOM",152)="20049|MSK|20|T||[SYSDEV,DBSDOM]MSK|"
^DBTBL("SYSDEV",5,"DBSDOMLST","[SYSDEV,DBSDOM]DOM",153)="21001|@31|132|T||@31|@CHR(-,132)"
^DBTBL("SYSDEV",5,"DBSDOMLST","[SYSDEV,DBSDOM]SYSSN",0)="3,3,3"
