^DBTBL("SYSDEV",5,"DBSFILLST")="Data Dictionary Listing"
^DBTBL("SYSDEV",5,"DBSFILLST",-5)="5|1|2|64,0,0,0,0,0|10|11|65|19|35|||0|132"
^DBTBL("SYSDEV",5,"DBSFILLST",0)="DBTBL1D,DBTBL1|||0|132|60|0|0|0|5.0|||0|||0|0|1"
^DBTBL("SYSDEV",5,"DBSFILLST",1)="[SYSDEV,DBTBL1D]%LIBS||1|*|A"
^DBTBL("SYSDEV",5,"DBSFILLST",2)="[SYSDEV,DBTBL1D]FID||0|*|A"
^DBTBL("SYSDEV",5,"DBSFILLST",3)="[SYSDEV,DBTBL1D]DI|0|1|2|A"
^DBTBL("SYSDEV",5,"DBSFILLST",31)="[DBTBL1D]%LIBS=""SYSDEV"""
^DBTBL("SYSDEV",5,"DBSFILLST",31.001)="[DBTBL1D]FID<<**>>"
^DBTBL("SYSDEV",5,"DBSFILLST",91)=" File definition listing called by routine ^DBSDFR1. This routine"
^DBTBL("SYSDEV",5,"DBSFILLST",92)=" prompts for options for sort, documentation, range for sort, long"
^DBTBL("SYSDEV",5,"DBSFILLST",93)=" or short report and all file names.  The report is run for every file"
^DBTBL("SYSDEV",5,"DBSFILLST",94)=" entered thru this routine."
^DBTBL("SYSDEV",5,"DBSFILLST",111)=$C(9)_"//Incoming=DOC,FID,SORT,vudwhere"
^DBTBL("SYSDEV",5,"DBSFILLST",111.001)=$C(9)_"type Public Number DOC"
^DBTBL("SYSDEV",5,"DBSFILLST",111.002)=$C(9)_"type Public String SORT,vudwhere"
^DBTBL("SYSDEV",5,"DBSFILLST",111.003)=$C(9)_"set DOC=0,SORT="""""
^DBTBL("SYSDEV",5,"DBSFILLST",111.004)=$C(9)_"set vudwhere="""""
^DBTBL("SYSDEV",5,"DBSFILLST",201)=$C(9)_"type Public String SORT,vorder"
^DBTBL("SYSDEV",5,"DBSFILLST",201.001)=$C(9)_"if SORT.get()'="""" set vorder=""DBTBL1D.FID,""_SORT_"",DBTBL1D.DI"""
^DBTBL("SYSDEV",5,"DBSFILLST","@PH",0)="5,1,1"
^DBTBL("SYSDEV",5,"DBSFILLST","@PH",101)="1001|@1|45|T||@1|<<$G(CONAM)>>"
^DBTBL("SYSDEV",5,"DBSFILLST","@PH",102)="1101|@2|9|T||@2|Run Date:"
^DBTBL("SYSDEV",5,"DBSFILLST","@PH",103)="1111|@3|10|T||@3|<<vrundate>>"
^DBTBL("SYSDEV",5,"DBSFILLST","@PH",104)="1124|@4|8|T||@4|<<%TIM>>"
^DBTBL("SYSDEV",5,"DBSFILLST","@PH",105)="2001|@5|45|T||@5|<<RN>>  (<<RID>>)"
^DBTBL("SYSDEV",5,"DBSFILLST","@PH",106)="2103|@6|7|T||@6|System:"
^DBTBL("SYSDEV",5,"DBSFILLST","@PH",107)="2111|@7|10|T||@7|<<vsysdate>>"
^DBTBL("SYSDEV",5,"DBSFILLST","@PH",108)="2123|@8|5|T||@8|Page:"
^DBTBL("SYSDEV",5,"DBSFILLST","@PH",109)="2129|@9|3|N||@9|<<$J(VPN,3)>>"
^DBTBL("SYSDEV",5,"DBSFILLST","@PH",110)="4001|@10|46|T||@10|Data Item            Field     Pos Description"
^DBTBL("SYSDEV",5,"DBSFILLST","@PH",111)="4076|@11|14|T||@11|Size Type Dec "
^DBTBL("SYSDEV",5,"DBSFILLST","@PH",112)="4090|@12|3|T||@12|Req"
^DBTBL("SYSDEV",5,"DBSFILLST","@PH",113)="5001|@13|132|T||@13|@CHR(=,132)"
^DBTBL("SYSDEV",5,"DBSFILLST","@RS",0)="1,1,1"
^DBTBL("SYSDEV",5,"DBSFILLST","[SYSDEV,DBTBL1D]%LIBS",0)="3,3,3"
^DBTBL("SYSDEV",5,"DBSFILLST","[SYSDEV,DBTBL1D]1",0)="3,3,3"
^DBTBL("SYSDEV",5,"DBSFILLST","[SYSDEV,DBTBL1D]9",0)="3,3,3"
^DBTBL("SYSDEV",5,"DBSFILLST","[SYSDEV,DBTBL1D]DI",0)="12,3,1"
^DBTBL("SYSDEV",5,"DBSFILLST","[SYSDEV,DBTBL1D]DI",26)="10-13,14-16"
^DBTBL("SYSDEV",5,"DBSFILLST","[SYSDEV,DBTBL1D]DI",101)="1001|@14|132|T||@14|@CHR(-,132)"
^DBTBL("SYSDEV",5,"DBSFILLST","[SYSDEV,DBTBL1D]DI",102)="2001|FID|70|T||[SYSDEV,DBTBL1D]FID|"
^DBTBL("SYSDEV",5,"DBSFILLST","[SYSDEV,DBTBL1D]DI",103)="3014|DES|31|T||[SYSDEV,DBTBL1]DES|"
^DBTBL("SYSDEV",5,"DBSFILLST","[SYSDEV,DBTBL1D]DI",104)="3046|@15|7|T||@15|Global:"
^DBTBL("SYSDEV",5,"DBSFILLST","[SYSDEV,DBTBL1D]DI",105)="3054|GLOBAL|8|T||[SYSDEV,DBTBL1]GLOBAL|"
^DBTBL("SYSDEV",5,"DBSFILLST","[SYSDEV,DBTBL1D]DI",106)="3064|@16|10|T||@16|File Type:"
^DBTBL("SYSDEV",5,"DBSFILLST","[SYSDEV,DBTBL1D]DI",107)="3075|FILETYP|1|N||[SYSDEV,DBTBL1]FILETYP|"
^DBTBL("SYSDEV",5,"DBSFILLST","[SYSDEV,DBTBL1D]DI",108)="3078|@17|12|T||@17|Record Type:"
^DBTBL("SYSDEV",5,"DBSFILLST","[SYSDEV,DBTBL1D]DI",109)="3091|RECTYP|2|N||[SYSDEV,DBTBL1]RECTYP|"
^DBTBL("SYSDEV",5,"DBSFILLST","[SYSDEV,DBTBL1D]DI",110)="3095|@18|10|T||@18|Delimiter:"
^DBTBL("SYSDEV",5,"DBSFILLST","[SYSDEV,DBTBL1D]DI",111)="3106|DEL|3|N||[SYSDEV,DBTBL1]DEL|"
^DBTBL("SYSDEV",5,"DBSFILLST","[SYSDEV,DBTBL1D]DI",112)="3111|@19|9|T||@19|Location:"
^DBTBL("SYSDEV",5,"DBSFILLST","[SYSDEV,DBTBL1D]DI",113)="3121|@20|11|T||@20|<<ZZLOC>>||1"
^DBTBL("SYSDEV",5,"DBSFILLST","[SYSDEV,DBTBL1D]DI",113,1)=$C(9)_"type Public String NETLOC,ZZLOC"
^DBTBL("SYSDEV",5,"DBSFILLST","[SYSDEV,DBTBL1D]DI",113,2)=$C(9)_"// I18N=OFF: Excluded from I18N standards."
^DBTBL("SYSDEV",5,"DBSFILLST","[SYSDEV,DBTBL1D]DI",113,3)=$C(9)_"set ZZLOC="""""
^DBTBL("SYSDEV",5,"DBSFILLST","[SYSDEV,DBTBL1D]DI",113,4)=$C(9)_"if rwrs.getCol(""DBTBL1.NETLOC"")+0=0 set ZZLOC=""Server Only"" quit "
^DBTBL("SYSDEV",5,"DBSFILLST","[SYSDEV,DBTBL1D]DI",113,5)=$C(9)_"if rwrs.getCol(""DBTBL1.NETLOC"")=1 set ZZLOC=""Client Only"" quit "
^DBTBL("SYSDEV",5,"DBSFILLST","[SYSDEV,DBTBL1D]DI",113,6)=$C(9)_"if rwrs.getCol(""DBTBL1.NETLOC"")=2 set ZZLOC=""Client and Server"" quit "
^DBTBL("SYSDEV",5,"DBSFILLST","[SYSDEV,DBTBL1D]DI",113,7)=$C(9)_"// I18N=ON"
^DBTBL("SYSDEV",5,"DBSFILLST","[SYSDEV,DBTBL1D]DI",114)="4042|@21|11|T||@21|Short Name:"
^DBTBL("SYSDEV",5,"DBSFILLST","[SYSDEV,DBTBL1D]DI",115)="4054|FSN|8|T||[SYSDEV,DBTBL1]FSN|"
^DBTBL("SYSDEV",5,"DBSFILLST","[SYSDEV,DBTBL1D]DI",116)="4065|@22|9|T||@22|File Doc:"
^DBTBL("SYSDEV",5,"DBSFILLST","[SYSDEV,DBTBL1D]DI",117)="4075|FDOC|11|T||[SYSDEV,DBTBL1]FDOC|"
^DBTBL("SYSDEV",5,"DBSFILLST","[SYSDEV,DBTBL1D]DI",118)="4090|@23|20|T||@23|Supertype File Name:"
^DBTBL("SYSDEV",5,"DBSFILLST","[SYSDEV,DBTBL1D]DI",119)="4111|PARFID|12|T||[SYSDEV,DBTBL1]PARFID|"
^DBTBL("SYSDEV",5,"DBSFILLST","[SYSDEV,DBTBL1D]DI",120)="5040|@24|13|T||@24|Primary Keys:"
^DBTBL("SYSDEV",5,"DBSFILLST","[SYSDEV,DBTBL1D]DI",121)="5054|ACCKEYS|78|T||[SYSDEV,DBTBL1]ACCKEYS|"
^DBTBL("SYSDEV",5,"DBSFILLST","[SYSDEV,DBTBL1D]DI",122)="6039|@25|14|T||@25|Filer Routine:"
^DBTBL("SYSDEV",5,"DBSFILLST","[SYSDEV,DBTBL1D]DI",123)="6054|UDFILE|8|T||[SYSDEV,DBTBL1]UDFILE|"
^DBTBL("SYSDEV",5,"DBSFILLST","[SYSDEV,DBTBL1D]DI",124)="6065|@26|15|T||@26|Access Routine:"
^DBTBL("SYSDEV",5,"DBSFILLST","[SYSDEV,DBTBL1D]DI",125)="6081|UDACC|8|T||[SYSDEV,DBTBL1]UDACC|"
^DBTBL("SYSDEV",5,"DBSFILLST","[SYSDEV,DBTBL1D]DI",126)="7039|@27|14|T||@27|Look-up Table:"
^DBTBL("SYSDEV",5,"DBSFILLST","[SYSDEV,DBTBL1D]DI",127)="7054|DFTDES|78|T||[SYSDEV,DBTBL1]DFTDES|"
^DBTBL("SYSDEV",5,"DBSFILLST","[SYSDEV,DBTBL1D]DI",128)="8047|@28|6|T||@28|Query:"
^DBTBL("SYSDEV",5,"DBSFILLST","[SYSDEV,DBTBL1D]DI",129)="8054|QID1|78|T||[SYSDEV,DBTBL1]QID1|"
^DBTBL("SYSDEV",5,"DBSFILLST","[SYSDEV,DBTBL1D]DI",130)="9001|@29|132|T||@29|@CHR(-,132)"
^DBTBL("SYSDEV",5,"DBSFILLST","[SYSDEV,DBTBL1D]DI",131)="10032|@30|80|T||@30|@CHR(-,80)|1"
^DBTBL("SYSDEV",5,"DBSFILLST","[SYSDEV,DBTBL1D]DI",131,21)=$C(9)_"type Public String DOC,V,VL"
^DBTBL("SYSDEV",5,"DBSFILLST","[SYSDEV,DBTBL1D]DI",131,22)=$C(9)_"if 'DOC set (V,VL)="""""
^DBTBL("SYSDEV",5,"DBSFILLST","[SYSDEV,DBTBL1D]DI",132)="11032|@31|80|T||@31|<<DC2>>||1"
^DBTBL("SYSDEV",5,"DBSFILLST","[SYSDEV,DBTBL1D]DI",132,1)=$C(9)_"type Public Number DOC,IOSL,verror,VFMQ,VLC"
^DBTBL("SYSDEV",5,"DBSFILLST","[SYSDEV,DBTBL1D]DI",132,2)=$C(9)_"type Public String DC2,VL"
^DBTBL("SYSDEV",5,"DBSFILLST","[SYSDEV,DBTBL1D]DI",132,3)=$C(9)_"type String FID"
^DBTBL("SYSDEV",5,"DBSFILLST","[SYSDEV,DBTBL1D]DI",132,4)=$C(9)_"if 'DOC set DC2="""" quit"
^DBTBL("SYSDEV",5,"DBSFILLST","[SYSDEV,DBTBL1D]DI",132,5)=$C(9)_"set verror=0"
^DBTBL("SYSDEV",5,"DBSFILLST","[SYSDEV,DBTBL1D]DI",132,6)=$C(9)_"set FID=rwrs.getCol(""DBTBL1D.FID"")"
^DBTBL("SYSDEV",5,"DBSFILLST","[SYSDEV,DBTBL1D]DI",132,7)=$C(9)_"// I18N=OFF"
^DBTBL("SYSDEV",5,"DBSFILLST","[SYSDEV,DBTBL1D]DI",132,8)=$C(9)_"type ResultSet rs=Db.select(""DES"",""DBTBL1TBLDOC"",""%LIBS='SYSDEV' AND FID=:FID"")"
^DBTBL("SYSDEV",5,"DBSFILLST","[SYSDEV,DBTBL1D]DI",132,9)=$C(9)_"if 'rs.isEmpty() do {"
^DBTBL("SYSDEV",5,"DBSFILLST","[SYSDEV,DBTBL1D]DI",132,10)=$C(9,9)_"while rs.next() do { quit:verror"
^DBTBL("SYSDEV",5,"DBSFILLST","[SYSDEV,DBTBL1D]DI",132,11)=$C(9,9,9)_"set DC2=rs.getRow().toString()"
^DBTBL("SYSDEV",5,"DBSFILLST","[SYSDEV,DBTBL1D]DI",132,12)=$C(9,9,9)_"set VL=$J("""",32)_DC2"
^DBTBL("SYSDEV",5,"DBSFILLST","[SYSDEV,DBTBL1D]DI",132,13)=$C(9,9,9)_"if VLC+1>IOSL do {"
^DBTBL("SYSDEV",5,"DBSFILLST","[SYSDEV,DBTBL1D]DI",132,14)=$C(9,9,9,9)_"do VHDG0"
^DBTBL("SYSDEV",5,"DBSFILLST","[SYSDEV,DBTBL1D]DI",132,15)=$C(9,9,9,9)_"if VFMQ set verror=1"
^DBTBL("SYSDEV",5,"DBSFILLST","[SYSDEV,DBTBL1D]DI",132,16)=$C(9,9,9,9)_"}"
^DBTBL("SYSDEV",5,"DBSFILLST","[SYSDEV,DBTBL1D]DI",132,17)=$C(9,9,9)_"else  do VOM"
^DBTBL("SYSDEV",5,"DBSFILLST","[SYSDEV,DBTBL1D]DI",132,18)=$C(9,9,9)_"}"
^DBTBL("SYSDEV",5,"DBSFILLST","[SYSDEV,DBTBL1D]DI",132,19)=$C(9,9)_"}"
^DBTBL("SYSDEV",5,"DBSFILLST","[SYSDEV,DBTBL1D]DI",132,20)=$C(9)_"set DC2="""""
^DBTBL("SYSDEV",5,"DBSFILLST","[SYSDEV,DBTBL1D]DI",133)="12032|@32|80|T||@32|@CHR(-,80)|1"
^DBTBL("SYSDEV",5,"DBSFILLST","[SYSDEV,DBTBL1D]DI",133,21)=$C(9)_"type Public String DOC,V,VL"
^DBTBL("SYSDEV",5,"DBSFILLST","[SYSDEV,DBTBL1D]DI",133,22)=$C(9)_"if 'DOC set (V,VL)="""""
^DBTBL("SYSDEV",5,"DBSFILLST","[SYSDEV,DBTBL1D]DI",134)="14001|DI|80|T||[SYSDEV,DBTBL1D]DI|"
^DBTBL("SYSDEV",5,"DBSFILLST","[SYSDEV,DBTBL1D]DI",135)="15022|NOD|10|T||[SYSDEV,DBTBL1D]NOD|||1"
^DBTBL("SYSDEV",5,"DBSFILLST","[SYSDEV,DBTBL1D]DI",135,1)=$C(9)_"type Public String V"
^DBTBL("SYSDEV",5,"DBSFILLST","[SYSDEV,DBTBL1D]DI",135,2)=$C(9)_"if V="""" quit "
^DBTBL("SYSDEV",5,"DBSFILLST","[SYSDEV,DBTBL1D]DI",135,3)=$C(9)_"if V[""*"" set V=$J(V,10) quit "
^DBTBL("SYSDEV",5,"DBSFILLST","[SYSDEV,DBTBL1D]DI",135,4)=$C(9)_"set V=$J(V,10)"
^DBTBL("SYSDEV",5,"DBSFILLST","[SYSDEV,DBTBL1D]DI",136)="15033|POS|2|N||[SYSDEV,DBTBL1D]POS|"
^DBTBL("SYSDEV",5,"DBSFILLST","[SYSDEV,DBTBL1D]DI",137)="15036|DES|40|T||[SYSDEV,DBTBL1D]DES|"
^DBTBL("SYSDEV",5,"DBSFILLST","[SYSDEV,DBTBL1D]DI",138)="15077|LEN|2|N||[SYSDEV,DBTBL1D]LEN|"
^DBTBL("SYSDEV",5,"DBSFILLST","[SYSDEV,DBTBL1D]DI",139)="15081|TYP|3|T||[SYSDEV,DBTBL1D]TYP|"
^DBTBL("SYSDEV",5,"DBSFILLST","[SYSDEV,DBTBL1D]DI",140)="15086|DEC|2|N||[SYSDEV,DBTBL1D]DEC|"
^DBTBL("SYSDEV",5,"DBSFILLST","[SYSDEV,DBTBL1D]DI",141)="15090|REQ|1|L||[SYSDEV,DBTBL1D]REQ|"
^DBTBL("SYSDEV",5,"DBSFILLST","[SYSDEV,DBTBL1D]DI",142)="15092|@33|40|T||@33|<<ZEXTRA>>|1|1"
^DBTBL("SYSDEV",5,"DBSFILLST","[SYSDEV,DBTBL1D]DI",142,1)=$C(9)_"type Public String ZEXTRA"
^DBTBL("SYSDEV",5,"DBSFILLST","[SYSDEV,DBTBL1D]DI",142,2)=$C(9)_"set ZEXTRA="""""
^DBTBL("SYSDEV",5,"DBSFILLST","[SYSDEV,DBTBL1D]DI",142,21)=$C(9)_"type Public Number verror"
^DBTBL("SYSDEV",5,"DBSFILLST","[SYSDEV,DBTBL1D]DI",142,21.001)=$C(9)_"type Public String VL,ZEXTRA"
^DBTBL("SYSDEV",5,"DBSFILLST","[SYSDEV,DBTBL1D]DI",142,21.002)=$C(9)_"type Number ZI"
^DBTBL("SYSDEV",5,"DBSFILLST","[SYSDEV,DBTBL1D]DI",142,21.003)=$C(9)_"type String CODE(),TYPE,Z"
^DBTBL("SYSDEV",5,"DBSFILLST","[SYSDEV,DBTBL1D]DI",142,21.004)=$C(9)_"set verror=0"
^DBTBL("SYSDEV",5,"DBSFILLST","[SYSDEV,DBTBL1D]DI",142,21.005)=$C(9)_"set ZEXTRA="""""
^DBTBL("SYSDEV",5,"DBSFILLST","[SYSDEV,DBTBL1D]DI",142,21.006)=$C(9)_"set TYPE=""Computed,Table,Default,Pattern,Minimum,Maximum,Scr_pre,Scr_pos,"""
^DBTBL("SYSDEV",5,"DBSFILLST","[SYSDEV,DBTBL1D]DI",142,21.007)=$C(9)_"set TYPE=TYPE_""Entry_pre,Entry_pos,MDD,DOMAIN"""
^DBTBL("SYSDEV",5,"DBSFILLST","[SYSDEV,DBTBL1D]DI",142,21.008)=$C(9)_"set CODE(1)=rwrs.getCol(""DBTBL1D.CMP"")"
^DBTBL("SYSDEV",5,"DBSFILLST","[SYSDEV,DBTBL1D]DI",142,21.009)=$C(9)_"set CODE(2)=rwrs.getCol(""DBTBL1D.TBL"")"
^DBTBL("SYSDEV",5,"DBSFILLST","[SYSDEV,DBTBL1D]DI",142,21.01)=$C(9)_"set CODE(3)=rwrs.getCol(""DBTBL1D.DFT"")"
^DBTBL("SYSDEV",5,"DBSFILLST","[SYSDEV,DBTBL1D]DI",142,21.011)=$C(9)_"set CODE(4)=rwrs.getCol(""DBTBL1D.PTN"")"
^DBTBL("SYSDEV",5,"DBSFILLST","[SYSDEV,DBTBL1D]DI",142,21.012)=$C(9)_"set CODE(5)=rwrs.getCol(""DBTBL1D.MIN"")"
^DBTBL("SYSDEV",5,"DBSFILLST","[SYSDEV,DBTBL1D]DI",142,21.013)=$C(9)_"set CODE(6)=rwrs.getCol(""DBTBL1D.MAX"")"
^DBTBL("SYSDEV",5,"DBSFILLST","[SYSDEV,DBTBL1D]DI",142,21.014)=$C(9)_"set CODE(7)=rwrs.getCol(""DBTBL1D.XPR"")"
^DBTBL("SYSDEV",5,"DBSFILLST","[SYSDEV,DBTBL1D]DI",142,21.015)=$C(9)_"set CODE(8)=rwrs.getCol(""DBTBL1D.XPO"")"
^DBTBL("SYSDEV",5,"DBSFILLST","[SYSDEV,DBTBL1D]DI",142,21.016)=$C(9)_"set CODE(9)=rwrs.getCol(""DBTBL1D.DEPREP"")"
^DBTBL("SYSDEV",5,"DBSFILLST","[SYSDEV,DBTBL1D]DI",142,21.017)=$C(9)_"set CODE(10)=rwrs.getCol(""DBTBL1D.DEPOSTP"")"
^DBTBL("SYSDEV",5,"DBSFILLST","[SYSDEV,DBTBL1D]DI",142,21.018)=$C(9)_"set CODE(11)=rwrs.getCol(""DBTBL1D.MDD"")"
^DBTBL("SYSDEV",5,"DBSFILLST","[SYSDEV,DBTBL1D]DI",142,21.019)=$C(9)_"set CODE(12)=rwrs.getCol(""DBTBL1D.DOM"")"
^DBTBL("SYSDEV",5,"DBSFILLST","[SYSDEV,DBTBL1D]DI",142,21.02)=$C(9)_"set CODE(13)="""""
^DBTBL("SYSDEV",5,"DBSFILLST","[SYSDEV,DBTBL1D]DI",142,21.021)=$C(9)_"//I18N=OFF"
^DBTBL("SYSDEV",5,"DBSFILLST","[SYSDEV,DBTBL1D]DI",142,21.022)=$C(9)_"if rwrs.getCol(""DBTBL1D.SFD"")'="""" do {"
^DBTBL("SYSDEV",5,"DBSFILLST","[SYSDEV,DBTBL1D]DI",142,21.023)=$C(9,9)_"set Z=rwrs.getCol(""DBTBL1D.SFD"")"
^DBTBL("SYSDEV",5,"DBSFILLST","[SYSDEV,DBTBL1D]DI",142,21.024)=$C(9,9)_"set Z="" Sub-field ""_$C($P(Z,""~"",2))_$P(Z,""~"",4)"
^DBTBL("SYSDEV",5,"DBSFILLST","[SYSDEV,DBTBL1D]DI",142,21.025)=$C(9,9)_"set CODE(13)=Z"
^DBTBL("SYSDEV",5,"DBSFILLST","[SYSDEV,DBTBL1D]DI",142,21.026)=$C(9,9)_"}"
^DBTBL("SYSDEV",5,"DBSFILLST","[SYSDEV,DBTBL1D]DI",142,21.027)=$C(9)_"//I18N=ON"
^DBTBL("SYSDEV",5,"DBSFILLST","[SYSDEV,DBTBL1D]DI",142,21.028)=$C(9)_"for ZI=1:1:13 set Z=CODE(ZI) if Z'="""" do { quit:verror"
^DBTBL("SYSDEV",5,"DBSFILLST","[SYSDEV,DBTBL1D]DI",142,21.029)=$C(9,9)_"type String X"
^DBTBL("SYSDEV",5,"DBSFILLST","[SYSDEV,DBTBL1D]DI",142,21.03)=$C(9,9)_"set X=""  ""_$J($P(TYPE,"","",ZI),9)_"": ""_Z"
^DBTBL("SYSDEV",5,"DBSFILLST","[SYSDEV,DBTBL1D]DI",142,21.031)=$C(9,9)_"if VL'="""",$L(X)>41 do ZPNT quit:verror "_$C(9)
^DBTBL("SYSDEV",5,"DBSFILLST","[SYSDEV,DBTBL1D]DI",142,21.032)=$C(9,9)_"if VL="""" set VL=$J("""",89)"
^DBTBL("SYSDEV",5,"DBSFILLST","[SYSDEV,DBTBL1D]DI",142,21.033)=$C(9,9)_"set VL=VL_X if $L(VL)>132 set VL=$E(VL,$L(VL)-131,999)"
^DBTBL("SYSDEV",5,"DBSFILLST","[SYSDEV,DBTBL1D]DI",142,21.034)=$C(9,9)_"do ZPNT"
^DBTBL("SYSDEV",5,"DBSFILLST","[SYSDEV,DBTBL1D]DI",142,21.035)=$C(9,9)_"}"
^DBTBL("SYSDEV",5,"DBSFILLST","[SYSDEV,DBTBL1D]DI",142,21.036)=$C(9)_"quit"
^DBTBL("SYSDEV",5,"DBSFILLST","[SYSDEV,DBTBL1D]DI",142,21.037)="ZPNT //"
^DBTBL("SYSDEV",5,"DBSFILLST","[SYSDEV,DBTBL1D]DI",142,21.038)=$C(9)_"type Public Number IOSL,verror,VFMQ,VLC"
^DBTBL("SYSDEV",5,"DBSFILLST","[SYSDEV,DBTBL1D]DI",142,21.039)=$C(9)_"if VLC+1'>IOSL do VOM quit "
^DBTBL("SYSDEV",5,"DBSFILLST","[SYSDEV,DBTBL1D]DI",142,21.04)=$C(9)_"do VHDG0 if VFMQ set verror=1 quit "
^DBTBL("SYSDEV",5,"DBSFILLST","[SYSDEV,DBTBL1D]DI",142,21.041)=$C(9)_"quit "
^DBTBL("SYSDEV",5,"DBSFILLST","[SYSDEV,DBTBL1D]DI",143)="16032|@34|80|T||@34|<<DC>>||1"
^DBTBL("SYSDEV",5,"DBSFILLST","[SYSDEV,DBTBL1D]DI",143,1)=$C(9)_"type Public Number DOC,IOSL,verror,VFMQ,VLC"
^DBTBL("SYSDEV",5,"DBSFILLST","[SYSDEV,DBTBL1D]DI",143,1.001)=$C(9)_"type Public String DC,VL"
^DBTBL("SYSDEV",5,"DBSFILLST","[SYSDEV,DBTBL1D]DI",143,1.002)=$C(9)_"type String FID,DI"
^DBTBL("SYSDEV",5,"DBSFILLST","[SYSDEV,DBTBL1D]DI",143,1.003)=$C(9)_"if 'DOC set DC="""" quit"
^DBTBL("SYSDEV",5,"DBSFILLST","[SYSDEV,DBTBL1D]DI",143,1.004)=$C(9)_"set FID=rwrs.getCol(""DBTBL1.FDOC"")"
^DBTBL("SYSDEV",5,"DBSFILLST","[SYSDEV,DBTBL1D]DI",143,1.005)=$C(9)_"set DI=rwrs.getCol(""DBTBL1D.DI"")"
^DBTBL("SYSDEV",5,"DBSFILLST","[SYSDEV,DBTBL1D]DI",143,1.006)=$C(9)_"set verror=0"
^DBTBL("SYSDEV",5,"DBSFILLST","[SYSDEV,DBTBL1D]DI",143,1.007)=$C(9)_"// I18N=OFF"
^DBTBL("SYSDEV",5,"DBSFILLST","[SYSDEV,DBTBL1D]DI",143,1.008)=$C(9)_"type ResultSet rs=Db.select(""DOC"",""DBTBL11D"",""%LIBS='SYSDEV' AND FID=:FID AND DI=:DI"")"
^DBTBL("SYSDEV",5,"DBSFILLST","[SYSDEV,DBTBL1D]DI",143,1.009)=$C(9)_"if 'rs.isEmpty() do {"
^DBTBL("SYSDEV",5,"DBSFILLST","[SYSDEV,DBTBL1D]DI",143,1.01)=$C(9,9)_"set VL="""" do VOM"_$C(9)_"// Blank line"
^DBTBL("SYSDEV",5,"DBSFILLST","[SYSDEV,DBTBL1D]DI",143,1.011)=$C(9,9)_"while rs.next() do { quit:verror"
^DBTBL("SYSDEV",5,"DBSFILLST","[SYSDEV,DBTBL1D]DI",143,1.012)=$C(9,9,9)_"set DC=rs.getRow().toString()"
^DBTBL("SYSDEV",5,"DBSFILLST","[SYSDEV,DBTBL1D]DI",143,1.013)=$C(9,9,9)_"set VL=$J("""",32)_DC"
^DBTBL("SYSDEV",5,"DBSFILLST","[SYSDEV,DBTBL1D]DI",143,1.014)=$C(9,9,9)_"if VLC+1>IOSL do {"
^DBTBL("SYSDEV",5,"DBSFILLST","[SYSDEV,DBTBL1D]DI",143,1.015)=$C(9,9,9,9)_"do VHDG0"
^DBTBL("SYSDEV",5,"DBSFILLST","[SYSDEV,DBTBL1D]DI",143,1.016)=$C(9,9,9,9)_"if VFMQ set verror=1"
^DBTBL("SYSDEV",5,"DBSFILLST","[SYSDEV,DBTBL1D]DI",143,1.017)=$C(9,9,9,9)_"}"
^DBTBL("SYSDEV",5,"DBSFILLST","[SYSDEV,DBTBL1D]DI",143,1.018)=$C(9,9,9)_"else  do VOM"
^DBTBL("SYSDEV",5,"DBSFILLST","[SYSDEV,DBTBL1D]DI",143,1.019)=$C(9,9,9)_"}"
^DBTBL("SYSDEV",5,"DBSFILLST","[SYSDEV,DBTBL1D]DI",143,1.02)=$C(9,9)_"set VL="""""
^DBTBL("SYSDEV",5,"DBSFILLST","[SYSDEV,DBTBL1D]DI",143,1.021)=$C(9,9)_"if VLC+2'>IOSL do VOM"_$C(9,9,9)_"// Blank line"
^DBTBL("SYSDEV",5,"DBSFILLST","[SYSDEV,DBTBL1D]DI",143,1.022)=$C(9,9)_"}"
^DBTBL("SYSDEV",5,"DBSFILLST","[SYSDEV,DBTBL1D]DI",143,1.023)=$C(9)_"set DC="""""
^DBTBL("SYSDEV",5,"DBSFILLST","[SYSDEV,DBTBL1D]FID",0)="1,3,1"
