^DBTBL("SYSDEV",5,"DBSFKLST1")="List Foreign Key Defn by Foreign Key"
^DBTBL("SYSDEV",5,"DBSFKLST1",-5)="1|1|2|64,0,0,0,0,0|10|11|65|7|16|||0|132"
^DBTBL("SYSDEV",5,"DBSFKLST1",0)="DBTBL1F,DBTBL1|||0|132|60|0|0|0|V5.2|||0|||1|0|0"
^DBTBL("SYSDEV",5,"DBSFKLST1",1)="[SYSDEV,DBTBL1F]%LIBS|1|1|*|A"
^DBTBL("SYSDEV",5,"DBSFKLST1",2)="[SYSDEV,DBTBL1F]19|1|1|*|A"
^DBTBL("SYSDEV",5,"DBSFKLST1",3)="[SYSDEV,DBTBL1F]TBLREF|0|1|*|A"
^DBTBL("SYSDEV",5,"DBSFKLST1",4)="[SYSDEV,DBTBL1F]FID|0|1|*|A"
^DBTBL("SYSDEV",5,"DBSFKLST1",5)="[SYSDEV,DBTBL1F]FKEYS|||*|A"
^DBTBL("SYSDEV",5,"DBSFKLST1",31)="[DBTBL1F]TBLREF <<**>>"
^DBTBL("SYSDEV",5,"DBSFKLST1","@PH",0)="6,1,1"
^DBTBL("SYSDEV",5,"DBSFKLST1","@PH",101)="1001|@1|45|T||@1|<<$G(CONAM)>>"
^DBTBL("SYSDEV",5,"DBSFKLST1","@PH",102)="1101|@2|9|T||@2|Run Date:"
^DBTBL("SYSDEV",5,"DBSFKLST1","@PH",103)="1111|@3|10|T||@3|<<vrundate>>"
^DBTBL("SYSDEV",5,"DBSFKLST1","@PH",104)="1124|@4|8|T||@4|<<%TIM>>"
^DBTBL("SYSDEV",5,"DBSFKLST1","@PH",105)="2001|@5|80|T||@5|<<RN>>  (<<RID>>)"
^DBTBL("SYSDEV",5,"DBSFKLST1","@PH",106)="2103|@6|7|T||@6|System:"
^DBTBL("SYSDEV",5,"DBSFKLST1","@PH",107)="2111|@7|10|T||@7|<<vsysdate>>"
^DBTBL("SYSDEV",5,"DBSFKLST1","@PH",108)="2123|@8|5|T||@8|Page:"
^DBTBL("SYSDEV",5,"DBSFKLST1","@PH",109)="2129|@9|3|N||@9|<<VPN,N,3>>"
^DBTBL("SYSDEV",5,"DBSFKLST1","@PH",110)="4003|@10|7|T||@10|Foreign"
^DBTBL("SYSDEV",5,"DBSFKLST1","@PH",111)="5002|@11|10|T||@11| File Name"
^DBTBL("SYSDEV",5,"DBSFKLST1","@PH",112)="5012|@12|5|T||@12|(Key)"
^DBTBL("SYSDEV",5,"DBSFKLST1","@PH",113)="5023|@13|21|T||@13|Foreign Key Reference"
^DBTBL("SYSDEV",5,"DBSFKLST1","@PH",114)="5067|@14|9|T||@14|File Name"
^DBTBL("SYSDEV",5,"DBSFKLST1","@PH",115)="5105|@15|10|T||@15|Constraint"
^DBTBL("SYSDEV",5,"DBSFKLST1","@PH",116)="6001|@16|132|T||@16|@CHR(-,132)"
^DBTBL("SYSDEV",5,"DBSFKLST1","@RS",0)="1,1,1"
^DBTBL("SYSDEV",5,"DBSFKLST1","[SYSDEV,DBTBL1F]%LIBS",0)="3,3,3"
^DBTBL("SYSDEV",5,"DBSFKLST1","[SYSDEV,DBTBL1F]19",0)="3,3,3"
^DBTBL("SYSDEV",5,"DBSFKLST1","[SYSDEV,DBTBL1F]FID",0)="3,3,3"
^DBTBL("SYSDEV",5,"DBSFKLST1","[SYSDEV,DBTBL1F]FKEYS",0)="1,3,1"
^DBTBL("SYSDEV",5,"DBSFKLST1","[SYSDEV,DBTBL1F]FKEYS",101)="1003|@17|30|T||@17|<<zref>>||1"
^DBTBL("SYSDEV",5,"DBSFKLST1","[SYSDEV,DBTBL1F]FKEYS",101,1)=$C(9)_"type Public String zref"
^DBTBL("SYSDEV",5,"DBSFKLST1","[SYSDEV,DBTBL1F]FKEYS",101,1.001)=""
^DBTBL("SYSDEV",5,"DBSFKLST1","[SYSDEV,DBTBL1F]FKEYS",101,1.002)=$C(9)_"set zref=rwrs.getCol(""DBTBL1F.TBLREF"")_"" (""_rwrs.getCol(""DBTBL1F.PKEYS"")_"")"""
^DBTBL("SYSDEV",5,"DBSFKLST1","[SYSDEV,DBTBL1F]FKEYS",102)="3023|DES|40|T||[SYSDEV,DBTBL1]DES|"
^DBTBL("SYSDEV",5,"DBSFKLST1","[SYSDEV,DBTBL1F]FKEYS",103)="3067|FID|35|T||[SYSDEV,DBTBL1F]FID|"
^DBTBL("SYSDEV",5,"DBSFKLST1","[SYSDEV,DBTBL1F]FKEYS",104)="3105|@18|9|T||@18|Update : "
^DBTBL("SYSDEV",5,"DBSFKLST1","[SYSDEV,DBTBL1F]FKEYS",105)="3114|UPD|1|N||[SYSDEV,DBTBL1F]UPD|"
^DBTBL("SYSDEV",5,"DBSFKLST1","[SYSDEV,DBTBL1F]FKEYS",106)="3118|@19|12|T||@19|@TBL([DBTBL1F]UPD)"
^DBTBL("SYSDEV",5,"DBSFKLST1","[SYSDEV,DBTBL1F]FKEYS",107)="4105|@20|9|T||@20|Delete : "
^DBTBL("SYSDEV",5,"DBSFKLST1","[SYSDEV,DBTBL1F]FKEYS",108)="4114|DEL|1|N||[SYSDEV,DBTBL1F]DEL|"
^DBTBL("SYSDEV",5,"DBSFKLST1","[SYSDEV,DBTBL1F]FKEYS",109)="4118|@21|12|T||@21|@TBL([DBTBL1F]DEL)"
^DBTBL("SYSDEV",5,"DBSFKLST1","[SYSDEV,DBTBL1F]TBLREF",0)="3,3,3"
