^DBTBL("SYSDEV",5,"DBSJRNLST")="Journal File Definition Report"
^DBTBL("SYSDEV",5,"DBSJRNLST",-5)="1|1|0|64,0,0,0,0,0|10|11|65|4|1|||0|132"
^DBTBL("SYSDEV",5,"DBSJRNLST",0)="DBTBL9D,DBTBL9|||0|132|60|0|0|0|5.0|||0|||1|0|0|||"
^DBTBL("SYSDEV",5,"DBSJRNLST",1)="[SYSDEV,DBTBL9D]%LIBS|1|1|*|A"
^DBTBL("SYSDEV",5,"DBSJRNLST",2)="[SYSDEV,DBTBL9D]9|1|1|*|A"
^DBTBL("SYSDEV",5,"DBSJRNLST",3)="[SYSDEV,DBTBL9D]PRITABLE|1|1|*|A"
^DBTBL("SYSDEV",5,"DBSJRNLST",4)="[SYSDEV,DBTBL9D]JRNID|1|1|*|A"
^DBTBL("SYSDEV",5,"DBSJRNLST",5)="[SYSDEV,DBTBL9D]COLNAM|0|1|*|A"
^DBTBL("SYSDEV",5,"DBSJRNLST",31)="[DBTBL9D]%LIBS = <<%LIBS>>"
^DBTBL("SYSDEV",5,"DBSJRNLST",32)="[DBTBL9D]PRITABLE <<**>>"
^DBTBL("SYSDEV",5,"DBSJRNLST",33)="[DBTBL9D]JRNID <<**>>"
^DBTBL("SYSDEV",5,"DBSJRNLST",34)="[DBTBL9]SUBTABLE <<**>>"
^DBTBL("SYSDEV",5,"DBSJRNLST",35)="[DBTBL9]TRANTYPE <<**>>"
^DBTBL("SYSDEV",5,"DBSJRNLST",36)="[DBTBL9]MODE <<**>>"
^DBTBL("SYSDEV",5,"DBSJRNLST",37)="[DBTBL9]EFD <<**>>"
^DBTBL("SYSDEV",5,"DBSJRNLST","@PH",0)="2,1,1"
^DBTBL("SYSDEV",5,"DBSJRNLST","@PH",101)="1001|@1|45|T||@1|<<$G(CONAM)>>"
^DBTBL("SYSDEV",5,"DBSJRNLST","@PH",102)="1101|@2|9|T||@2|Run Date:"
^DBTBL("SYSDEV",5,"DBSJRNLST","@PH",103)="1111|@3|10|T||@3|<<vrundate>>"
^DBTBL("SYSDEV",5,"DBSJRNLST","@PH",104)="1124|@4|8|T||@4|<<%TIM>>"
^DBTBL("SYSDEV",5,"DBSJRNLST","@PH",105)="2001|@5|45|T||@5|<<RN>>  (<<RID>>)"
^DBTBL("SYSDEV",5,"DBSJRNLST","@PH",106)="2103|@6|7|T||@6|System:"
^DBTBL("SYSDEV",5,"DBSJRNLST","@PH",107)="2111|@7|10|T||@7|<<vsysdate>>"
^DBTBL("SYSDEV",5,"DBSJRNLST","@PH",108)="2123|@8|5|T||@8|Page:"
^DBTBL("SYSDEV",5,"DBSJRNLST","@PH",109)="2129|@9|3|N||@9|<<$J(VPN,3)>>"
^DBTBL("SYSDEV",5,"DBSJRNLST","@RS",0)="1,1,1"
^DBTBL("SYSDEV",5,"DBSJRNLST","[SYSDEV,DBTBL9D]%LIBS",0)="3,3,3"
^DBTBL("SYSDEV",5,"DBSJRNLST","[SYSDEV,DBTBL9D]9",0)="1,3,1"
^DBTBL("SYSDEV",5,"DBSJRNLST","[SYSDEV,DBTBL9D]COLNAM",0)="11,1,1"
^DBTBL("SYSDEV",5,"DBSJRNLST","[SYSDEV,DBTBL9D]COLNAM",101)="1010|@10|14|T||@10|Primary Table:"
^DBTBL("SYSDEV",5,"DBSJRNLST","[SYSDEV,DBTBL9D]COLNAM",102)="1025|PRITABLE|12|T||[SYSDEV,DBTBL9D]PRITABLE|"
^DBTBL("SYSDEV",5,"DBSJRNLST","[SYSDEV,DBTBL9D]COLNAM",103)="1046|@11|2|T||@11|- "
^DBTBL("SYSDEV",5,"DBSJRNLST","[SYSDEV,DBTBL9D]COLNAM",104)="1048|PTBLDES|40|T||[SYSDEV,DBTBL9]PTBLDES|"
^DBTBL("SYSDEV",5,"DBSJRNLST","[SYSDEV,DBTBL9D]COLNAM",105)="1097|@12|14|T||@12|Last Updated: "
^DBTBL("SYSDEV",5,"DBSJRNLST","[SYSDEV,DBTBL9D]COLNAM",106)="1111|TLD|10|D||[SYSDEV,DBTBL9]TLD|"
^DBTBL("SYSDEV",5,"DBSJRNLST","[SYSDEV,DBTBL9D]COLNAM",107)="2010|@13|14|T||@13|Journal Table:"
^DBTBL("SYSDEV",5,"DBSJRNLST","[SYSDEV,DBTBL9D]COLNAM",108)="2025|SUBTABLE|12|T||[SYSDEV,DBTBL9]SUBTABLE|"
^DBTBL("SYSDEV",5,"DBSJRNLST","[SYSDEV,DBTBL9D]COLNAM",109)="2046|@14|1|T||@14|-"
^DBTBL("SYSDEV",5,"DBSJRNLST","[SYSDEV,DBTBL9D]COLNAM",110)="2048|SUBTBLDE|40|T||[SYSDEV,DBTBL9]SUBTBLDE|"
^DBTBL("SYSDEV",5,"DBSJRNLST","[SYSDEV,DBTBL9D]COLNAM",111)="2102|@15|8|T||@15|By User:"
^DBTBL("SYSDEV",5,"DBSJRNLST","[SYSDEV,DBTBL9D]COLNAM",112)="2111|USER|20|T||[SYSDEV,DBTBL9]USER|"
^DBTBL("SYSDEV",5,"DBSJRNLST","[SYSDEV,DBTBL9D]COLNAM",113)="3011|@16|13|T||@16|Journal Name:"
^DBTBL("SYSDEV",5,"DBSJRNLST","[SYSDEV,DBTBL9D]COLNAM",114)="3025|JRNID|20|T||[SYSDEV,DBTBL9D]JRNID|"
^DBTBL("SYSDEV",5,"DBSJRNLST","[SYSDEV,DBTBL9D]COLNAM",115)="3046|@17|1|T||@17|-"
^DBTBL("SYSDEV",5,"DBSJRNLST","[SYSDEV,DBTBL9D]COLNAM",116)="3048|DES|40|T||[SYSDEV,DBTBL9]DES|"
^DBTBL("SYSDEV",5,"DBSJRNLST","[SYSDEV,DBTBL9D]COLNAM",117)="5007|@18|17|T||@18|Transaction Type:"
^DBTBL("SYSDEV",5,"DBSJRNLST","[SYSDEV,DBTBL9D]COLNAM",118)="5025|@19|30|T||@19|<<ztype>>||1"
^DBTBL("SYSDEV",5,"DBSJRNLST","[SYSDEV,DBTBL9D]COLNAM",118,1)=$C(9)_"type Public String ztype"
^DBTBL("SYSDEV",5,"DBSJRNLST","[SYSDEV,DBTBL9D]COLNAM",118,1.001)=""
^DBTBL("SYSDEV",5,"DBSJRNLST","[SYSDEV,DBTBL9D]COLNAM",118,1.002)=$C(9)_"// Convert F,O,B to financial, online and batch"
^DBTBL("SYSDEV",5,"DBSJRNLST","[SYSDEV,DBTBL9D]COLNAM",118,1.003)=$C(9)_"new i,type,x"
^DBTBL("SYSDEV",5,"DBSJRNLST","[SYSDEV,DBTBL9D]COLNAM",118,1.004)=$C(9)_"set ztype="""" set type=rwrs.getCol(""DBTBL9.TRANTYPE"")"
^DBTBL("SYSDEV",5,"DBSJRNLST","[SYSDEV,DBTBL9D]COLNAM",118,1.005)=$C(9)_"for i=1:1:$L(type,"","") do {"
^DBTBL("SYSDEV",5,"DBSJRNLST","[SYSDEV,DBTBL9D]COLNAM",118,1.006)=$C(9,9)_"set x=$P(type,"","",i)"
^DBTBL("SYSDEV",5,"DBSJRNLST","[SYSDEV,DBTBL9D]COLNAM",118,1.007)=$C(9,9)_"set ztype=ztype_"",""_$S(x=""F"":""Financial"",x=""O"":""Online"",x=""B"":""Batch"",1:"""")"
^DBTBL("SYSDEV",5,"DBSJRNLST","[SYSDEV,DBTBL9D]COLNAM",118,1.008)=$C(9,9)_"}"
^DBTBL("SYSDEV",5,"DBSJRNLST","[SYSDEV,DBTBL9D]COLNAM",118,1.009)=$C(9)_"set ztype=$E(ztype,2,99)"
^DBTBL("SYSDEV",5,"DBSJRNLST","[SYSDEV,DBTBL9D]COLNAM",119)="5058|@20|17|T||@20|Processing Mode: "
^DBTBL("SYSDEV",5,"DBSJRNLST","[SYSDEV,DBTBL9D]COLNAM",120)="5075|@21|25|T||@21|<<zmode>>||1"
^DBTBL("SYSDEV",5,"DBSJRNLST","[SYSDEV,DBTBL9D]COLNAM",120,1)=$C(9)_"type Public String zmode"
^DBTBL("SYSDEV",5,"DBSJRNLST","[SYSDEV,DBTBL9D]COLNAM",120,1.001)=""
^DBTBL("SYSDEV",5,"DBSJRNLST","[SYSDEV,DBTBL9D]COLNAM",120,1.002)=$C(9)_"// Convert I,U,D to INSERT, UPDATE and DELETE"
^DBTBL("SYSDEV",5,"DBSJRNLST","[SYSDEV,DBTBL9D]COLNAM",120,1.003)=$C(9)_"new i,mode,x"
^DBTBL("SYSDEV",5,"DBSJRNLST","[SYSDEV,DBTBL9D]COLNAM",120,1.004)=$C(9)_"set zmode="""" set mode=rwrs.getCol(""DBTBL9.MODE"")"
^DBTBL("SYSDEV",5,"DBSJRNLST","[SYSDEV,DBTBL9D]COLNAM",120,1.005)=$C(9)_"for i=1:1:$L(mode,"","") do {"
^DBTBL("SYSDEV",5,"DBSJRNLST","[SYSDEV,DBTBL9D]COLNAM",120,1.006)=$C(9,9)_"set x=$P(mode,"","",i)"
^DBTBL("SYSDEV",5,"DBSJRNLST","[SYSDEV,DBTBL9D]COLNAM",120,1.007)=$C(9,9)_"set zmode=zmode_"",""_$S(x=""I"":""Insert"",x=""U"":""Update"",x=""D"":""Delete"",1:"""")"
^DBTBL("SYSDEV",5,"DBSJRNLST","[SYSDEV,DBTBL9D]COLNAM",120,1.008)=$C(9,9)_"}"
^DBTBL("SYSDEV",5,"DBSJRNLST","[SYSDEV,DBTBL9D]COLNAM",120,1.009)=$C(9)_"set zmode=$E(zmode,2,99)"
^DBTBL("SYSDEV",5,"DBSJRNLST","[SYSDEV,DBTBL9D]COLNAM",121)="5102|@22|12|T||@22|EFD Option: "
^DBTBL("SYSDEV",5,"DBSJRNLST","[SYSDEV,DBTBL9D]COLNAM",122)="5114|@23|12|T||@23|<<zefd>>||1"
^DBTBL("SYSDEV",5,"DBSJRNLST","[SYSDEV,DBTBL9D]COLNAM",122,1)=$C(9)_"type Public String zefd"
^DBTBL("SYSDEV",5,"DBSJRNLST","[SYSDEV,DBTBL9D]COLNAM",122,1.001)=""
^DBTBL("SYSDEV",5,"DBSJRNLST","[SYSDEV,DBTBL9D]COLNAM",122,1.002)=$C(9)_"// Convert N,E to NON-EFD and EFD"
^DBTBL("SYSDEV",5,"DBSJRNLST","[SYSDEV,DBTBL9D]COLNAM",122,1.003)=$C(9)_"new i,v,z"
^DBTBL("SYSDEV",5,"DBSJRNLST","[SYSDEV,DBTBL9D]COLNAM",122,1.004)=$C(9)_"set zefd="""" set v=rwrs.getCol(""DBTBL9.EFD"")"
^DBTBL("SYSDEV",5,"DBSJRNLST","[SYSDEV,DBTBL9D]COLNAM",122,1.005)=$C(9)_"for i=1:1:$L(v,"","") do {"
^DBTBL("SYSDEV",5,"DBSJRNLST","[SYSDEV,DBTBL9D]COLNAM",122,1.006)=$C(9,9)_"set z=$P(v,"","",i)"
^DBTBL("SYSDEV",5,"DBSJRNLST","[SYSDEV,DBTBL9D]COLNAM",122,1.007)=$C(9,9)_"set zefd=zefd_"",""_$S(z=""N"":""Non-EFD"",z=""E"":""EFD"",1:"""")"
^DBTBL("SYSDEV",5,"DBSJRNLST","[SYSDEV,DBTBL9D]COLNAM",122,1.008)=$C(9,9)_"}"
^DBTBL("SYSDEV",5,"DBSJRNLST","[SYSDEV,DBTBL9D]COLNAM",122,1.009)=$C(9)_"set zefd=$E(zefd,2,99)"
^DBTBL("SYSDEV",5,"DBSJRNLST","[SYSDEV,DBTBL9D]COLNAM",123)="6008|@24|16|T||@24|Include Columns:"
^DBTBL("SYSDEV",5,"DBSJRNLST","[SYSDEV,DBTBL9D]COLNAM",124)="6025|INCOLUMN|100|T||[SYSDEV,DBTBL9]INCOLUMN|"
^DBTBL("SYSDEV",5,"DBSJRNLST","[SYSDEV,DBTBL9D]COLNAM",125)="7008|@25|16|T||@25|Exclude Columns:"
^DBTBL("SYSDEV",5,"DBSJRNLST","[SYSDEV,DBTBL9D]COLNAM",126)="7025|EXCOLUMN|100|T||[SYSDEV,DBTBL9]EXCOLUMN|"
^DBTBL("SYSDEV",5,"DBSJRNLST","[SYSDEV,DBTBL9D]COLNAM",127)="8008|@26|16|T||@26|Query Condition:"
^DBTBL("SYSDEV",5,"DBSJRNLST","[SYSDEV,DBTBL9D]COLNAM",128)="8025|QUERY1|100|T||[SYSDEV,DBTBL9]QUERY1|"
^DBTBL("SYSDEV",5,"DBSJRNLST","[SYSDEV,DBTBL9D]COLNAM",129)="9025|QUERY2|100|T||[SYSDEV,DBTBL9]QUERY2|"
^DBTBL("SYSDEV",5,"DBSJRNLST","[SYSDEV,DBTBL9D]COLNAM",130)="10002|@27|11|T||@27|Column Name"
^DBTBL("SYSDEV",5,"DBSJRNLST","[SYSDEV,DBTBL9D]COLNAM",131)="10016|@28|11|T||@28|Description"
^DBTBL("SYSDEV",5,"DBSJRNLST","[SYSDEV,DBTBL9D]COLNAM",132)="10058|@29|18|T||@29|Mapping Definition"
^DBTBL("SYSDEV",5,"DBSJRNLST","[SYSDEV,DBTBL9D]COLNAM",133)="11001|@30|132|T||@30|@CHR(=,132)"
^DBTBL("SYSDEV",5,"DBSJRNLST","[SYSDEV,DBTBL9D]COLNAM",134)="13002|COLNAM|12|T||[SYSDEV,DBTBL9D]COLNAM|"
^DBTBL("SYSDEV",5,"DBSJRNLST","[SYSDEV,DBTBL9D]COLNAM",135)="13016|COLDES|40|T||[SYSDEV,DBTBL9D]COLDES|"
^DBTBL("SYSDEV",5,"DBSJRNLST","[SYSDEV,DBTBL9D]COLNAM",136)="13058|MAP|74|T||[SYSDEV,DBTBL9D]MAP|"
^DBTBL("SYSDEV",5,"DBSJRNLST","[SYSDEV,DBTBL9D]DI1",0)="1,2,1"
^DBTBL("SYSDEV",5,"DBSJRNLST","[SYSDEV,DBTBL9D]ITEM",0)="4,1,1"
^DBTBL("SYSDEV",5,"DBSJRNLST","[SYSDEV,DBTBL9D]JRNFILE",0)="1,1,1"
^DBTBL("SYSDEV",5,"DBSJRNLST","[SYSDEV,DBTBL9D]JRNID",0)="3,3,3"
^DBTBL("SYSDEV",5,"DBSJRNLST","[SYSDEV,DBTBL9D]LIBS",0)="1,1,1"
^DBTBL("SYSDEV",5,"DBSJRNLST","[SYSDEV,DBTBL9D]PRITABLE",0)="3,3,3"
^DBTBL("SYSDEV",5,"DBSJRNLST","[SYSDEV,DBTBL9D]PSFILE",0)="3,3,3"
