^DBTBL("SYSDEV",5,"DBSMDDLST")="Master Data Dictionary Listing"
^DBTBL("SYSDEV",5,"DBSMDDLST",-5)="1|1|2|64,0,0,0,0,0|10|11|39|16|117|||0|132"
^DBTBL("SYSDEV",5,"DBSMDDLST",0)="DBTBL1D|||0|132|60|0|0|0|5.0||||||1|0|1"
^DBTBL("SYSDEV",5,"DBSMDDLST",1)="[SYSDEV,DBTBL1D]%LIBS|1|1|*|A"
^DBTBL("SYSDEV",5,"DBSMDDLST",2)="[SYSDEV,DBTBL1D]""MDD""|0|1|*|A"
^DBTBL("SYSDEV",5,"DBSMDDLST",3)="[SYSDEV,DBTBL1D]MDDFID|1|1|*|A"
^DBTBL("SYSDEV",5,"DBSMDDLST",4)="[SYSDEV,DBTBL1D]MDD|0|1|*|A"
^DBTBL("SYSDEV",5,"DBSMDDLST",5)="[SYSDEV,DBTBL1D]FID|0|1|*|A"
^DBTBL("SYSDEV",5,"DBSMDDLST",6)="[SYSDEV,DBTBL1D]DI|0|1|*|A"
^DBTBL("SYSDEV",5,"DBSMDDLST",31)="[DBTBL1D]%LIBS = ""SYSDEV"""
^DBTBL("SYSDEV",5,"DBSMDDLST",31.001)="&<<VERIFY>>/PRO=Verification Report Only/LEN=1/FOR=L"
^DBTBL("SYSDEV",5,"DBSMDDLST",31.002)="[DBTBL1D]MDDFID <<**/PRO=MDD Name/TAB=[DBTBL1D]MDDFID:DISTINCT:QU ""[DBTBL1D]%LIBS=""SYSDEV"""">>"
^DBTBL("SYSDEV",5,"DBSMDDLST",31.003)="[DBTBL1D]MDD <<**/TAB=>>"
^DBTBL("SYSDEV",5,"DBSMDDLST",31.004)="[DBTBL1D]MDDFID '= """""
^DBTBL("SYSDEV",5,"DBSMDDLST",31.005)="[DBTBL1D]MDD '= """""
^DBTBL("SYSDEV",5,"DBSMDDLST",51)=$C(9)_"type Public String VERCNT"
^DBTBL("SYSDEV",5,"DBSMDDLST",51.001)=""
^DBTBL("SYSDEV",5,"DBSMDDLST",51.002)=$C(9)_"set VERCNT=0"
^DBTBL("SYSDEV",5,"DBSMDDLST",91)="The DBSMDDLST report lists all data items linked to (or referencing) the data"
^DBTBL("SYSDEV",5,"DBSMDDLST",92)="items in the master data dictionary."
^DBTBL("SYSDEV",5,"DBSMDDLST","@PH",0)="8,1,1"
^DBTBL("SYSDEV",5,"DBSMDDLST","@PH",101)="1001|@1|45|T||@1|<<$G(CONAM)>>"
^DBTBL("SYSDEV",5,"DBSMDDLST","@PH",102)="1101|@2|9|T||@2|Run Date:"
^DBTBL("SYSDEV",5,"DBSMDDLST","@PH",103)="1111|@3|10|T||@3|<<vrundate>>"
^DBTBL("SYSDEV",5,"DBSMDDLST","@PH",104)="1124|@4|8|T||@4|<<%TIM>>"
^DBTBL("SYSDEV",5,"DBSMDDLST","@PH",105)="2001|@5|80|T||@5|<<RN>>  (<<RID>>)"
^DBTBL("SYSDEV",5,"DBSMDDLST","@PH",106)="2103|@6|7|T||@6|System:"
^DBTBL("SYSDEV",5,"DBSMDDLST","@PH",107)="2111|@7|10|T||@7|<<vsysdate>>"
^DBTBL("SYSDEV",5,"DBSMDDLST","@PH",108)="2123|@8|5|T||@8|Page:"
^DBTBL("SYSDEV",5,"DBSMDDLST","@PH",109)="2129|@9|3|N||@9|<<VPN,N,3>>"
^DBTBL("SYSDEV",5,"DBSMDDLST","@PH",110)="4002|@10|9|T||@10|MDD Name:"
^DBTBL("SYSDEV",5,"DBSMDDLST","@PH",111)="4013|MDDFID|12|T||[SYSDEV,DBTBL1D]MDDFID|"
^DBTBL("SYSDEV",5,"DBSMDDLST","@PH",112)="4028|@11|40|T||@11|<<MDDFDES>>||1"
^DBTBL("SYSDEV",5,"DBSMDDLST","@PH",112,1)=$C(9)_"type public String MDDFDES"
^DBTBL("SYSDEV",5,"DBSMDDLST","@PH",112,2)=""
^DBTBL("SYSDEV",5,"DBSMDDLST","@PH",112,3)=$C(9)_"type String MDDFID"
^DBTBL("SYSDEV",5,"DBSMDDLST","@PH",112,4)=""
^DBTBL("SYSDEV",5,"DBSMDDLST","@PH",112,5)=$C(9)_"set MDDFID = rwrs.getCol(""DBTBL1D.MDDFID"")"
^DBTBL("SYSDEV",5,"DBSMDDLST","@PH",112,6)=""
^DBTBL("SYSDEV",5,"DBSMDDLST","@PH",112,7)=$C(9)_"type RecordDBTBL1 dbtbl1 = Db.getRecord(""DBTBL1"", ""%LIBS='SYSDEV',FID=:MDDFID"", 1)"
^DBTBL("SYSDEV",5,"DBSMDDLST","@PH",112,8)=""
^DBTBL("SYSDEV",5,"DBSMDDLST","@PH",112,9)=$C(9)_"set MDDFDES = dbtbl1.des"
^DBTBL("SYSDEV",5,"DBSMDDLST","@PH",112,10)=""
^DBTBL("SYSDEV",5,"DBSMDDLST","@PH",112,11)=$C(9)_"quit"
^DBTBL("SYSDEV",5,"DBSMDDLST","@PH",113)="6007|@12|13|T||@12|MDD Reference"
^DBTBL("SYSDEV",5,"DBSMDDLST","@PH",114)="7003|@13|9|T||@13|File Name"
^DBTBL("SYSDEV",5,"DBSMDDLST","@PH",115)="7030|@14|9|T||@14|Data Item"
^DBTBL("SYSDEV",5,"DBSMDDLST","@PH",116)="7051|@15|11|T||@15|Description"
^DBTBL("SYSDEV",5,"DBSMDDLST","@PH",117)="7091|@16|4|T||@16|Type"
^DBTBL("SYSDEV",5,"DBSMDDLST","@PH",118)="7097|@17|6|T||@17|Length"
^DBTBL("SYSDEV",5,"DBSMDDLST","@PH",119)="7107|@18|3|T||@18|Dec"
^DBTBL("SYSDEV",5,"DBSMDDLST","@PH",120)="7115|@19|10|T||@19|Error Flag"
^DBTBL("SYSDEV",5,"DBSMDDLST","@PH",121)="8001|@20|132|T||@20|@CHR(-,132)"
^DBTBL("SYSDEV",5,"DBSMDDLST","@RS",0)="2,1,1"
^DBTBL("SYSDEV",5,"DBSMDDLST","@RS",101)="2087|@26|27|T||@26|Total Verification Errors: "
^DBTBL("SYSDEV",5,"DBSMDDLST","@RS",102)="2115|@27|5|N||@27|<<VERCNT,N,5>>"
^DBTBL("SYSDEV",5,"DBSMDDLST","[SYSDEV,DBTBL1D]""MDD""",0)="3,3,3"
^DBTBL("SYSDEV",5,"DBSMDDLST","[SYSDEV,DBTBL1D]%LIBS",0)="3,3,3"
^DBTBL("SYSDEV",5,"DBSMDDLST","[SYSDEV,DBTBL1D]DI",0)="1,1,1"
^DBTBL("SYSDEV",5,"DBSMDDLST","[SYSDEV,DBTBL1D]DI",26)=3
^DBTBL("SYSDEV",5,"DBSMDDLST","[SYSDEV,DBTBL1D]DI",101)="3003|FID|25|T||[SYSDEV,DBTBL1D]FID|"
^DBTBL("SYSDEV",5,"DBSMDDLST","[SYSDEV,DBTBL1D]DI",102)="3030|DI|20|T||[SYSDEV,DBTBL1D]DI|"
^DBTBL("SYSDEV",5,"DBSMDDLST","[SYSDEV,DBTBL1D]DI",103)="3051|DES|40|T||[SYSDEV,DBTBL1D]DES|"
^DBTBL("SYSDEV",5,"DBSMDDLST","[SYSDEV,DBTBL1D]DI",104)="3094|TYP|1|T||[SYSDEV,DBTBL1D]TYP|"
^DBTBL("SYSDEV",5,"DBSMDDLST","[SYSDEV,DBTBL1D]DI",105)="3098|LEN|4|N||[SYSDEV,DBTBL1D]LEN|"
^DBTBL("SYSDEV",5,"DBSMDDLST","[SYSDEV,DBTBL1D]DI",106)="3108|DEC|2|N||[SYSDEV,DBTBL1D]DEC|"
^DBTBL("SYSDEV",5,"DBSMDDLST","[SYSDEV,DBTBL1D]DI",107)="3115|@25|1|T||@25|<<verify>>||1"
^DBTBL("SYSDEV",5,"DBSMDDLST","[SYSDEV,DBTBL1D]DI",107,1)=$C(9)_"type public Boolean VERIFY"
^DBTBL("SYSDEV",5,"DBSMDDLST","[SYSDEV,DBTBL1D]DI",107,2)=$C(9)_"type public Number MDDDEC, MDDLEN, VERCNT"
^DBTBL("SYSDEV",5,"DBSMDDLST","[SYSDEV,DBTBL1D]DI",107,3)=$C(9)_"type public String MDDDESC, MDDTYPE, verify, VL"
^DBTBL("SYSDEV",5,"DBSMDDLST","[SYSDEV,DBTBL1D]DI",107,4)=""
^DBTBL("SYSDEV",5,"DBSMDDLST","[SYSDEV,DBTBL1D]DI",107,5)=$C(9)_"set verify = ""*"""
^DBTBL("SYSDEV",5,"DBSMDDLST","[SYSDEV,DBTBL1D]DI",107,6)=$C(9)_"if MDDDESC = rwrs.getCol(""DBTBL1D.DES""), MDDLEN = rwrs.getCol(""DBTBL1D.LEN""), MDDTYPE = rwrs.getCol(""DBTBL1D.TYP""), MDDDEC = rwrs.getCol(""DBTBL1D.DEC"") do {"
^DBTBL("SYSDEV",5,"DBSMDDLST","[SYSDEV,DBTBL1D]DI",107,7)=$C(9,9)_"set verify = """""
^DBTBL("SYSDEV",5,"DBSMDDLST","[SYSDEV,DBTBL1D]DI",107,8)=$C(9,9)_"if VERIFY.get() set VL = """""_$C(9)_"// Suppress print line"
^DBTBL("SYSDEV",5,"DBSMDDLST","[SYSDEV,DBTBL1D]DI",107,9)=$C(9)_"}"
^DBTBL("SYSDEV",5,"DBSMDDLST","[SYSDEV,DBTBL1D]DI",107,10)=$C(9)_"else  do {"
^DBTBL("SYSDEV",5,"DBSMDDLST","[SYSDEV,DBTBL1D]DI",107,11)=""
^DBTBL("SYSDEV",5,"DBSMDDLST","[SYSDEV,DBTBL1D]DI",107,12)=$C(9,9)_"set verify = ""*"""
^DBTBL("SYSDEV",5,"DBSMDDLST","[SYSDEV,DBTBL1D]DI",107,13)=$C(9,9)_"set VERCNT = VERCNT + 1"
^DBTBL("SYSDEV",5,"DBSMDDLST","[SYSDEV,DBTBL1D]DI",107,14)=$C(9)_"}"
^DBTBL("SYSDEV",5,"DBSMDDLST","[SYSDEV,DBTBL1D]DI",107,15)=""
^DBTBL("SYSDEV",5,"DBSMDDLST","[SYSDEV,DBTBL1D]DI",107,16)=$C(9)_"quit "
^DBTBL("SYSDEV",5,"DBSMDDLST","[SYSDEV,DBTBL1D]FID",0)="3,1,1"
^DBTBL("SYSDEV",5,"DBSMDDLST","[SYSDEV,DBTBL1D]FID",101)="2007|MDD|12|T||[SYSDEV,DBTBL1D]MDD|"
^DBTBL("SYSDEV",5,"DBSMDDLST","[SYSDEV,DBTBL1D]FID",102)="2051|@21|40|T||@21|<<MDDDESC>>||1"
^DBTBL("SYSDEV",5,"DBSMDDLST","[SYSDEV,DBTBL1D]FID",102,1)=$C(9)_"type public Number MDDDEC, MDDLEN"
^DBTBL("SYSDEV",5,"DBSMDDLST","[SYSDEV,DBTBL1D]FID",102,2)=$C(9)_"type public String MDDDESC, MDDTYPE"
^DBTBL("SYSDEV",5,"DBSMDDLST","[SYSDEV,DBTBL1D]FID",102,3)=""
^DBTBL("SYSDEV",5,"DBSMDDLST","[SYSDEV,DBTBL1D]FID",102,4)=$C(9)_"type String MDD, MDDFID"
^DBTBL("SYSDEV",5,"DBSMDDLST","[SYSDEV,DBTBL1D]FID",102,5)=""
^DBTBL("SYSDEV",5,"DBSMDDLST","[SYSDEV,DBTBL1D]FID",102,6)=$C(9)_"set MDD = rwrs.getCol(""DBTBL1D.MDD"")"
^DBTBL("SYSDEV",5,"DBSMDDLST","[SYSDEV,DBTBL1D]FID",102,7)=$C(9)_"set MDDFID = rwrs.getCol(""DBTBL1D.MDDFID"")"
^DBTBL("SYSDEV",5,"DBSMDDLST","[SYSDEV,DBTBL1D]FID",102,8)=""
^DBTBL("SYSDEV",5,"DBSMDDLST","[SYSDEV,DBTBL1D]FID",102,9)=$C(9)_"type RecordDBTBL1D dbtbl1d = Db.getRecord(""DBTBL1D"", ""%LIBS='SYSDEV',FID=:MDDFID,DI=:MDD"", 1)"
^DBTBL("SYSDEV",5,"DBSMDDLST","[SYSDEV,DBTBL1D]FID",102,10)=""
^DBTBL("SYSDEV",5,"DBSMDDLST","[SYSDEV,DBTBL1D]FID",102,11)=$C(9)_"set MDDDEC = dbtbl1d.dec"
^DBTBL("SYSDEV",5,"DBSMDDLST","[SYSDEV,DBTBL1D]FID",102,12)=$C(9)_"set MDDDESC = dbtbl1d.des"
^DBTBL("SYSDEV",5,"DBSMDDLST","[SYSDEV,DBTBL1D]FID",102,13)=$C(9)_"set MDDLEN = dbtbl1d.len"
^DBTBL("SYSDEV",5,"DBSMDDLST","[SYSDEV,DBTBL1D]FID",102,14)=$C(9)_"set MDDTYPE = dbtbl1d.typ"
^DBTBL("SYSDEV",5,"DBSMDDLST","[SYSDEV,DBTBL1D]FID",102,15)=""
^DBTBL("SYSDEV",5,"DBSMDDLST","[SYSDEV,DBTBL1D]FID",102,16)=$C(9)_"quit"
^DBTBL("SYSDEV",5,"DBSMDDLST","[SYSDEV,DBTBL1D]FID",103)="2094|@22|1|T||@22|<<MDDTYPE>>"
^DBTBL("SYSDEV",5,"DBSMDDLST","[SYSDEV,DBTBL1D]FID",104)="2098|@23|4|N||@23|<<MDDLEN,N,4>>"
^DBTBL("SYSDEV",5,"DBSMDDLST","[SYSDEV,DBTBL1D]FID",105)="2108|@24|2|N||@24|<<MDDDEC,N,2>>"
^DBTBL("SYSDEV",5,"DBSMDDLST","[SYSDEV,DBTBL1D]MDD",0)="1,1,1"
^DBTBL("SYSDEV",5,"DBSMDDLST","[SYSDEV,DBTBL1D]MDDFID",0)="3,3,3"
