^DBTBL("SYSDEV",5,"DBSPROCLST")="List Procedure Definition"
^DBTBL("SYSDEV",5,"DBSPROCLST",-5)="1|1|2|64,0,0,0,0,0|10|11|65|6|19|||0|132"
^DBTBL("SYSDEV",5,"DBSPROCLST",0)="DBTBL25D,DBTBL25|||0|132|60|0|0|0|5.0|||0|||1|0|0"
^DBTBL("SYSDEV",5,"DBSPROCLST",1)="[SYSDEV,DBTBL25D]%LIBS|1|1|*|A"
^DBTBL("SYSDEV",5,"DBSPROCLST",2)="[SYSDEV,DBTBL25D]25|1|1|*|A"
^DBTBL("SYSDEV",5,"DBSPROCLST",3)="[SYSDEV,DBTBL25D]PROCID|1|1|*|A"
^DBTBL("SYSDEV",5,"DBSPROCLST",4)="[SYSDEV,DBTBL25D]SEQ|0|1|*|A"
^DBTBL("SYSDEV",5,"DBSPROCLST",31)="[DBTBL25D]%LIBS = ""SYSDEV"""
^DBTBL("SYSDEV",5,"DBSPROCLST",32)="[DBTBL25D]PROCID <<**>>"
^DBTBL("SYSDEV",5,"DBSPROCLST",261)=$C(9)_"// Fetch post-processor"
^DBTBL("SYSDEV",5,"DBSPROCLST",261.001)=$C(9)_"// Patch to deal with tabs in PSL code"
^DBTBL("SYSDEV",5,"DBSPROCLST",261.002)=$C(9)_"type Public String V,vc11"
^DBTBL("SYSDEV",5,"DBSPROCLST",261.003)=$C(9)_"set vc11=V.piece($C(9),11,99)"
^DBTBL("SYSDEV",5,"DBSPROCLST","@PH",0)="8,1,1"
^DBTBL("SYSDEV",5,"DBSPROCLST","@PH",101)="1001|@1|45|T||@1|<<$G(CONAM)>>"
^DBTBL("SYSDEV",5,"DBSPROCLST","@PH",102)="1101|@2|9|T||@2|Run Date:"
^DBTBL("SYSDEV",5,"DBSPROCLST","@PH",103)="1111|@3|10|T||@3|<<vrundate>>"
^DBTBL("SYSDEV",5,"DBSPROCLST","@PH",104)="1124|@4|8|T||@4|<<%TIM>>"
^DBTBL("SYSDEV",5,"DBSPROCLST","@PH",105)="2001|@5|80|T||@5|<<RN>>  (<<RID>>)"
^DBTBL("SYSDEV",5,"DBSPROCLST","@PH",106)="2103|@6|7|T||@6|System:"
^DBTBL("SYSDEV",5,"DBSPROCLST","@PH",107)="2111|@7|10|T||@7|<<vsysdate>>"
^DBTBL("SYSDEV",5,"DBSPROCLST","@PH",108)="2123|@8|5|T||@8|Page:"
^DBTBL("SYSDEV",5,"DBSPROCLST","@PH",109)="2129|@9|3|N||@9|<<VPN,N,3>>"
^DBTBL("SYSDEV",5,"DBSPROCLST","@PH",110)="4002|@10|15|T||@10|Procdure Name: "
^DBTBL("SYSDEV",5,"DBSPROCLST","@PH",111)="4017|PROCID|12|T||[SYSDEV,DBTBL25D]PROCID|"
^DBTBL("SYSDEV",5,"DBSPROCLST","@PH",112)="4031|@11|13|T||@11|Description: "
^DBTBL("SYSDEV",5,"DBSPROCLST","@PH",113)="4044|DES|40|T||[SYSDEV,DBTBL25]DES|"
^DBTBL("SYSDEV",5,"DBSPROCLST","@PH",114)="4098|@12|6|T||@12|Date: "
^DBTBL("SYSDEV",5,"DBSPROCLST","@PH",115)="4104|LTD|10|D||[SYSDEV,DBTBL25]LTD|"
^DBTBL("SYSDEV",5,"DBSPROCLST","@PH",116)="4116|TIME|10|C||[SYSDEV,DBTBL25]TIME|"
^DBTBL("SYSDEV",5,"DBSPROCLST","@PH",117)="5035|@13|9|T||@13|Routine: "
^DBTBL("SYSDEV",5,"DBSPROCLST","@PH",118)="5044|PGM|8|T||[SYSDEV,DBTBL25]PGM|"
^DBTBL("SYSDEV",5,"DBSPROCLST","@PH",119)="5098|@14|6|T||@14|User: "
^DBTBL("SYSDEV",5,"DBSPROCLST","@PH",120)="5104|USER|20|T||[SYSDEV,DBTBL25]USER|"
^DBTBL("SYSDEV",5,"DBSPROCLST","@PH",121)="6030|@15|13|T||@15|Access Files:"
^DBTBL("SYSDEV",5,"DBSPROCLST","@PH",122)="6044|PFID|50|T||[SYSDEV,DBTBL25]PFID|"
^DBTBL("SYSDEV",5,"DBSPROCLST","@PH",123)="7028|@16|15|T||@16|Variable Names:"
^DBTBL("SYSDEV",5,"DBSPROCLST","@PH",124)="7044|RPCVAR|80|T||[SYSDEV,DBTBL25]RPCVAR|"
^DBTBL("SYSDEV",5,"DBSPROCLST","@PH",125)="8001|@17|132|T||@17|@CHR(-,132)"
^DBTBL("SYSDEV",5,"DBSPROCLST","@RS",0)="1,1,1"
^DBTBL("SYSDEV",5,"DBSPROCLST","[SYSDEV,DBTBL25D]%LIBS",0)="3,3,3"
^DBTBL("SYSDEV",5,"DBSPROCLST","[SYSDEV,DBTBL25D]25",0)="3,3,3"
^DBTBL("SYSDEV",5,"DBSPROCLST","[SYSDEV,DBTBL25D]3",0)="3,3,3"
^DBTBL("SYSDEV",5,"DBSPROCLST","[SYSDEV,DBTBL25D]PROCID",0)="3,3,3"
^DBTBL("SYSDEV",5,"DBSPROCLST","[SYSDEV,DBTBL25D]SEQ",0)="1,1,1"
^DBTBL("SYSDEV",5,"DBSPROCLST","[SYSDEV,DBTBL25D]SEQ",101)="3002|CODE|130|T||[SYSDEV,DBTBL25D]CODE|"
