^DBTBL("SYSDEV",5,"DBSPPLST")="DATA-QWIK Pre/Post-Proc Library Listing"
^DBTBL("SYSDEV",5,"DBSPPLST",-5)="1|1|2|64,0,0,0,0,0|10|11|65|12|20|||0|132"
^DBTBL("SYSDEV",5,"DBSPPLST",0)="DBTBL13D,DBTBL13|||0|132|60|0|0|0|5.0|||1|||1|0|1|||"
^DBTBL("SYSDEV",5,"DBSPPLST",1)="[SYSDEV,DBTBL13D]LIBS|0|1|*|A"
^DBTBL("SYSDEV",5,"DBSPPLST",2)="[SYSDEV,DBTBL13D]13|0|1|*|A"
^DBTBL("SYSDEV",5,"DBSPPLST",3)="[SYSDEV,DBTBL13D]PID|0|1|*|A"
^DBTBL("SYSDEV",5,"DBSPPLST",4)="[SYSDEV,DBTBL13D]SEQ||1|*|A"
^DBTBL("SYSDEV",5,"DBSPPLST",31)=" DBTBL13.PID IN (SELECT ELEMENT FROM TMPDQ WHERE PID=:%ProcessID)"
^DBTBL("SYSDEV",5,"DBSPPLST","@PH",0)="5,1,1"
^DBTBL("SYSDEV",5,"DBSPPLST","@PH",101)="1001|@1|45|T||@1|<<$G(CONAM)>>"
^DBTBL("SYSDEV",5,"DBSPPLST","@PH",102)="1101|@2|9|T||@2|Run Date:"
^DBTBL("SYSDEV",5,"DBSPPLST","@PH",103)="1111|@3|10|T||@3|<<vrundate>>"
^DBTBL("SYSDEV",5,"DBSPPLST","@PH",104)="1124|@4|8|T||@4|<<%TIM>>"
^DBTBL("SYSDEV",5,"DBSPPLST","@PH",105)="2001|@5|45|T||@5|<<RN>>  (<<RID>>)"
^DBTBL("SYSDEV",5,"DBSPPLST","@PH",106)="2103|@6|7|T||@6|System:"
^DBTBL("SYSDEV",5,"DBSPPLST","@PH",107)="2111|@7|10|T||@7|<<vsysdate>>"
^DBTBL("SYSDEV",5,"DBSPPLST","@PH",108)="2123|@8|5|T||@8|Page:"
^DBTBL("SYSDEV",5,"DBSPPLST","@PH",109)="2129|@9|3|N||@9|<<$J(VPN,3)>>"
^DBTBL("SYSDEV",5,"DBSPPLST","@PH",110)="4002|@10|4|T||@10|Name"
^DBTBL("SYSDEV",5,"DBSPPLST","@PH",111)="4018|@11|11|T||@11|Description"
^DBTBL("SYSDEV",5,"DBSPPLST","@PH",112)="5001|@12|132|T||@12|@CHR(-,132)"
^DBTBL("SYSDEV",5,"DBSPPLST","@RS",0)="1,1,1"
^DBTBL("SYSDEV",5,"DBSPPLST","[SYSDEV,DBTBL13D]PID",0)="1,8,1"
^DBTBL("SYSDEV",5,"DBSPPLST","[SYSDEV,DBTBL13D]PID",26)="6-10"
^DBTBL("SYSDEV",5,"DBSPPLST","[SYSDEV,DBTBL13D]PID",101)="4001|PID|12|T||[SYSDEV,DBTBL13]PID|"
^DBTBL("SYSDEV",5,"DBSPPLST","[SYSDEV,DBTBL13D]PID",102)="4018|DESC|40|T||[SYSDEV,DBTBL13]DESC|"
^DBTBL("SYSDEV",5,"DBSPPLST","[SYSDEV,DBTBL13D]PID",103)="4067|@13|6|T||@13|User: "
^DBTBL("SYSDEV",5,"DBSPPLST","[SYSDEV,DBTBL13D]PID",104)="4073|UID|20|T||[SYSDEV,DBTBL13]UID|"
^DBTBL("SYSDEV",5,"DBSPPLST","[SYSDEV,DBTBL13D]PID",105)="4107|@14|6|T||@14|Date: "
^DBTBL("SYSDEV",5,"DBSPPLST","[SYSDEV,DBTBL13D]PID",106)="4113|DATE|10|D||[SYSDEV,DBTBL13]DATE|"
^DBTBL("SYSDEV",5,"DBSPPLST","[SYSDEV,DBTBL13D]PID",107)="6018|DOC|75|T||[SYSDEV,DBTBL13]DOC|||1"
^DBTBL("SYSDEV",5,"DBSPPLST","[SYSDEV,DBTBL13D]PID",107,1)=$C(9)_"type public String BLANK"
^DBTBL("SYSDEV",5,"DBSPPLST","[SYSDEV,DBTBL13D]PID",107,2)=""
^DBTBL("SYSDEV",5,"DBSPPLST","[SYSDEV,DBTBL13D]PID",107,3)=$C(9)_"// Use BLANK to add or not a blank line after all documentation."
^DBTBL("SYSDEV",5,"DBSPPLST","[SYSDEV,DBTBL13D]PID",107,4)=$C(9)_"// Keeps us from having two blanks in case there is no documentation."
^DBTBL("SYSDEV",5,"DBSPPLST","[SYSDEV,DBTBL13D]PID",107,5)=""
^DBTBL("SYSDEV",5,"DBSPPLST","[SYSDEV,DBTBL13D]PID",107,6)=$C(9)_"set BLANK = 9.char()"_$C(9)_"// Line will not be blank to start"
^DBTBL("SYSDEV",5,"DBSPPLST","[SYSDEV,DBTBL13D]PID",107,7)=""
^DBTBL("SYSDEV",5,"DBSPPLST","[SYSDEV,DBTBL13D]PID",107,8)=$C(9)_"quit"
^DBTBL("SYSDEV",5,"DBSPPLST","[SYSDEV,DBTBL13D]PID",108)="7018|DOC2|75|T||[SYSDEV,DBTBL13]DOC2|"
^DBTBL("SYSDEV",5,"DBSPPLST","[SYSDEV,DBTBL13D]PID",109)="8018|DOC3|75|T||[SYSDEV,DBTBL13]DOC3|"
^DBTBL("SYSDEV",5,"DBSPPLST","[SYSDEV,DBTBL13D]PID",110)="9018|@15|100|M||@15|<<LINKS,M,100>>||1"
^DBTBL("SYSDEV",5,"DBSPPLST","[SYSDEV,DBTBL13D]PID",110,1)=$C(9)_"type public String LINKS"
^DBTBL("SYSDEV",5,"DBSPPLST","[SYSDEV,DBTBL13D]PID",110,1.001)=""
^DBTBL("SYSDEV",5,"DBSPPLST","[SYSDEV,DBTBL13D]PID",110,1.002)=$C(9)_"type Boolean rptHit, scrnHit"
^DBTBL("SYSDEV",5,"DBSPPLST","[SYSDEV,DBTBL13D]PID",110,1.003)=$C(9)_"type String PID"
^DBTBL("SYSDEV",5,"DBSPPLST","[SYSDEV,DBTBL13D]PID",110,1.004)=""
^DBTBL("SYSDEV",5,"DBSPPLST","[SYSDEV,DBTBL13D]PID",110,1.005)=$C(9)_"set PID = rwrs.getCol(""DBTBL13.PID"")"
^DBTBL("SYSDEV",5,"DBSPPLST","[SYSDEV,DBTBL13D]PID",110,1.006)=$C(9)_"set LINKS = """""
^DBTBL("SYSDEV",5,"DBSPPLST","[SYSDEV,DBTBL13D]PID",110,1.007)=""
^DBTBL("SYSDEV",5,"DBSPPLST","[SYSDEV,DBTBL13D]PID",110,1.008)=$C(9)_"type ResultSet rs = Db.select(""TYP,NAME"", ""DBTBL13LNK"", ""LIBS='SYSDEV' AND PID=:PID"", ""TYP ASC"")"
^DBTBL("SYSDEV",5,"DBSPPLST","[SYSDEV,DBTBL13D]PID",110,1.009)=""
^DBTBL("SYSDEV",5,"DBSPPLST","[SYSDEV,DBTBL13D]PID",110,1.01)=$C(9)_"quit:rs.isEmpty()"
^DBTBL("SYSDEV",5,"DBSPPLST","[SYSDEV,DBTBL13D]PID",110,1.011)=""
^DBTBL("SYSDEV",5,"DBSPPLST","[SYSDEV,DBTBL13D]PID",110,1.012)=$C(9)_"set LINKS = ""Screen/Report References: """
^DBTBL("SYSDEV",5,"DBSPPLST","[SYSDEV,DBTBL13D]PID",110,1.013)=""
^DBTBL("SYSDEV",5,"DBSPPLST","[SYSDEV,DBTBL13D]PID",110,1.014)=$C(9)_"set (rptHit, scrnHit) = 0"
^DBTBL("SYSDEV",5,"DBSPPLST","[SYSDEV,DBTBL13D]PID",110,1.015)=""
^DBTBL("SYSDEV",5,"DBSPPLST","[SYSDEV,DBTBL13D]PID",110,1.016)=$C(9)_"while rs.next() do {"
^DBTBL("SYSDEV",5,"DBSPPLST","[SYSDEV,DBTBL13D]PID",110,1.017)=""
^DBTBL("SYSDEV",5,"DBSPPLST","[SYSDEV,DBTBL13D]PID",110,1.018)=$C(9,9)_"if (rs.getCol(""TYP"") = -2), 'scrnHit do {"
^DBTBL("SYSDEV",5,"DBSPPLST","[SYSDEV,DBTBL13D]PID",110,1.019)=""
^DBTBL("SYSDEV",5,"DBSPPLST","[SYSDEV,DBTBL13D]PID",110,1.02)=$C(9,9,9)_"set LINKS = LINKS_""  Screen(s) - """
^DBTBL("SYSDEV",5,"DBSPPLST","[SYSDEV,DBTBL13D]PID",110,1.021)=$C(9,9,9)_"set scrnHit = 1"
^DBTBL("SYSDEV",5,"DBSPPLST","[SYSDEV,DBTBL13D]PID",110,1.022)=$C(9,9)_"}"
^DBTBL("SYSDEV",5,"DBSPPLST","[SYSDEV,DBTBL13D]PID",110,1.023)=$C(9,9)_"else  if 'rptHit do {"
^DBTBL("SYSDEV",5,"DBSPPLST","[SYSDEV,DBTBL13D]PID",110,1.024)=""
^DBTBL("SYSDEV",5,"DBSPPLST","[SYSDEV,DBTBL13D]PID",110,1.025)=$C(9,9,9)_"set LINKS = LINKS_""  Report(s) - """
^DBTBL("SYSDEV",5,"DBSPPLST","[SYSDEV,DBTBL13D]PID",110,1.026)=$C(9,9,9)_"set rptHit = 1"
^DBTBL("SYSDEV",5,"DBSPPLST","[SYSDEV,DBTBL13D]PID",110,1.027)=$C(9,9)_"}"
^DBTBL("SYSDEV",5,"DBSPPLST","[SYSDEV,DBTBL13D]PID",110,1.028)=""
^DBTBL("SYSDEV",5,"DBSPPLST","[SYSDEV,DBTBL13D]PID",110,1.029)=$C(9,9)_"set LINKS = LINKS_rs.getCol(""NAME"")_""; """
^DBTBL("SYSDEV",5,"DBSPPLST","[SYSDEV,DBTBL13D]PID",110,1.03)=$C(9)_"}"
^DBTBL("SYSDEV",5,"DBSPPLST","[SYSDEV,DBTBL13D]PID",110,1.031)=""
^DBTBL("SYSDEV",5,"DBSPPLST","[SYSDEV,DBTBL13D]PID",110,1.032)=$C(9)_"if LINKS.endsWith(""; "") set LINKS = LINKS.extract(1, LINKS.length() - 2)"
^DBTBL("SYSDEV",5,"DBSPPLST","[SYSDEV,DBTBL13D]PID",110,1.033)=""
^DBTBL("SYSDEV",5,"DBSPPLST","[SYSDEV,DBTBL13D]PID",110,1.034)=$C(9)_"quit"
^DBTBL("SYSDEV",5,"DBSPPLST","[SYSDEV,DBTBL13D]PID",111)="10018|@16|1|T||@16|<<BLANK>>||1"
^DBTBL("SYSDEV",5,"DBSPPLST","[SYSDEV,DBTBL13D]PID",111,1)=$C(9)_"type public String BLANK, LINKS, V"
^DBTBL("SYSDEV",5,"DBSPPLST","[SYSDEV,DBTBL13D]PID",111,2)=""
^DBTBL("SYSDEV",5,"DBSPPLST","[SYSDEV,DBTBL13D]PID",111,3)=$C(9)_"// If all preceeding lines are null, don't need another blank line"
^DBTBL("SYSDEV",5,"DBSPPLST","[SYSDEV,DBTBL13D]PID",111,4)=""
^DBTBL("SYSDEV",5,"DBSPPLST","[SYSDEV,DBTBL13D]PID",111,5)=$C(9)_"if rwrs.getCol(""DBTBL13.DOC"").isNull(), rwrs.getCol(""DBTBL13.DOC2"").isNull(), rwrs.getCol(""DBTBL13.DOC3"").isNull(), LINKS.isNull() set BLANK = """""
^DBTBL("SYSDEV",5,"DBSPPLST","[SYSDEV,DBTBL13D]PID",111,6)=""
^DBTBL("SYSDEV",5,"DBSPPLST","[SYSDEV,DBTBL13D]PID",111,7)=$C(9)_"quit"
^DBTBL("SYSDEV",5,"DBSPPLST","[SYSDEV,DBTBL13D]SEQ",0)="1,1,1"
^DBTBL("SYSDEV",5,"DBSPPLST","[SYSDEV,DBTBL13D]SEQ",101)="3006|DATA|120|T||[SYSDEV,DBTBL13D]DATA|"
