^DBTBL("SYSDEV",5,"DBSQRYLST")="DATA-QWIK Query Library Listing"
^DBTBL("SYSDEV",5,"DBSQRYLST",-5)="1|1|0|64,0,0,0,0,0|10|11|39|10|23|||0|132"
^DBTBL("SYSDEV",5,"DBSQRYLST",0)="DBTBL4D,DBTBL4|||0|132|60|0|0|0|5.0|||1|||0|0|1"
^DBTBL("SYSDEV",5,"DBSQRYLST",1)="[SYSDEV,DBTBL4D]LIBS|0|1|*|A"
^DBTBL("SYSDEV",5,"DBSQRYLST",2)="[SYSDEV,DBTBL4D]4|0|1|*|A"
^DBTBL("SYSDEV",5,"DBSQRYLST",3)="[SYSDEV,DBTBL4D]QID|0|1|*|A"
^DBTBL("SYSDEV",5,"DBSQRYLST",4)="[SYSDEV,DBTBL4D]SEQ|0|1|*|A"
^DBTBL("SYSDEV",5,"DBSQRYLST",31)=" DBTBL4D.QID IN (SELECT ELEMENT FROM TMPDQ WHERE PID=:%ProcessID)"
^DBTBL("SYSDEV",5,"DBSQRYLST","@PH",0)="3,1,1"
^DBTBL("SYSDEV",5,"DBSQRYLST","@PH",101)="1001|@1|45|T||@1|<<$G(CONAM)>>"
^DBTBL("SYSDEV",5,"DBSQRYLST","@PH",102)="1101|@2|9|T||@2|Run Date:"
^DBTBL("SYSDEV",5,"DBSQRYLST","@PH",103)="1111|@3|10|T||@3|<<vrundate>>"
^DBTBL("SYSDEV",5,"DBSQRYLST","@PH",104)="1124|@4|8|T||@4|<<%TIM>>"
^DBTBL("SYSDEV",5,"DBSQRYLST","@PH",105)="2001|@5|45|T||@5|<<RN>>  (<<RID>>)"
^DBTBL("SYSDEV",5,"DBSQRYLST","@PH",106)="2103|@6|7|T||@6|System:"
^DBTBL("SYSDEV",5,"DBSQRYLST","@PH",107)="2111|@7|10|T||@7|<<vsysdate>>"
^DBTBL("SYSDEV",5,"DBSQRYLST","@PH",108)="2123|@8|5|T||@8|Page:"
^DBTBL("SYSDEV",5,"DBSQRYLST","@PH",109)="2129|@9|3|N||@9|<<$J(VPN,3)>>"
^DBTBL("SYSDEV",5,"DBSQRYLST","@PH",110)="3001|@10|132|T||@10|@CHR(-,132)"
^DBTBL("SYSDEV",5,"DBSQRYLST","@RS",0)="1,1,1"
^DBTBL("SYSDEV",5,"DBSQRYLST","[SYSDEV,DBTBL4D]4",0)="3,3,3"
^DBTBL("SYSDEV",5,"DBSQRYLST","[SYSDEV,DBTBL4D]LIBS",0)="3,3,3"
^DBTBL("SYSDEV",5,"DBSQRYLST","[SYSDEV,DBTBL4D]QID",0)="1,3,1"
^DBTBL("SYSDEV",5,"DBSQRYLST","[SYSDEV,DBTBL4D]QID",101)="3002|@11|6|T||@11|Name: "
^DBTBL("SYSDEV",5,"DBSQRYLST","[SYSDEV,DBTBL4D]QID",102)="3008|QID|8|T||[SYSDEV,DBTBL4]QID|"
^DBTBL("SYSDEV",5,"DBSQRYLST","[SYSDEV,DBTBL4D]QID",103)="3021|DESC|40|T||[SYSDEV,DBTBL4]DESC|"
^DBTBL("SYSDEV",5,"DBSQRYLST","[SYSDEV,DBTBL4D]QID",104)="3086|@12|9|T||@12|User ID: "
^DBTBL("SYSDEV",5,"DBSQRYLST","[SYSDEV,DBTBL4D]QID",105)="3095|UID|16|T||[SYSDEV,DBTBL4]UID|"
^DBTBL("SYSDEV",5,"DBSQRYLST","[SYSDEV,DBTBL4D]QID",106)="3113|@13|6|T||@13|Date: "
^DBTBL("SYSDEV",5,"DBSQRYLST","[SYSDEV,DBTBL4D]QID",107)="3119|DATE|10|D||[SYSDEV,DBTBL4]DATE|"
^DBTBL("SYSDEV",5,"DBSQRYLST","[SYSDEV,DBTBL4D]QID",108)="5021|@14|9|T||@14|File(s): "
^DBTBL("SYSDEV",5,"DBSQRYLST","[SYSDEV,DBTBL4D]QID",109)="5030|PFID|60|T||[SYSDEV,DBTBL4]PFID|"
^DBTBL("SYSDEV",5,"DBSQRYLST","[SYSDEV,DBTBL4D]SEQ",0)="1,1,1"
^DBTBL("SYSDEV",5,"DBSQRYLST","[SYSDEV,DBTBL4D]SEQ",101)="3023|@15|6|T||@15|<<QUERY>>||1"
^DBTBL("SYSDEV",5,"DBSQRYLST","[SYSDEV,DBTBL4D]SEQ",101,1)=$C(9)_"type public String QUERY"
^DBTBL("SYSDEV",5,"DBSQRYLST","[SYSDEV,DBTBL4D]SEQ",101,2)=""
^DBTBL("SYSDEV",5,"DBSQRYLST","[SYSDEV,DBTBL4D]SEQ",101,3)=$C(9)_"if (rwrs.getCol(""DBTBL4D.SEQ"") = 1) set QUERY = ""Query:"""
^DBTBL("SYSDEV",5,"DBSQRYLST","[SYSDEV,DBTBL4D]SEQ",101,4)=$C(9)_"else  set QUERY = """""
^DBTBL("SYSDEV",5,"DBSQRYLST","[SYSDEV,DBTBL4D]SEQ",101,5)=""
^DBTBL("SYSDEV",5,"DBSQRYLST","[SYSDEV,DBTBL4D]SEQ",101,6)=$C(9)_"quit"
^DBTBL("SYSDEV",5,"DBSQRYLST","[SYSDEV,DBTBL4D]SEQ",102)="3030|LINE|80|T||[SYSDEV,DBTBL4D]LINE|"
^DBTBL("SYSDEV",5,"DBSQRYLST","[SYSDEV,DBTBL4D]SEQ",103)="5001|@16|132|T||@16|@CHR(-,132)"
