^DBTBL("SYSDEV",5,"DBSQRPLST")="QWIK Report Definition Listing"
^DBTBL("SYSDEV",5,"DBSQRPLST",-5)="11|1|2|64,0,0,0,0,0|10|11|65|18|26|||0|132"
^DBTBL("SYSDEV",5,"DBSQRPLST",0)="DBTBL5Q|||0|132|60|0|0|0|5.0|||1|||0|0|1"
^DBTBL("SYSDEV",5,"DBSQRPLST",1)="[SYSDEV,DBTBL5Q]LIBS|1|1|*|A"
^DBTBL("SYSDEV",5,"DBSQRPLST",2)="[SYSDEV,DBTBL5Q]QRID|1|1|*|A"
^DBTBL("SYSDEV",5,"DBSQRPLST",31)=" DBTBL5Q.QRID IN (SELECT ELEMENT FROM TMPDQ WHERE PID=:%ProcessID)"
^DBTBL("SYSDEV",5,"DBSQRPLST","@PH",0)="3,1,1"
^DBTBL("SYSDEV",5,"DBSQRPLST","@PH",101)="1001|@1|45|T||@1|<<$G(CONAM)>>"
^DBTBL("SYSDEV",5,"DBSQRPLST","@PH",102)="1101|@2|9|T||@2|Run Date:"
^DBTBL("SYSDEV",5,"DBSQRPLST","@PH",103)="1111|@3|10|T||@3|<<vrundate>>"
^DBTBL("SYSDEV",5,"DBSQRPLST","@PH",104)="1124|@4|8|T||@4|<<%TIM>>"
^DBTBL("SYSDEV",5,"DBSQRPLST","@PH",105)="2001|@5|45|T||@5|<<RN>>  (<<RID>>)"
^DBTBL("SYSDEV",5,"DBSQRPLST","@PH",106)="2103|@6|7|T||@6|System:"
^DBTBL("SYSDEV",5,"DBSQRPLST","@PH",107)="2111|@7|10|T||@7|<<vsysdate>>"
^DBTBL("SYSDEV",5,"DBSQRPLST","@PH",108)="2123|@8|5|T||@8|Page:"
^DBTBL("SYSDEV",5,"DBSQRPLST","@PH",109)="2129|@9|3|N||@9|<<$J(VPN,3)>>"
^DBTBL("SYSDEV",5,"DBSQRPLST","@PH",110)="3001|@10|132|T||@10|@CHR(-,132)"
^DBTBL("SYSDEV",5,"DBSQRPLST","@RS",0)="1,1,1"
^DBTBL("SYSDEV",5,"DBSQRPLST","@RS",101)="1001|@44|132|T||@44|@CHR(-,132)"
^DBTBL("SYSDEV",5,"DBSQRPLST","[SYSDEV,DBTBL5Q]6",0)="3,3,3"
^DBTBL("SYSDEV",5,"DBSQRPLST","[SYSDEV,DBTBL5Q]LIBS",0)="3,3,3"
^DBTBL("SYSDEV",5,"DBSQRPLST","[SYSDEV,DBTBL5Q]QRID",0)="1,26,1"
^DBTBL("SYSDEV",5,"DBSQRPLST","[SYSDEV,DBTBL5Q]QRID",26)="10-13,15-24"
^DBTBL("SYSDEV",5,"DBSQRPLST","[SYSDEV,DBTBL5Q]QRID",101)="3002|@11|6|T||@11|Name: "
^DBTBL("SYSDEV",5,"DBSQRPLST","[SYSDEV,DBTBL5Q]QRID",102)="3008|QRID|12|T||[SYSDEV,DBTBL5Q]QRID|"
^DBTBL("SYSDEV",5,"DBSQRPLST","[SYSDEV,DBTBL5Q]QRID",103)="3024|DESC|40|T||[SYSDEV,DBTBL5Q]DESC|"
^DBTBL("SYSDEV",5,"DBSQRPLST","[SYSDEV,DBTBL5Q]QRID",104)="3082|@12|9|T||@12|User ID: "
^DBTBL("SYSDEV",5,"DBSQRPLST","[SYSDEV,DBTBL5Q]QRID",105)="3091|UID|20|T||[SYSDEV,DBTBL5Q]UID|"
^DBTBL("SYSDEV",5,"DBSQRPLST","[SYSDEV,DBTBL5Q]QRID",106)="3114|@13|6|T||@13|Date: "
^DBTBL("SYSDEV",5,"DBSQRPLST","[SYSDEV,DBTBL5Q]QRID",107)="3120|LTD|10|D||[SYSDEV,DBTBL5Q]LTD|"
^DBTBL("SYSDEV",5,"DBSQRPLST","[SYSDEV,DBTBL5Q]QRID",108)="4082|@14|8|T||@14|Routine:"
^DBTBL("SYSDEV",5,"DBSQRPLST","[SYSDEV,DBTBL5Q]QRID",109)="4091|PGM|8|T||[SYSDEV,DBTBL5Q]PGM|"
^DBTBL("SYSDEV",5,"DBSQRPLST","[SYSDEV,DBTBL5Q]QRID",110)="4103|@15|16|T||@15|Transfer Option:"
^DBTBL("SYSDEV",5,"DBSQRPLST","[SYSDEV,DBTBL5Q]QRID",111)="4120|TRANS|12|T||[SYSDEV,DBTBL5Q]TRANS|"
^DBTBL("SYSDEV",5,"DBSQRPLST","[SYSDEV,DBTBL5Q]QRID",112)="5015|@16|9|T||@16|File(s): "
^DBTBL("SYSDEV",5,"DBSQRPLST","[SYSDEV,DBTBL5Q]QRID",113)="5024|PFID|60|T||[SYSDEV,DBTBL5Q]PFID|"
^DBTBL("SYSDEV",5,"DBSQRPLST","[SYSDEV,DBTBL5Q]QRID",114)="5098|@17|14|T||@17|Print Detail: "
^DBTBL("SYSDEV",5,"DBSQRPLST","[SYSDEV,DBTBL5Q]QRID",115)="5112|DTL|1|L||[SYSDEV,DBTBL5Q]DTL|"
^DBTBL("SYSDEV",5,"DBSQRPLST","[SYSDEV,DBTBL5Q]QRID",116)="5116|@18|12|T||@18|Banner Page:"
^DBTBL("SYSDEV",5,"DBSQRPLST","[SYSDEV,DBTBL5Q]QRID",117)="5129|BANNER|1|L||[SYSDEV,DBTBL5Q]BANNER|"
^DBTBL("SYSDEV",5,"DBSQRPLST","[SYSDEV,DBTBL5Q]QRID",118)="6084|@19|11|T||@19|Statistics:"
^DBTBL("SYSDEV",5,"DBSQRPLST","[SYSDEV,DBTBL5Q]QRID",119)="6096|STAT|1|L||[SYSDEV,DBTBL5Q]STAT|"
^DBTBL("SYSDEV",5,"DBSQRPLST","[SYSDEV,DBTBL5Q]QRID",120)="6101|@20|11|T||@20|SQL Query: "
^DBTBL("SYSDEV",5,"DBSQRPLST","[SYSDEV,DBTBL5Q]QRID",121)="6112|MSQL|1|L||[SYSDEV,DBTBL5Q]MSQL|"
^DBTBL("SYSDEV",5,"DBSQRPLST","[SYSDEV,DBTBL5Q]QRID",122)="6115|@21|14|T||@21|C/S Compiler: "
^DBTBL("SYSDEV",5,"DBSQRPLST","[SYSDEV,DBTBL5Q]QRID",123)="6129|CSCMP|1|L||[SYSDEV,DBTBL5Q]CSCMP|"
^DBTBL("SYSDEV",5,"DBSQRPLST","[SYSDEV,DBTBL5Q]QRID",124)="7014|@22|9|T||@22|Order By:"
^DBTBL("SYSDEV",5,"DBSQRPLST","[SYSDEV,DBTBL5Q]QRID",125)="7024|ORDERBY|100|T||[SYSDEV,DBTBL5Q]ORDERBY|"
^DBTBL("SYSDEV",5,"DBSQRPLST","[SYSDEV,DBTBL5Q]QRID",126)="8014|@23|10|T||@23|Break On: "
^DBTBL("SYSDEV",5,"DBSQRPLST","[SYSDEV,DBTBL5Q]QRID",127)="8024|BREAKON|60|T||[SYSDEV,DBTBL5Q]BREAKON|"
^DBTBL("SYSDEV",5,"DBSQRPLST","[SYSDEV,DBTBL5Q]QRID",128)="9015|@24|8|T||@24|Item(s):"
^DBTBL("SYSDEV",5,"DBSQRPLST","[SYSDEV,DBTBL5Q]QRID",129)="9024|FLD1|78|T||[SYSDEV,DBTBL5Q]FLD1|"
^DBTBL("SYSDEV",5,"DBSQRPLST","[SYSDEV,DBTBL5Q]QRID",130)="10024|FLD2|78|T||[SYSDEV,DBTBL5Q]FLD2|"
^DBTBL("SYSDEV",5,"DBSQRPLST","[SYSDEV,DBTBL5Q]QRID",131)="11024|FLD3|78|T||[SYSDEV,DBTBL5Q]FLD3|"
^DBTBL("SYSDEV",5,"DBSQRPLST","[SYSDEV,DBTBL5Q]QRID",132)="12024|FLD4|78|T||[SYSDEV,DBTBL5Q]FLD4|"
^DBTBL("SYSDEV",5,"DBSQRPLST","[SYSDEV,DBTBL5Q]QRID",133)="13024|FLD5|78|T||[SYSDEV,DBTBL5Q]FLD5|"
^DBTBL("SYSDEV",5,"DBSQRPLST","[SYSDEV,DBTBL5Q]QRID",134)="14017|@25|7|T||@25|Query: "
^DBTBL("SYSDEV",5,"DBSQRPLST","[SYSDEV,DBTBL5Q]QRID",135)="14024|QID1|78|T||[SYSDEV,DBTBL5Q]QID1|"
^DBTBL("SYSDEV",5,"DBSQRPLST","[SYSDEV,DBTBL5Q]QRID",136)="15024|QID2|78|T||[SYSDEV,DBTBL5Q]QID2|"
^DBTBL("SYSDEV",5,"DBSQRPLST","[SYSDEV,DBTBL5Q]QRID",137)="16024|QID3|78|T||[SYSDEV,DBTBL5Q]QID3|"
^DBTBL("SYSDEV",5,"DBSQRPLST","[SYSDEV,DBTBL5Q]QRID",138)="17024|QID4|78|T||[SYSDEV,DBTBL5Q]QID4|"
^DBTBL("SYSDEV",5,"DBSQRPLST","[SYSDEV,DBTBL5Q]QRID",139)="18024|QID5|78|T||[SYSDEV,DBTBL5Q]QID5|"
^DBTBL("SYSDEV",5,"DBSQRPLST","[SYSDEV,DBTBL5Q]QRID",140)="19024|QID6|78|T||[SYSDEV,DBTBL5Q]QID6|"
^DBTBL("SYSDEV",5,"DBSQRPLST","[SYSDEV,DBTBL5Q]QRID",141)="20024|QID7|78|T||[SYSDEV,DBTBL5Q]QID7|"
^DBTBL("SYSDEV",5,"DBSQRPLST","[SYSDEV,DBTBL5Q]QRID",142)="21024|QID8|78|T||[SYSDEV,DBTBL5Q]QID8|"
^DBTBL("SYSDEV",5,"DBSQRPLST","[SYSDEV,DBTBL5Q]QRID",143)="22024|QID9|78|T||[SYSDEV,DBTBL5Q]QID9|"
^DBTBL("SYSDEV",5,"DBSQRPLST","[SYSDEV,DBTBL5Q]QRID",144)="23024|QID10|78|T||[SYSDEV,DBTBL5Q]QID10|"
^DBTBL("SYSDEV",5,"DBSQRPLST","[SYSDEV,DBTBL5Q]QRID",145)="24024|@26|79|T||@26|<<ZSTAT>>||1"
^DBTBL("SYSDEV",5,"DBSQRPLST","[SYSDEV,DBTBL5Q]QRID",145,1)=$C(9)_"type public Number IOSL, verror, VFMQ, VLC"
^DBTBL("SYSDEV",5,"DBSQRPLST","[SYSDEV,DBTBL5Q]QRID",145,1.001)=$C(9)_"type public String VL, ZSTAT"
^DBTBL("SYSDEV",5,"DBSQRPLST","[SYSDEV,DBTBL5Q]QRID",145,1.002)=""
^DBTBL("SYSDEV",5,"DBSQRPLST","[SYSDEV,DBTBL5Q]QRID",145,1.003)=$C(9)_"type String QRID"
^DBTBL("SYSDEV",5,"DBSQRPLST","[SYSDEV,DBTBL5Q]QRID",145,1.004)=""
^DBTBL("SYSDEV",5,"DBSQRPLST","[SYSDEV,DBTBL5Q]QRID",145,1.005)=$C(9)_"set verror = 0"
^DBTBL("SYSDEV",5,"DBSQRPLST","[SYSDEV,DBTBL5Q]QRID",145,1.006)=$C(9)_"set ZSTAT = """""
^DBTBL("SYSDEV",5,"DBSQRPLST","[SYSDEV,DBTBL5Q]QRID",145,1.007)=""
^DBTBL("SYSDEV",5,"DBSQRPLST","[SYSDEV,DBTBL5Q]QRID",145,1.008)=$C(9)_"set QRID = rwrs.getCol(""DBTBL5Q.QRID"")"
^DBTBL("SYSDEV",5,"DBSQRPLST","[SYSDEV,DBTBL5Q]QRID",145,1.009)=""
^DBTBL("SYSDEV",5,"DBSQRPLST","[SYSDEV,DBTBL5Q]QRID",145,1.01)=$C(9)_"type DbSet ds=Db.selectDbSet(""DBTBL6SQ"",""LIBS='SYSDEV' AND QID=:QRID AND (QDI IS NOT NULL OR QBASE IS NOT NULL OR QINCR IS NOT NULL)"",""SEQ ASC"")"
^DBTBL("SYSDEV",5,"DBSQRPLST","[SYSDEV,DBTBL5Q]QRID",145,1.011)=""
^DBTBL("SYSDEV",5,"DBSQRPLST","[SYSDEV,DBTBL5Q]QRID",145,1.012)=$C(9)_"while ds.next() do { quit:verror"
^DBTBL("SYSDEV",5,"DBSQRPLST","[SYSDEV,DBTBL5Q]QRID",145,1.013)=""
^DBTBL("SYSDEV",5,"DBSQRPLST","[SYSDEV,DBTBL5Q]QRID",145,1.014)=$C(9,9)_"type RecordDBTBL6SQ dbtbl6sq = ds.getRecord(""DBTBL6SQ"")"
^DBTBL("SYSDEV",5,"DBSQRPLST","[SYSDEV,DBTBL5Q]QRID",145,1.015)=""
^DBTBL("SYSDEV",5,"DBSQRPLST","[SYSDEV,DBTBL5Q]QRID",145,1.016)=$C(9,9)_"set VL = $J("""",23)_""Statistics:  ""_dbtbl6sq.qdi"
^DBTBL("SYSDEV",5,"DBSQRPLST","[SYSDEV,DBTBL5Q]QRID",145,1.017)=$C(9,9)_"set VL = VL_"" Based On ""_dbtbl6sq.qbase"
^DBTBL("SYSDEV",5,"DBSQRPLST","[SYSDEV,DBTBL5Q]QRID",145,1.018)=$C(9,9)_"if 'dbtbl6sq.qincr.isNull() set VL = VL_"" Increments ""_dbtbl6sq.qincr"
^DBTBL("SYSDEV",5,"DBSQRPLST","[SYSDEV,DBTBL5Q]QRID",145,1.019)=$C(9,9)_"if VLC+2>IOSL do {"
^DBTBL("SYSDEV",5,"DBSQRPLST","[SYSDEV,DBTBL5Q]QRID",145,1.02)=$C(9,9,9)_"do VHDG0"
^DBTBL("SYSDEV",5,"DBSQRPLST","[SYSDEV,DBTBL5Q]QRID",145,1.021)=$C(9,9,9)_"if VFMQ set verror=1"
^DBTBL("SYSDEV",5,"DBSQRPLST","[SYSDEV,DBTBL5Q]QRID",145,1.022)=$C(9,9)_"}"
^DBTBL("SYSDEV",5,"DBSQRPLST","[SYSDEV,DBTBL5Q]QRID",145,1.023)=$C(9,9)_"else  do VOM"
^DBTBL("SYSDEV",5,"DBSQRPLST","[SYSDEV,DBTBL5Q]QRID",145,1.024)=$C(9)_"}"
^DBTBL("SYSDEV",5,"DBSQRPLST","[SYSDEV,DBTBL5Q]QRID",145,1.025)=""
^DBTBL("SYSDEV",5,"DBSQRPLST","[SYSDEV,DBTBL5Q]QRID",145,1.026)=$C(9)_"quit"
^DBTBL("SYSDEV",5,"DBSQRPLST","[SYSDEV,DBTBL5Q]QRID",146)="25086|@27|6|T||@27|Spaces"
^DBTBL("SYSDEV",5,"DBSQRPLST","[SYSDEV,DBTBL5Q]QRID",147)="25121|@28|5|T||@28|Lines"
^DBTBL("SYSDEV",5,"DBSQRPLST","[SYSDEV,DBTBL5Q]QRID",148)="26033|@29|10|T||@29|Field Name"
^DBTBL("SYSDEV",5,"DBSQRPLST","[SYSDEV,DBTBL5Q]QRID",149)="26048|@30|14|T||@30|Column Heading"
^DBTBL("SYSDEV",5,"DBSQRPLST","[SYSDEV,DBTBL5Q]QRID",150)="26086|@31|6|T||@31|Before"
^DBTBL("SYSDEV",5,"DBSQRPLST","[SYSDEV,DBTBL5Q]QRID",151)="26095|@32|4|T||@32|Size"
^DBTBL("SYSDEV",5,"DBSQRPLST","[SYSDEV,DBTBL5Q]QRID",152)="26102|@33|6|T||@33|Format"
^DBTBL("SYSDEV",5,"DBSQRPLST","[SYSDEV,DBTBL5Q]QRID",153)="26114|@34|4|T||@34|Math"
^DBTBL("SYSDEV",5,"DBSQRPLST","[SYSDEV,DBTBL5Q]QRID",154)="26121|@35|4|T||@35|Skip"
^DBTBL("SYSDEV",5,"DBSQRPLST","[SYSDEV,DBTBL5Q]QRID",155)="27033|@36|11|T||@36|-----------"
^DBTBL("SYSDEV",5,"DBSQRPLST","[SYSDEV,DBTBL5Q]QRID",156)="27048|@37|36|T||@37|------------------------------------"
^DBTBL("SYSDEV",5,"DBSQRPLST","[SYSDEV,DBTBL5Q]QRID",157)="27086|@38|7|T||@38|-------"
^DBTBL("SYSDEV",5,"DBSQRPLST","[SYSDEV,DBTBL5Q]QRID",158)="27095|@39|4|T||@39|----"
^DBTBL("SYSDEV",5,"DBSQRPLST","[SYSDEV,DBTBL5Q]QRID",159)="27102|@40|6|T||@40|------"
^DBTBL("SYSDEV",5,"DBSQRPLST","[SYSDEV,DBTBL5Q]QRID",160)="27114|@41|4|T||@41|----"
^DBTBL("SYSDEV",5,"DBSQRPLST","[SYSDEV,DBTBL5Q]QRID",161)="27121|@42|5|T||@42|-----"
^DBTBL("SYSDEV",5,"DBSQRPLST","[SYSDEV,DBTBL5Q]QRID",162)="28033|@43|99|T||@43|<<ZFORMAT>>||1"
^DBTBL("SYSDEV",5,"DBSQRPLST","[SYSDEV,DBTBL5Q]QRID",162,1)=$C(9)_"type public Number IOSL, verror, VFMQ, VLC"
^DBTBL("SYSDEV",5,"DBSQRPLST","[SYSDEV,DBTBL5Q]QRID",162,1.001)=$C(9)_"type public String VL, ZFORMAT"
^DBTBL("SYSDEV",5,"DBSQRPLST","[SYSDEV,DBTBL5Q]QRID",162,1.002)=""
^DBTBL("SYSDEV",5,"DBSQRPLST","[SYSDEV,DBTBL5Q]QRID",162,1.003)=$C(9)_"type String QRID"
^DBTBL("SYSDEV",5,"DBSQRPLST","[SYSDEV,DBTBL5Q]QRID",162,1.004)=""
^DBTBL("SYSDEV",5,"DBSQRPLST","[SYSDEV,DBTBL5Q]QRID",162,1.005)=$C(9)_"set verror = 0"
^DBTBL("SYSDEV",5,"DBSQRPLST","[SYSDEV,DBTBL5Q]QRID",162,1.006)=$C(9)_"set ZFORMAT = """""
^DBTBL("SYSDEV",5,"DBSQRPLST","[SYSDEV,DBTBL5Q]QRID",162,1.007)=""
^DBTBL("SYSDEV",5,"DBSQRPLST","[SYSDEV,DBTBL5Q]QRID",162,1.008)=$C(9)_"set QRID = rwrs.getCol(""DBTBL5Q.QRID"")"
^DBTBL("SYSDEV",5,"DBSQRPLST","[SYSDEV,DBTBL5Q]QRID",162,1.009)=""
^DBTBL("SYSDEV",5,"DBSQRPLST","[SYSDEV,DBTBL5Q]QRID",162,1.01)=$C(9)_"type DbSet ds=Db.selectDbSet(""DBTBL6F"",""LIBS='SYSDEV' AND QRID=:QRID"",""SEQ ASC"")"
^DBTBL("SYSDEV",5,"DBSQRPLST","[SYSDEV,DBTBL5Q]QRID",162,1.011)=""
^DBTBL("SYSDEV",5,"DBSQRPLST","[SYSDEV,DBTBL5Q]QRID",162,1.012)=$C(9)_"while ds.next() do { quit:verror"
^DBTBL("SYSDEV",5,"DBSQRPLST","[SYSDEV,DBTBL5Q]QRID",162,1.013)=""
^DBTBL("SYSDEV",5,"DBSQRPLST","[SYSDEV,DBTBL5Q]QRID",162,1.014)=$C(9,9)_"type RecordDBTBL6F dbtbl6f = ds.getRecord(""DBTBL6F"")"
^DBTBL("SYSDEV",5,"DBSQRPLST","[SYSDEV,DBTBL5Q]QRID",162,1.015)=""
^DBTBL("SYSDEV",5,"DBSQRPLST","[SYSDEV,DBTBL5Q]QRID",162,1.016)=$C(9,9)_"set VL = $J("""",32)_dbtbl6f.formdi_$J("""", 15 - dbtbl6f.formdi.length())"
^DBTBL("SYSDEV",5,"DBSQRPLST","[SYSDEV,DBTBL5Q]QRID",162,1.017)=$C(9,9)_"set VL = VL_dbtbl6f.formdesc_$J("""", 40 - dbtbl6f.formdesc.length())"
^DBTBL("SYSDEV",5,"DBSQRPLST","[SYSDEV,DBTBL5Q]QRID",162,1.018)=$C(9,9)_"set VL = VL_dbtbl6f.formidn_$J("""", 7 - {String}(dbtbl6f.formidn).length())"
^DBTBL("SYSDEV",5,"DBSQRPLST","[SYSDEV,DBTBL5Q]QRID",162,1.019)=$C(9,9)_"set VL = VL_dbtbl6f.formsize_$J("""", 7 - {String}(dbtbl6f.formsize).length())"
^DBTBL("SYSDEV",5,"DBSQRPLST","[SYSDEV,DBTBL5Q]QRID",162,1.02)=$C(9,9)_"set VL = VL_dbtbl6f.formfmt_$J("""", 12 - dbtbl6f.formfmt.length())"
^DBTBL("SYSDEV",5,"DBSQRPLST","[SYSDEV,DBTBL5Q]QRID",162,1.021)=$C(9,9)_"set VL = VL_dbtbl6f.formfun_$J("""", 7 - dbtbl6f.formfun.length())"
^DBTBL("SYSDEV",5,"DBSQRPLST","[SYSDEV,DBTBL5Q]QRID",162,1.022)=$C(9,9)_"set VL = VL_dbtbl6f.formlf_$J("""", 7 - {String}(dbtbl6f.formlf).length())"
^DBTBL("SYSDEV",5,"DBSQRPLST","[SYSDEV,DBTBL5Q]QRID",162,1.023)=$C(9,9)_"if VLC+2>IOSL do {"
^DBTBL("SYSDEV",5,"DBSQRPLST","[SYSDEV,DBTBL5Q]QRID",162,1.024)=$C(9,9,9)_"do VHDG0"
^DBTBL("SYSDEV",5,"DBSQRPLST","[SYSDEV,DBTBL5Q]QRID",162,1.025)=$C(9,9,9)_"if VFMQ set verror=1"
^DBTBL("SYSDEV",5,"DBSQRPLST","[SYSDEV,DBTBL5Q]QRID",162,1.026)=$C(9,9)_"}"
^DBTBL("SYSDEV",5,"DBSQRPLST","[SYSDEV,DBTBL5Q]QRID",162,1.027)=$C(9,9)_"else  do VOM"
^DBTBL("SYSDEV",5,"DBSQRPLST","[SYSDEV,DBTBL5Q]QRID",162,1.028)=$C(9)_"}"
^DBTBL("SYSDEV",5,"DBSQRPLST","[SYSDEV,DBTBL5Q]QRID",162,1.029)=""
^DBTBL("SYSDEV",5,"DBSQRPLST","[SYSDEV,DBTBL5Q]QRID",162,1.03)=$C(9)_"quit"
