^DBTBL("SYSDEV",5,"DBSRJCLST")="DATA-QWIK Rejected Element Directory"
^DBTBL("SYSDEV",5,"DBSRJCLST",-5)="1|1||64,0,0,0,0,0|10|11|65|9|12|||0|132"
^DBTBL("SYSDEV",5,"DBSRJCLST",0)="DBSRJC|||0|132|60|0|0|0|5.3|||0|||1|0|0"
^DBTBL("SYSDEV",5,"DBSRJCLST",1)="[SYSDEV,DBSRJC]LIBS|0|1|*|A"
^DBTBL("SYSDEV",5,"DBSRJCLST",2)="[SYSDEV,DBSRJC]LEVEL|1|1|*|A"
^DBTBL("SYSDEV",5,"DBSRJCLST",3)="[SYSDEV,DBSRJC]ITEM|0|1|*|A"
^DBTBL("SYSDEV",5,"DBSRJCLST",31)="[DBSRJC]LEVEL <<**>>"
^DBTBL("SYSDEV",5,"DBSRJCLST",32)="[DBSRJC]ITEM <<**>>"
^DBTBL("SYSDEV",5,"DBSRJCLST",111)=$C(9)_"//I18N=OFF"
^DBTBL("SYSDEV",5,"DBSRJCLST",111.001)=$C(9)_"type Public String opt"
^DBTBL("SYSDEV",5,"DBSRJCLST",111.002)=""
^DBTBL("SYSDEV",5,"DBSRJCLST",111.003)=$C(9)_"set opt(1)=""File"" set opt(2)=""Screen"" set opt(3)=""Executive"" set opt(4)=""Query"""
^DBTBL("SYSDEV",5,"DBSRJCLST",111.004)=$C(9)_"set opt(5)=""Report"" set opt(6)=""QWIK Report"" set opt(7)=""Trigger"" set opt(8)=""Index"""
^DBTBL("SYSDEV",5,"DBSRJCLST",111.005)=$C(9)_"set opt(9)=""Journal"" set opt(11)=""Documentation"" set opt(13)=""Pre/post-proc"""
^DBTBL("SYSDEV",5,"DBSRJCLST",111.006)=$C(9)_"set opt(19)=""Foreign Key"" set opt(22)=""Aggregate"" set opt(25)=""Procedure"""
^DBTBL("SYSDEV",5,"DBSRJCLST",111.007)=$C(9)_"quit "
^DBTBL("SYSDEV",5,"DBSRJCLST","@PH",0)="5,1,1"
^DBTBL("SYSDEV",5,"DBSRJCLST","@PH",101)="1001|@1|45|T||@1|<<$G(CONAM)>>"
^DBTBL("SYSDEV",5,"DBSRJCLST","@PH",102)="1101|@2|9|T||@2|Run Date:"
^DBTBL("SYSDEV",5,"DBSRJCLST","@PH",103)="1111|@3|10|T||@3|<<vrundate>>"
^DBTBL("SYSDEV",5,"DBSRJCLST","@PH",104)="1124|@4|8|T||@4|<<%TIM>>"
^DBTBL("SYSDEV",5,"DBSRJCLST","@PH",105)="2001|@5|80|T||@5|<<RN>>  (<<RID>>)"
^DBTBL("SYSDEV",5,"DBSRJCLST","@PH",106)="2103|@6|7|T||@6|System:"
^DBTBL("SYSDEV",5,"DBSRJCLST","@PH",107)="2111|@7|10|T||@7|<<vsysdate>>"
^DBTBL("SYSDEV",5,"DBSRJCLST","@PH",108)="2123|@8|5|T||@8|Page:"
^DBTBL("SYSDEV",5,"DBSRJCLST","@PH",109)="2129|@9|3|N||@9|<<VPN,N,3>>"
^DBTBL("SYSDEV",5,"DBSRJCLST","@PH",110)="4008|@10|17|T||@10|DATA-QWIK Element"
^DBTBL("SYSDEV",5,"DBSRJCLST","@PH",111)="4034|@11|13|T||@11|Reject Reason"
^DBTBL("SYSDEV",5,"DBSRJCLST","@PH",112)="5001|@12|132|T||@12|@CHR(=,132)"
^DBTBL("SYSDEV",5,"DBSRJCLST","@RS",0)="1,1,1"
^DBTBL("SYSDEV",5,"DBSRJCLST","[SYSDEV,DBSRJC]ITEM",0)="3,1,1"
^DBTBL("SYSDEV",5,"DBSRJCLST","[SYSDEV,DBSRJC]ITEM",101)="2001|@13|6|T||@13|Level "
^DBTBL("SYSDEV",5,"DBSRJCLST","[SYSDEV,DBSRJC]ITEM",102)="2007|@14|2|N||@14|<<LEVEL,N,2>>"
^DBTBL("SYSDEV",5,"DBSRJCLST","[SYSDEV,DBSRJC]ITEM",103)="2010|@15|2|T||@15|- "
^DBTBL("SYSDEV",5,"DBSRJCLST","[SYSDEV,DBSRJC]ITEM",104)="2012|@16|30|T||@16|<<ODESC>>||1"
^DBTBL("SYSDEV",5,"DBSRJCLST","[SYSDEV,DBSRJC]ITEM",104,1)=$C(9)_"//I18N=QUIT"
^DBTBL("SYSDEV",5,"DBSRJCLST","[SYSDEV,DBSRJC]ITEM",104,2)=""
^DBTBL("SYSDEV",5,"DBSRJCLST","[SYSDEV,DBSRJC]ITEM",104,3)=$C(9)_"type Public String LEVEL,ODESC,opt"
^DBTBL("SYSDEV",5,"DBSRJCLST","[SYSDEV,DBSRJC]ITEM",104,4)=""
^DBTBL("SYSDEV",5,"DBSRJCLST","[SYSDEV,DBSRJC]ITEM",104,5)=$C(9)_"set ODESC="""""
^DBTBL("SYSDEV",5,"DBSRJCLST","[SYSDEV,DBSRJC]ITEM",104,6)=$C(9)_"if '$D(opt(LEVEL)) quit "
^DBTBL("SYSDEV",5,"DBSRJCLST","[SYSDEV,DBSRJC]ITEM",104,7)=$C(9)_"set ODESC=opt(LEVEL)_"" Definition"""
^DBTBL("SYSDEV",5,"DBSRJCLST","[SYSDEV,DBSRJC]ITEM",104,8)=$C(9)_"quit "
^DBTBL("SYSDEV",5,"DBSRJCLST","[SYSDEV,DBSRJC]ITEM",105)="5008|ITEM|24|T||[SYSDEV,DBSRJC]ITEM|"
^DBTBL("SYSDEV",5,"DBSRJCLST","[SYSDEV,DBSRJC]ITEM",106)="5034|REASON|1|N||[SYSDEV,DBSRJC]REASON|"
^DBTBL("SYSDEV",5,"DBSRJCLST","[SYSDEV,DBSRJC]ITEM",107)="5036|@17|2|T||@17|--"
^DBTBL("SYSDEV",5,"DBSRJCLST","[SYSDEV,DBSRJC]ITEM",108)="5039|@18|64|T||@18|<<RRTEXT>>||1"
^DBTBL("SYSDEV",5,"DBSRJCLST","[SYSDEV,DBSRJC]ITEM",108,1)=$C(9)_"type Public String RRTEXT"
^DBTBL("SYSDEV",5,"DBSRJCLST","[SYSDEV,DBSRJC]ITEM",108,2)=""
^DBTBL("SYSDEV",5,"DBSRJCLST","[SYSDEV,DBSRJC]ITEM",108,3)=$C(9)_"if rwrs.getCol(""DBSRJC.REASON"")=1 set RRTEXT=""Non-special level item modified by customer"" quit      //""DATA-QWIK date/time check failed"" Q"
^DBTBL("SYSDEV",5,"DBSRJCLST","[SYSDEV,DBSRJC]ITEM",108,4)=$C(9)_"if rwrs.getCol(""DBSRJC.REASON"")=2 set RRTEXT=""File header modified by customer"" quit "
^DBTBL("SYSDEV",5,"DBSRJCLST","[SYSDEV,DBSRJC]ITEM",108,5)=$C(9)_"if rwrs.getCol(""DBSRJC.REASON"")=3 set RRTEXT=""New data item already created by customer"" quit "
^DBTBL("SYSDEV",5,"DBSRJCLST","[SYSDEV,DBSRJC]ITEM",108,6)=$C(9)_"if rwrs.getCol(""DBSRJC.REASON"")=4 set RRTEXT=""Data item modified by customer"" quit "
^DBTBL("SYSDEV",5,"DBSRJCLST","[SYSDEV,DBSRJC]ITEM",108,7)=$C(9)_"if rwrs.getCol(""DBSRJC.REASON"")=5 set RRTEXT=""New item already created by customer"" quit "
^DBTBL("SYSDEV",5,"DBSRJCLST","[SYSDEV,DBSRJC]ITEM",108,8)=$C(9)_"if rwrs.getCol(""DBSRJC.REASON"")=6 set RRTEXT=""Item modified by customer"" quit "
^DBTBL("SYSDEV",5,"DBSRJCLST","[SYSDEV,DBSRJC]ITEM",108,9)=$C(9)_"set RRTEXT=""** unknown reason **"""
^DBTBL("SYSDEV",5,"DBSRJCLST","[SYSDEV,DBSRJC]LEVEL",0)="3,3,3"
^DBTBL("SYSDEV",5,"DBSRJCLST","[SYSDEV,DBSRJC]LIBS",0)="3,3,3"
