^DBTBL("SYSDEV",5,"DBSSTFSQL")="Rejected Store and Forward Listing"
^DBTBL("SYSDEV",5,"DBSSTFSQL",-5)="17|1|2|64,0,0,0,0,0|10|11|65|18|16|||0|132"
^DBTBL("SYSDEV",5,"DBSSTFSQL",0)="STFSQL|||0|132|60|0|0|0|5.3|||0|||1|0|0"
^DBTBL("SYSDEV",5,"DBSSTFSQL",1)="[SYSDEV,STFSQL]DATE|1|1|1|A"
^DBTBL("SYSDEV",5,"DBSSTFSQL",2)="[SYSDEV,STFSQL]SEQ|0|1|1|A"
^DBTBL("SYSDEV",5,"DBSSTFSQL",3)="[SYSDEV,STFSQL]BUFSEQ|0|1|1|A"
^DBTBL("SYSDEV",5,"DBSSTFSQL",31)="[STFSQL]DATE <<**>>"
^DBTBL("SYSDEV",5,"DBSSTFSQL",32)="[STFSQL]SEQ <<**>>"
^DBTBL("SYSDEV",5,"DBSSTFSQL","@PH",0)="6,1,1"
^DBTBL("SYSDEV",5,"DBSSTFSQL","@PH",101)="1001|@1|45|T||@1|<<$G(CONAM)>>"
^DBTBL("SYSDEV",5,"DBSSTFSQL","@PH",102)="1101|@2|9|T||@2|Run Date:"
^DBTBL("SYSDEV",5,"DBSSTFSQL","@PH",103)="1111|@3|10|T||@3|<<vrundate>>"
^DBTBL("SYSDEV",5,"DBSSTFSQL","@PH",104)="1124|@4|8|T||@4|<<%TIM>>"
^DBTBL("SYSDEV",5,"DBSSTFSQL","@PH",105)="2001|@5|80|T||@5|<<RN>>  (<<RID>>)"
^DBTBL("SYSDEV",5,"DBSSTFSQL","@PH",106)="2103|@6|7|T||@6|System:"
^DBTBL("SYSDEV",5,"DBSSTFSQL","@PH",107)="2111|@7|10|T||@7|<<vsysdate>>"
^DBTBL("SYSDEV",5,"DBSSTFSQL","@PH",108)="2123|@8|5|T||@8|Page:"
^DBTBL("SYSDEV",5,"DBSSTFSQL","@PH",109)="2129|@9|3|N||@9|<<VPN,N,3>>"
^DBTBL("SYSDEV",5,"DBSSTFSQL","@PH",110)="4002|@10|6|T||@10|Date: "
^DBTBL("SYSDEV",5,"DBSSTFSQL","@PH",111)="4008|DATE|10|D||[SYSDEV,STFSQL]DATE|"
^DBTBL("SYSDEV",5,"DBSSTFSQL","@PH",112)="6002|@11|10|T||@11|Buffer Seq"
^DBTBL("SYSDEV",5,"DBSSTFSQL","@PH",113)="6014|@12|7|T||@12|User ID"
^DBTBL("SYSDEV",5,"DBSSTFSQL","@PH",114)="6036|@13|11|T||@13|Branch Code"
^DBTBL("SYSDEV",5,"DBSSTFSQL","@RS",0)="1,1,1"
^DBTBL("SYSDEV",5,"DBSSTFSQL","[SYSDEV,STFSQL]BUFSEQ",0)="4,20,1"
^DBTBL("SYSDEV",5,"DBSSTFSQL","[SYSDEV,STFSQL]BUFSEQ",26)="6-25"
^DBTBL("SYSDEV",5,"DBSSTFSQL","[SYSDEV,STFSQL]BUFSEQ",101)="1014|@14|115|T||@14|-------------------------------------------------------------------------------------------------------------------"
^DBTBL("SYSDEV",5,"DBSSTFSQL","[SYSDEV,STFSQL]BUFSEQ",102)="2002|SEQ|6|N||[SYSDEV,STFSQL]SEQ|"
^DBTBL("SYSDEV",5,"DBSSTFSQL","[SYSDEV,STFSQL]BUFSEQ",103)="2014|UID|20|T||[SYSDEV,STFSQL]UID|"
^DBTBL("SYSDEV",5,"DBSSTFSQL","[SYSDEV,STFSQL]BUFSEQ",104)="2036|BRCD|6|N||[SYSDEV,STFSQL]BRCD|"
^DBTBL("SYSDEV",5,"DBSSTFSQL","[SYSDEV,STFSQL]BUFSEQ",105)="4014|STATUS|100|T||[SYSDEV,STFSQL]STATUS|"
^DBTBL("SYSDEV",5,"DBSSTFSQL","[SYSDEV,STFSQL]BUFSEQ",106)="6009|BUFSEQ|3|N||[SYSDEV,STFSQL]BUFSEQ|"
^DBTBL("SYSDEV",5,"DBSSTFSQL","[SYSDEV,STFSQL]BUFSEQ",107)="6014|@15|115|T||@15|<<ZSQL1>>||1"
^DBTBL("SYSDEV",5,"DBSSTFSQL","[SYSDEV,STFSQL]BUFSEQ",107,1)=$C(9)_"type Public String ZSQL1,ZSQL10,ZSQL11,ZSQL12,ZSQL13,ZSQL14,ZSQL15,ZSQL16,ZSQL17,ZSQL18,ZSQL19,ZSQL2,ZSQL20,ZSQL3,ZSQL4,ZSQL5,ZSQL6,ZSQL7,ZSQL8,ZSQL9"
^DBTBL("SYSDEV",5,"DBSSTFSQL","[SYSDEV,STFSQL]BUFSEQ",107,1.001)=""
^DBTBL("SYSDEV",5,"DBSSTFSQL","[SYSDEV,STFSQL]BUFSEQ",107,1.002)=$C(9)_"new X"
^DBTBL("SYSDEV",5,"DBSSTFSQL","[SYSDEV,STFSQL]BUFSEQ",107,1.003)=$C(9)_"set X=rwrs.getCol(""STFSQL.SQL"")"
^DBTBL("SYSDEV",5,"DBSSTFSQL","[SYSDEV,STFSQL]BUFSEQ",107,1.004)=$C(9)_"set ZSQL1=$E(X,1,115)"
^DBTBL("SYSDEV",5,"DBSSTFSQL","[SYSDEV,STFSQL]BUFSEQ",107,1.005)=$C(9)_"set ZSQL2=$E(X,116,230)"
^DBTBL("SYSDEV",5,"DBSSTFSQL","[SYSDEV,STFSQL]BUFSEQ",107,1.006)=$C(9)_"set ZSQL3=$E(X,231,345)"
^DBTBL("SYSDEV",5,"DBSSTFSQL","[SYSDEV,STFSQL]BUFSEQ",107,1.007)=$C(9)_"set ZSQL4=$E(X,346,460)"
^DBTBL("SYSDEV",5,"DBSSTFSQL","[SYSDEV,STFSQL]BUFSEQ",107,1.008)=$C(9)_"set ZSQL5=$E(X,461,575)"
^DBTBL("SYSDEV",5,"DBSSTFSQL","[SYSDEV,STFSQL]BUFSEQ",107,1.009)=$C(9)_"set ZSQL6=$E(X,576,690)"
^DBTBL("SYSDEV",5,"DBSSTFSQL","[SYSDEV,STFSQL]BUFSEQ",107,1.01)=$C(9)_"set ZSQL7=$E(X,691,805)"
^DBTBL("SYSDEV",5,"DBSSTFSQL","[SYSDEV,STFSQL]BUFSEQ",107,1.011)=$C(9)_"set ZSQL8=$E(X,806,920)"
^DBTBL("SYSDEV",5,"DBSSTFSQL","[SYSDEV,STFSQL]BUFSEQ",107,1.012)=$C(9)_"set ZSQL9=$E(X,921,1035)"
^DBTBL("SYSDEV",5,"DBSSTFSQL","[SYSDEV,STFSQL]BUFSEQ",107,1.013)=$C(9)_"set ZSQL10=$E(X,1036,1150)"
^DBTBL("SYSDEV",5,"DBSSTFSQL","[SYSDEV,STFSQL]BUFSEQ",107,1.014)=$C(9)_"set ZSQL11=$E(X,1151,1265)"
^DBTBL("SYSDEV",5,"DBSSTFSQL","[SYSDEV,STFSQL]BUFSEQ",107,1.015)=$C(9)_"set ZSQL12=$E(X,1266,1380)"
^DBTBL("SYSDEV",5,"DBSSTFSQL","[SYSDEV,STFSQL]BUFSEQ",107,1.016)=$C(9)_"set ZSQL13=$E(X,1381,1495)"
^DBTBL("SYSDEV",5,"DBSSTFSQL","[SYSDEV,STFSQL]BUFSEQ",107,1.017)=$C(9)_"set ZSQL14=$E(X,1496,1610)"
^DBTBL("SYSDEV",5,"DBSSTFSQL","[SYSDEV,STFSQL]BUFSEQ",107,1.018)=$C(9)_"set ZSQL15=$E(X,1611,1725)"
^DBTBL("SYSDEV",5,"DBSSTFSQL","[SYSDEV,STFSQL]BUFSEQ",107,1.019)=$C(9)_"set ZSQL16=$E(X,1726,1840)"
^DBTBL("SYSDEV",5,"DBSSTFSQL","[SYSDEV,STFSQL]BUFSEQ",107,1.02)=$C(9)_"set ZSQL17=$E(X,1841,1955)"
^DBTBL("SYSDEV",5,"DBSSTFSQL","[SYSDEV,STFSQL]BUFSEQ",107,1.021)=$C(9)_"set ZSQL18=$E(X,1956,2070)"
^DBTBL("SYSDEV",5,"DBSSTFSQL","[SYSDEV,STFSQL]BUFSEQ",107,1.022)=$C(9)_"set ZSQL19=$E(X,2071,2185)"
^DBTBL("SYSDEV",5,"DBSSTFSQL","[SYSDEV,STFSQL]BUFSEQ",107,1.023)=$C(9)_"set ZSQL20=$E(X,2186,2300)"
^DBTBL("SYSDEV",5,"DBSSTFSQL","[SYSDEV,STFSQL]BUFSEQ",107,1.024)=$C(9)_"quit "
^DBTBL("SYSDEV",5,"DBSSTFSQL","[SYSDEV,STFSQL]BUFSEQ",108)="7014|@16|115|T||@16|<<ZSQL2>>"
^DBTBL("SYSDEV",5,"DBSSTFSQL","[SYSDEV,STFSQL]BUFSEQ",109)="8014|@17|115|T||@17|<<ZSQL3>>"
^DBTBL("SYSDEV",5,"DBSSTFSQL","[SYSDEV,STFSQL]BUFSEQ",110)="9014|@18|115|T||@18|<<ZSQL4>>"
^DBTBL("SYSDEV",5,"DBSSTFSQL","[SYSDEV,STFSQL]BUFSEQ",111)="10014|@19|115|T||@19|<<ZSQL5>>"
^DBTBL("SYSDEV",5,"DBSSTFSQL","[SYSDEV,STFSQL]BUFSEQ",112)="11014|@20|115|T||@20|<<ZSQL6>>"
^DBTBL("SYSDEV",5,"DBSSTFSQL","[SYSDEV,STFSQL]BUFSEQ",113)="12014|@21|115|T||@21|<<ZSQL7>>"
^DBTBL("SYSDEV",5,"DBSSTFSQL","[SYSDEV,STFSQL]BUFSEQ",114)="13014|@22|115|T||@22|<<ZSQL8>>"
^DBTBL("SYSDEV",5,"DBSSTFSQL","[SYSDEV,STFSQL]BUFSEQ",115)="14014|@23|115|T||@23|<<ZSQL9>>"
^DBTBL("SYSDEV",5,"DBSSTFSQL","[SYSDEV,STFSQL]BUFSEQ",116)="15014|@24|115|T||@24|<<ZSQL10>>"
^DBTBL("SYSDEV",5,"DBSSTFSQL","[SYSDEV,STFSQL]BUFSEQ",117)="16014|@25|115|T||@25|<<ZSQL11>>"
^DBTBL("SYSDEV",5,"DBSSTFSQL","[SYSDEV,STFSQL]BUFSEQ",118)="17014|@26|115|T||@26|<<ZSQL12>>"
^DBTBL("SYSDEV",5,"DBSSTFSQL","[SYSDEV,STFSQL]BUFSEQ",119)="18014|@27|115|T||@27|<<ZSQL13>>"
^DBTBL("SYSDEV",5,"DBSSTFSQL","[SYSDEV,STFSQL]BUFSEQ",120)="19014|@28|115|T||@28|<<ZSQL14>>"
^DBTBL("SYSDEV",5,"DBSSTFSQL","[SYSDEV,STFSQL]BUFSEQ",121)="20014|@29|115|T||@29|<<ZSQL15>>"
^DBTBL("SYSDEV",5,"DBSSTFSQL","[SYSDEV,STFSQL]BUFSEQ",122)="21014|@30|115|T||@30|<<ZSQL16>>"
^DBTBL("SYSDEV",5,"DBSSTFSQL","[SYSDEV,STFSQL]BUFSEQ",123)="22014|@31|115|T||@31|<<ZSQL17>>"
^DBTBL("SYSDEV",5,"DBSSTFSQL","[SYSDEV,STFSQL]BUFSEQ",124)="23014|@32|115|T||@32|<<ZSQL18>>"
^DBTBL("SYSDEV",5,"DBSSTFSQL","[SYSDEV,STFSQL]BUFSEQ",125)="24014|@33|115|T||@33|<<ZSQL19>>"
^DBTBL("SYSDEV",5,"DBSSTFSQL","[SYSDEV,STFSQL]BUFSEQ",126)="25014|@34|115|T||@34|<<ZSQL20>>"
^DBTBL("SYSDEV",5,"DBSSTFSQL","[SYSDEV,STFSQL]DATE",0)="3,3,3"
^DBTBL("SYSDEV",5,"DBSSTFSQL","[SYSDEV,STFSQL]LINE",0)="1,3,1"
^DBTBL("SYSDEV",5,"DBSSTFSQL","[SYSDEV,STFSQL]SEQ",0)="3,3,3"
