^DBTBL("SYSDEV",5,"DBSSCRLST")="DATA-QWIK Screen Definition"
^DBTBL("SYSDEV",5,"DBSSCRLST",-5)="1|1|2|64,0,0,0,0,0|10|11|39|3|34|||0|132"
^DBTBL("SYSDEV",5,"DBSSCRLST",0)="DBTBL2D,DBTBL2|||0|132|60|0|0|0|5.0||||||0|0|1"
^DBTBL("SYSDEV",5,"DBSSCRLST",1)="[SYSDEV,DBTBL2D]LIBS||1|*|A"
^DBTBL("SYSDEV",5,"DBSSCRLST",2)="[SYSDEV,DBTBL2D]2|0|0|*|A"
^DBTBL("SYSDEV",5,"DBSSCRLST",3)="[SYSDEV,DBTBL2D]SID||0|*|A"
^DBTBL("SYSDEV",5,"DBSSCRLST",4)="[SYSDEV,DBTBL2D]SEQ|0|0|*|A"
^DBTBL("SYSDEV",5,"DBSSCRLST",31)="[DBTBL2D]SEQ'<0"
^DBTBL("SYSDEV",5,"DBSSCRLST",31.001)="[DBTBL2D]SID<<**>>"
^DBTBL("SYSDEV",5,"DBSSCRLST",111)="        //Incoming=DOC,SID,vudwhere"
^DBTBL("SYSDEV",5,"DBSSCRLST",111.001)="        type Public Number DOC"
^DBTBL("SYSDEV",5,"DBSSCRLST",111.002)="        type Public String vudwhere"
^DBTBL("SYSDEV",5,"DBSSCRLST",111.003)="        set DOC=0"
^DBTBL("SYSDEV",5,"DBSSCRLST",111.004)="        set vudwhere="""""
^DBTBL("SYSDEV",5,"DBSSCRLST","@PH",0)="5,1,1"
^DBTBL("SYSDEV",5,"DBSSCRLST","@PH",101)="1001|@1|45|T||@1|<<$G(CONAM)>>"
^DBTBL("SYSDEV",5,"DBSSCRLST","@PH",102)="1101|@2|9|T||@2|Run Date:"
^DBTBL("SYSDEV",5,"DBSSCRLST","@PH",103)="1111|@3|10|T||@3|<<vrundate>>"
^DBTBL("SYSDEV",5,"DBSSCRLST","@PH",104)="1124|@4|8|T||@4|<<%TIM>>"
^DBTBL("SYSDEV",5,"DBSSCRLST","@PH",105)="2001|@5|45|T||@5|<<RN>>  (<<RID>>)"
^DBTBL("SYSDEV",5,"DBSSCRLST","@PH",106)="2103|@6|7|T||@6|System:"
^DBTBL("SYSDEV",5,"DBSSCRLST","@PH",107)="2111|@7|10|T||@7|<<vsysdate>>"
^DBTBL("SYSDEV",5,"DBSSCRLST","@PH",108)="2123|@8|5|T||@8|Page:"
^DBTBL("SYSDEV",5,"DBSSCRLST","@PH",109)="2129|@9|3|N||@9|<<$J(VPN,3)>>"
^DBTBL("SYSDEV",5,"DBSSCRLST","@PH",110)="4005|@10|14|T||@10|Data Item Name"
^DBTBL("SYSDEV",5,"DBSSCRLST","@PH",111)="4032|@11|22|T||@11|Field Name/Description"
^DBTBL("SYSDEV",5,"DBSSCRLST","@PH",112)="4070|@12|4|T||@12|Size"
^DBTBL("SYSDEV",5,"DBSSCRLST","@PH",113)="4076|@13|6|T||@13|Format"
^DBTBL("SYSDEV",5,"DBSSCRLST","@PH",114)="4088|@14|5|T||@14|Style"
^DBTBL("SYSDEV",5,"DBSSCRLST","@PH",115)="4105|@15|3|T||@15|Req"
^DBTBL("SYSDEV",5,"DBSSCRLST","@PH",116)="4111|@16|4|T||@16|Line"
^DBTBL("SYSDEV",5,"DBSSCRLST","@PH",117)="4117|@17|6|T||@17|Column"
^DBTBL("SYSDEV",5,"DBSSCRLST","@PH",118)="4125|@18|7|T||@18|Protect"
^DBTBL("SYSDEV",5,"DBSSCRLST","@PH",119)="5001|@19|132|T||@19|@CHR(-,132)"
^DBTBL("SYSDEV",5,"DBSSCRLST","@RS",0)="1,1,1"
^DBTBL("SYSDEV",5,"DBSSCRLST","@RS",101)="1001|@33|132|T||@33|@CHR(-,132)"
^DBTBL("SYSDEV",5,"DBSSCRLST","[SYSDEV,DBTBL2D]2",0)="1,3,1"
^DBTBL("SYSDEV",5,"DBSSCRLST","[SYSDEV,DBTBL2D]LIBS",0)="1,1,1"
^DBTBL("SYSDEV",5,"DBSSCRLST","[SYSDEV,DBTBL2D]SEQ",0)="1,2,1"
^DBTBL("SYSDEV",5,"DBSSCRLST","[SYSDEV,DBTBL2D]SEQ",26)="3-4"
^DBTBL("SYSDEV",5,"DBSSCRLST","[SYSDEV,DBTBL2D]SEQ",101)="3001|SEQ|3|N||[SYSDEV,DBTBL2D]SEQ|||1"
^DBTBL("SYSDEV",5,"DBSSCRLST","[SYSDEV,DBTBL2D]SEQ",101,1)=$C(9)_"type Public String ZLNKFLG,verror"
^DBTBL("SYSDEV",5,"DBSSCRLST","[SYSDEV,DBTBL2D]SEQ",101,2)=$C(9)_"if ZLNKFLG set verror=2 quit           // Skip this print section for link screens"
^DBTBL("SYSDEV",5,"DBSSCRLST","[SYSDEV,DBTBL2D]SEQ",102)="3004|@32|1|T||@32|)"
^DBTBL("SYSDEV",5,"DBSSCRLST","[SYSDEV,DBTBL2D]SEQ",103)="3006|NAME|25|T||[SYSDEV,DBTBL2D]NAME|"
^DBTBL("SYSDEV",5,"DBSSCRLST","[SYSDEV,DBTBL2D]SEQ",104)="3033|PROMPT|35|T||[SYSDEV,DBTBL2D]PROMPT|"
^DBTBL("SYSDEV",5,"DBSSCRLST","[SYSDEV,DBTBL2D]SEQ",105)="3070|SIZE|3|N||[SYSDEV,DBTBL2D]SIZE|"
^DBTBL("SYSDEV",5,"DBSSCRLST","[SYSDEV,DBTBL2D]SEQ",106)="3076|TYPE|10|T||[SYSDEV,DBTBL2D]TYPE|"
^DBTBL("SYSDEV",5,"DBSSCRLST","[SYSDEV,DBTBL2D]SEQ",107)="3088|SGR|15|T||[SYSDEV,DBTBL2D]SGR|||1"
^DBTBL("SYSDEV",5,"DBSSCRLST","[SYSDEV,DBTBL2D]SEQ",107,1)=$C(9)_"type Public String V"
^DBTBL("SYSDEV",5,"DBSSCRLST","[SYSDEV,DBTBL2D]SEQ",107,2)=$C(9)_"type Number I"
^DBTBL("SYSDEV",5,"DBSSCRLST","[SYSDEV,DBTBL2D]SEQ",107,3)=$C(9)_"type String X,Y"
^DBTBL("SYSDEV",5,"DBSSCRLST","[SYSDEV,DBTBL2D]SEQ",107,4)=$C(9)_"// I18N=OFF : Excluded from I18N standards."
^DBTBL("SYSDEV",5,"DBSSCRLST","[SYSDEV,DBTBL2D]SEQ",107,5)=$C(9)_"set Y="""""
^DBTBL("SYSDEV",5,"DBSSCRLST","[SYSDEV,DBTBL2D]SEQ",107,6)=$C(9)_"if V'["","" set V=$S(V=1:""High Intensity"",2:""Reverse"",1:""Normal"") quit "
^DBTBL("SYSDEV",5,"DBSSCRLST","[SYSDEV,DBTBL2D]SEQ",107,7)=$C(9)_"for I=1:1 set X=$P(V,"","",I) quit:X=""""  do {"
^DBTBL("SYSDEV",5,"DBSSCRLST","[SYSDEV,DBTBL2D]SEQ",107,8)=$C(9,9)_"quit:X<64"
^DBTBL("SYSDEV",5,"DBSSCRLST","[SYSDEV,DBTBL2D]SEQ",107,9)=$C(9,9)_"if Y'="""" set Y=Y_"","""
^DBTBL("SYSDEV",5,"DBSSCRLST","[SYSDEV,DBTBL2D]SEQ",107,10)=$C(9,9)_"set Y=Y_$S(X=64:""Normal"",X=65:""Reverse"",X=66:""Bold"",1:"""")"
^DBTBL("SYSDEV",5,"DBSSCRLST","[SYSDEV,DBTBL2D]SEQ",107,11)=$C(9,9)_"}"
^DBTBL("SYSDEV",5,"DBSSCRLST","[SYSDEV,DBTBL2D]SEQ",107,12)=$C(9)_"set V=Y"
^DBTBL("SYSDEV",5,"DBSSCRLST","[SYSDEV,DBTBL2D]SEQ",107,13)=$C(9)_"quit "
^DBTBL("SYSDEV",5,"DBSSCRLST","[SYSDEV,DBTBL2D]SEQ",108)="3106|REQ|1|L||[SYSDEV,DBTBL2D]REQ|"
^DBTBL("SYSDEV",5,"DBSSCRLST","[SYSDEV,DBTBL2D]SEQ",109)="3113|LN|2|N||[SYSDEV,DBTBL2D]LN|"
^DBTBL("SYSDEV",5,"DBSSCRLST","[SYSDEV,DBTBL2D]SEQ",110)="3119|TB|3|N||[SYSDEV,DBTBL2D]TB|"
^DBTBL("SYSDEV",5,"DBSSCRLST","[SYSDEV,DBTBL2D]SEQ",111)="3129|PRO|1|L||[SYSDEV,DBTBL2D]PRO||1"
^DBTBL("SYSDEV",5,"DBSSCRLST","[SYSDEV,DBTBL2D]SEQ",111,21)=$C(9)_"type Public String V,VL"
^DBTBL("SYSDEV",5,"DBSSCRLST","[SYSDEV,DBTBL2D]SEQ",111,22)=""
^DBTBL("SYSDEV",5,"DBSSCRLST","[SYSDEV,DBTBL2D]SEQ",111,23)=$C(9)_"// Blank line if 0 SEQ, which is DBTBL2 info"
^DBTBL("SYSDEV",5,"DBSSCRLST","[SYSDEV,DBTBL2D]SEQ",111,24)=$C(9)_"// Need to include in select for linked screens"
^DBTBL("SYSDEV",5,"DBSSCRLST","[SYSDEV,DBTBL2D]SEQ",111,25)=$C(9)_"if rwrs.getCol(""DBTBL2D.SEQ"")'>0 S (V,VL)="""""
^DBTBL("SYSDEV",5,"DBSSCRLST","[SYSDEV,DBTBL2D]SEQ",112)="4026|PREPP|60|T||[SYSDEV,DBTBL2D]PREPP|||1"
^DBTBL("SYSDEV",5,"DBSSCRLST","[SYSDEV,DBTBL2D]SEQ",112,1)=$C(9)_"type Public Number verror"
^DBTBL("SYSDEV",5,"DBSSCRLST","[SYSDEV,DBTBL2D]SEQ",112,1.001)=$C(9)_"type Number PSEQ"
^DBTBL("SYSDEV",5,"DBSSCRLST","[SYSDEV,DBTBL2D]SEQ",112,1.002)=$C(9)_"type String SEQ,SID"
^DBTBL("SYSDEV",5,"DBSSCRLST","[SYSDEV,DBTBL2D]SEQ",112,1.003)=$C(9)_"set verror=0"
^DBTBL("SYSDEV",5,"DBSSCRLST","[SYSDEV,DBTBL2D]SEQ",112,1.004)=$C(9)_"set SEQ=rwrs.getCol(""DBTBL2D.SEQ"")"
^DBTBL("SYSDEV",5,"DBSSCRLST","[SYSDEV,DBTBL2D]SEQ",112,1.005)=$C(9)_"set SID=rwrs.getCol(""DBTBL2D.SID"")"
^DBTBL("SYSDEV",5,"DBSSCRLST","[SYSDEV,DBTBL2D]SEQ",112,1.006)=$C(9)_"for PSEQ=1,21 do ZDBSPP1(SEQ,PSEQ,SID) quit:verror"
^DBTBL("SYSDEV",5,"DBSSCRLST","[SYSDEV,DBTBL2D]SEQ",112,1.007)=$C(9)_"quit"
^DBTBL("SYSDEV",5,"DBSSCRLST","[SYSDEV,DBTBL2D]SEQ",112,1.008)="ZDBSPP1(Number SEQ,Number PSEQ,String SID)"_$C(9)_"/*"
^DBTBL("SYSDEV",5,"DBSSCRLST","[SYSDEV,DBTBL2D]SEQ",112,1.009)=$C(9)_"Arguments:"
^DBTBL("SYSDEV",5,"DBSSCRLST","[SYSDEV,DBTBL2D]SEQ",112,1.01)=$C(9,9)_". SEQ"_$C(9)_"Item number"
^DBTBL("SYSDEV",5,"DBSSCRLST","[SYSDEV,DBTBL2D]SEQ",112,1.011)=$C(9,9)_". PSEQ"_$C(9)_"User defined pre/post-processors"
^DBTBL("SYSDEV",5,"DBSSCRLST","[SYSDEV,DBTBL2D]SEQ",112,1.012)=$C(9,9)_". SID"_$C(9)_"Screen name"
^DBTBL("SYSDEV",5,"DBSSCRLST","[SYSDEV,DBTBL2D]SEQ",112,1.013)=$C(9)_"*/"
^DBTBL("SYSDEV",5,"DBSSCRLST","[SYSDEV,DBTBL2D]SEQ",112,1.014)=$C(9)_"type Public Number verror"
^DBTBL("SYSDEV",5,"DBSSCRLST","[SYSDEV,DBTBL2D]SEQ",112,1.015)=$C(9)_"type Public String VL"
^DBTBL("SYSDEV",5,"DBSSCRLST","[SYSDEV,DBTBL2D]SEQ",112,1.016)=$C(9)_"type Number END,START"
^DBTBL("SYSDEV",5,"DBSSCRLST","[SYSDEV,DBTBL2D]SEQ",112,1.017)=$C(9)_"set START=PSEQ-.001,END=PSEQ+20"
^DBTBL("SYSDEV",5,"DBSSCRLST","[SYSDEV,DBTBL2D]SEQ",112,1.018)=$C(9)_"type ResultSet rs=Db.select(""CODE"",""DBTBL2PP"",""LIBS='SYSDEV' AND SID=:SID AND SEQ=:SEQ AND PSEQ>:START AND PSEQ<:END"",""PSEQ ASC"")"
^DBTBL("SYSDEV",5,"DBSSCRLST","[SYSDEV,DBTBL2D]SEQ",112,1.019)=$C(9)_"quit:rs.isEmpty()"
^DBTBL("SYSDEV",5,"DBSSCRLST","[SYSDEV,DBTBL2D]SEQ",112,1.02)=$C(9)_"if PSEQ=1 set VL=""Pre-Processor"""
^DBTBL("SYSDEV",5,"DBSSCRLST","[SYSDEV,DBTBL2D]SEQ",112,1.021)=$C(9)_"else  if PSEQ=21 set VL=""Post-Processor"""
^DBTBL("SYSDEV",5,"DBSSCRLST","[SYSDEV,DBTBL2D]SEQ",112,1.022)=$C(9)_"else  set VL="""""
^DBTBL("SYSDEV",5,"DBSSCRLST","[SYSDEV,DBTBL2D]SEQ",112,1.023)=$C(9)_"set VL=$J("""",25)_""<""_VL_"">"" do ZPPDSP quit:verror"
^DBTBL("SYSDEV",5,"DBSSCRLST","[SYSDEV,DBTBL2D]SEQ",112,1.024)=$C(9)_"set VL="" "" do ZPPDSP quit:verror"
^DBTBL("SYSDEV",5,"DBSSCRLST","[SYSDEV,DBTBL2D]SEQ",112,1.025)=$C(9)_"while rs.next() do {"
^DBTBL("SYSDEV",5,"DBSSCRLST","[SYSDEV,DBTBL2D]SEQ",112,1.026)=$C(9,9)_"set VL=$J("""",25)_rs.getRow()"
^DBTBL("SYSDEV",5,"DBSSCRLST","[SYSDEV,DBTBL2D]SEQ",112,1.027)=$C(9,9)_"do ZPPDSP quit:verror"
^DBTBL("SYSDEV",5,"DBSSCRLST","[SYSDEV,DBTBL2D]SEQ",112,1.028)=$C(9,9)_"}"
^DBTBL("SYSDEV",5,"DBSSCRLST","[SYSDEV,DBTBL2D]SEQ",112,1.029)=$C(9)_"set VL="" "" do ZPPDSP quit:verror"
^DBTBL("SYSDEV",5,"DBSSCRLST","[SYSDEV,DBTBL2D]SEQ",112,1.03)=$C(9)_"quit"
^DBTBL("SYSDEV",5,"DBSSCRLST","[SYSDEV,DBTBL2D]SID",0)="1,7,1"
^DBTBL("SYSDEV",5,"DBSSCRLST","[SYSDEV,DBTBL2D]SID",26)="7-8"
^DBTBL("SYSDEV",5,"DBSSCRLST","[SYSDEV,DBTBL2D]SID",101)="3002|@20|6|T||@20|Name: "
^DBTBL("SYSDEV",5,"DBSSCRLST","[SYSDEV,DBTBL2D]SID",102)="3008|SID|12|T||[SYSDEV,DBTBL2]SID|"
^DBTBL("SYSDEV",5,"DBSSCRLST","[SYSDEV,DBTBL2D]SID",103)="3025|DESC|40|T||[SYSDEV,DBTBL2]DESC|"
^DBTBL("SYSDEV",5,"DBSSCRLST","[SYSDEV,DBTBL2D]SID",104)="3068|@21|8|T||@21|Program:"
^DBTBL("SYSDEV",5,"DBSSCRLST","[SYSDEV,DBTBL2D]SID",105)="3078|VPGM|8|T||[SYSDEV,DBTBL2]VPGM|"
^DBTBL("SYSDEV",5,"DBSSCRLST","[SYSDEV,DBTBL2D]SID",106)="3088|@22|8|T||@22|User ID:"
^DBTBL("SYSDEV",5,"DBSSCRLST","[SYSDEV,DBTBL2D]SID",107)="3097|UID|16|T||[SYSDEV,DBTBL2]UID|"
^DBTBL("SYSDEV",5,"DBSSCRLST","[SYSDEV,DBTBL2D]SID",108)="3115|@23|6|T||@23|Date: "
^DBTBL("SYSDEV",5,"DBSSCRLST","[SYSDEV,DBTBL2D]SID",109)="3121|DATE|10|D||[SYSDEV,DBTBL2]DATE|"
^DBTBL("SYSDEV",5,"DBSSCRLST","[SYSDEV,DBTBL2D]SID",110)="5025|@24|6|T||@24|Files:"
^DBTBL("SYSDEV",5,"DBSSCRLST","[SYSDEV,DBTBL2D]SID",111)="5033|PFID|40|T||[SYSDEV,DBTBL2]PFID|"
^DBTBL("SYSDEV",5,"DBSSCRLST","[SYSDEV,DBTBL2D]SID",112)="5089|@25|21|T||@25|Screen Clear Option: "
^DBTBL("SYSDEV",5,"DBSSCRLST","[SYSDEV,DBTBL2D]SID",113)="5110|SCRCLR|1|N||[SYSDEV,DBTBL2]SCRCLR|"
^DBTBL("SYSDEV",5,"DBSSCRLST","[SYSDEV,DBTBL2D]SID",114)="5115|@26|15|T||@26|Repeat Region: "
^DBTBL("SYSDEV",5,"DBSSCRLST","[SYSDEV,DBTBL2D]SID",115)="5130|REPEAT|2|N||[SYSDEV,DBTBL2]REPEAT|"
^DBTBL("SYSDEV",5,"DBSSCRLST","[SYSDEV,DBTBL2D]SID",116)="6092|@27|17|T||@27|Protection Logic:"
^DBTBL("SYSDEV",5,"DBSSCRLST","[SYSDEV,DBTBL2D]SID",117)="6110|RESFLG|1|L||[SYSDEV,DBTBL2]RESFLG|"
^DBTBL("SYSDEV",5,"DBSSCRLST","[SYSDEV,DBTBL2D]SID",118)="6114|@28|15|T||@28|Group Required:"
^DBTBL("SYSDEV",5,"DBSSCRLST","[SYSDEV,DBTBL2D]SID",119)="6130|REPREQ|2|T||[SYSDEV,DBTBL2]REPREQ|"
^DBTBL("SYSDEV",5,"DBSSCRLST","[SYSDEV,DBTBL2D]SID",120)="7026|@29|60|T||@29|<<ZPREPP>>||1"
^DBTBL("SYSDEV",5,"DBSSCRLST","[SYSDEV,DBTBL2D]SID",120,1)=$C(9)_"type Public Number verror"
^DBTBL("SYSDEV",5,"DBSSCRLST","[SYSDEV,DBTBL2D]SID",120,1.001)=$C(9)_"type Public String ZPREPP"
^DBTBL("SYSDEV",5,"DBSSCRLST","[SYSDEV,DBTBL2D]SID",120,1.002)=$C(9)_"type Number SEQ"
^DBTBL("SYSDEV",5,"DBSSCRLST","[SYSDEV,DBTBL2D]SID",120,1.003)=$C(9)_"type String SID"
^DBTBL("SYSDEV",5,"DBSSCRLST","[SYSDEV,DBTBL2D]SID",120,1.004)=""
^DBTBL("SYSDEV",5,"DBSSCRLST","[SYSDEV,DBTBL2D]SID",120,1.005)=$C(9)_"set SID=rwrs.getCol(""DBTBL2D.SID"")"
^DBTBL("SYSDEV",5,"DBSSCRLST","[SYSDEV,DBTBL2D]SID",120,1.006)=""
^DBTBL("SYSDEV",5,"DBSSCRLST","[SYSDEV,DBTBL2D]SID",120,1.007)=$C(9)_"// I18N=OFF: Excluded from I18N standards"
^DBTBL("SYSDEV",5,"DBSSCRLST","[SYSDEV,DBTBL2D]SID",120,1.008)=$C(9)_"set verror=0"
^DBTBL("SYSDEV",5,"DBSSCRLST","[SYSDEV,DBTBL2D]SID",120,1.009)=$C(9)_"for SEQ=81,61,101,121,1,21,41 do ZDBSPP2(SEQ,SID) quit:verror"
^DBTBL("SYSDEV",5,"DBSSCRLST","[SYSDEV,DBTBL2D]SID",120,1.01)=$C(9)_"set ZPREPP="""""
^DBTBL("SYSDEV",5,"DBSSCRLST","[SYSDEV,DBTBL2D]SID",120,1.011)=$C(9)_"quit"
^DBTBL("SYSDEV",5,"DBSSCRLST","[SYSDEV,DBTBL2D]SID",120,1.012)=""
^DBTBL("SYSDEV",5,"DBSSCRLST","[SYSDEV,DBTBL2D]SID",120,1.013)="ZDBSPP2(Number SEQ,String SID)"_$C(9)_"/*"
^DBTBL("SYSDEV",5,"DBSSCRLST","[SYSDEV,DBTBL2D]SID",120,1.014)=$C(9)_"Arguments:"
^DBTBL("SYSDEV",5,"DBSSCRLST","[SYSDEV,DBTBL2D]SID",120,1.015)=$C(9,9)_". SEQ"_$C(9)_"User defined processors (screen pre,"
^DBTBL("SYSDEV",5,"DBSSCRLST","[SYSDEV,DBTBL2D]SID",120,1.016)=$C(9,9,9)_"screen post,VLOD,set definition,data-entry"
^DBTBL("SYSDEV",5,"DBSSCRLST","[SYSDEV,DBTBL2D]SID",120,1.017)=$C(9,9,9)_"pre-processor)"
^DBTBL("SYSDEV",5,"DBSSCRLST","[SYSDEV,DBTBL2D]SID",120,1.018)=$C(9,9)_". SID"_$C(9)_"Screen name"
^DBTBL("SYSDEV",5,"DBSSCRLST","[SYSDEV,DBTBL2D]SID",120,1.019)=$C(9)_"*/"
^DBTBL("SYSDEV",5,"DBSSCRLST","[SYSDEV,DBTBL2D]SID",120,1.02)=""
^DBTBL("SYSDEV",5,"DBSSCRLST","[SYSDEV,DBTBL2D]SID",120,1.021)=$C(9)_"type Public Number verror"
^DBTBL("SYSDEV",5,"DBSSCRLST","[SYSDEV,DBTBL2D]SID",120,1.022)=$C(9)_"type Public String VL"
^DBTBL("SYSDEV",5,"DBSSCRLST","[SYSDEV,DBTBL2D]SID",120,1.023)=$C(9)_"type Number END,START"
^DBTBL("SYSDEV",5,"DBSSCRLST","[SYSDEV,DBTBL2D]SID",120,1.024)=""
^DBTBL("SYSDEV",5,"DBSSCRLST","[SYSDEV,DBTBL2D]SID",120,1.025)=$C(9)_"set START=SEQ-.001,END=SEQ+20"
^DBTBL("SYSDEV",5,"DBSSCRLST","[SYSDEV,DBTBL2D]SID",120,1.026)=$C(9)_"type ResultSet rs=Db.select(""CODE"",""DBTBL2PP"",""LIBS='SYSDEV' AND SID=:SID AND SEQ=0 AND PSEQ>:START AND PSEQ<:END"",""PSEQ ASC"")"
^DBTBL("SYSDEV",5,"DBSSCRLST","[SYSDEV,DBTBL2D]SID",120,1.027)=$C(9)_"quit:rs.isEmpty()"
^DBTBL("SYSDEV",5,"DBSSCRLST","[SYSDEV,DBTBL2D]SID",120,1.028)=$C(9)_"if SEQ=1 set VL=""Data Entry Pre-Processor"""
^DBTBL("SYSDEV",5,"DBSSCRLST","[SYSDEV,DBTBL2D]SID",120,1.029)=$C(9)_"else  if SEQ=21 set VL=""Screen Post-Processor"""
^DBTBL("SYSDEV",5,"DBSSCRLST","[SYSDEV,DBTBL2D]SID",120,1.03)=$C(9)_"else  if SEQ=41 set VL=""Required Data Item Set Definition"""
^DBTBL("SYSDEV",5,"DBSSCRLST","[SYSDEV,DBTBL2D]SID",120,1.031)=$C(9)_"else  if SEQ=61 set VL=""Screen Pre-Processor"""
^DBTBL("SYSDEV",5,"DBSSCRLST","[SYSDEV,DBTBL2D]SID",120,1.032)=$C(9)_"else  if SEQ=81 set VL=""Documentation"""
^DBTBL("SYSDEV",5,"DBSSCRLST","[SYSDEV,DBTBL2D]SID",120,1.033)=$C(9)_"else  if SEQ=101 set VL=""User Defined VLOD Definition"""
^DBTBL("SYSDEV",5,"DBSSCRLST","[SYSDEV,DBTBL2D]SID",120,1.034)=$C(9)_"else  if SEQ=121 set VL=""Display Pre-Processor"""
^DBTBL("SYSDEV",5,"DBSSCRLST","[SYSDEV,DBTBL2D]SID",120,1.035)=$C(9)_"else  set VL="""""
^DBTBL("SYSDEV",5,"DBSSCRLST","[SYSDEV,DBTBL2D]SID",120,1.036)=$C(9)_"set VL=$J("""",25)_""<""_VL_"">"" do ZPPDSP quit:verror"
^DBTBL("SYSDEV",5,"DBSSCRLST","[SYSDEV,DBTBL2D]SID",120,1.037)=$C(9)_"set VL="" "" do ZPPDSP quit:verror"
^DBTBL("SYSDEV",5,"DBSSCRLST","[SYSDEV,DBTBL2D]SID",120,1.038)=$C(9)_"while rs.next() do {"
^DBTBL("SYSDEV",5,"DBSSCRLST","[SYSDEV,DBTBL2D]SID",120,1.039)=$C(9,9)_"set VL=$J("""",25)_rs.getRow()"
^DBTBL("SYSDEV",5,"DBSSCRLST","[SYSDEV,DBTBL2D]SID",120,1.04)=$C(9,9)_"do ZPPDSP quit:verror"
^DBTBL("SYSDEV",5,"DBSSCRLST","[SYSDEV,DBTBL2D]SID",120,1.041)=$C(9,9)_"}"
^DBTBL("SYSDEV",5,"DBSSCRLST","[SYSDEV,DBTBL2D]SID",120,1.042)=$C(9)_"set VL="" "" do ZPPDSP quit:verror"
^DBTBL("SYSDEV",5,"DBSSCRLST","[SYSDEV,DBTBL2D]SID",120,1.043)=$C(9)_"quit"
^DBTBL("SYSDEV",5,"DBSSCRLST","[SYSDEV,DBTBL2D]SID",120,1.044)=""
^DBTBL("SYSDEV",5,"DBSSCRLST","[SYSDEV,DBTBL2D]SID",120,1.045)="ZPPDSP"_$C(9)_"// Display line"
^DBTBL("SYSDEV",5,"DBSSCRLST","[SYSDEV,DBTBL2D]SID",120,1.046)=$C(9)_"type Public Number IOSL,verror,VFMQ,VLC"
^DBTBL("SYSDEV",5,"DBSSCRLST","[SYSDEV,DBTBL2D]SID",120,1.047)=$C(9)_"if VLC+2>IOSL do {"
^DBTBL("SYSDEV",5,"DBSSCRLST","[SYSDEV,DBTBL2D]SID",120,1.048)=$C(9,9)_"do VHDG0"
^DBTBL("SYSDEV",5,"DBSSCRLST","[SYSDEV,DBTBL2D]SID",120,1.049)=$C(9,9)_"if VFMQ set verror=1"
^DBTBL("SYSDEV",5,"DBSSCRLST","[SYSDEV,DBTBL2D]SID",120,1.05)=$C(9,9)_"}"
^DBTBL("SYSDEV",5,"DBSSCRLST","[SYSDEV,DBTBL2D]SID",120,1.051)=$C(9)_"else  do VOM"
^DBTBL("SYSDEV",5,"DBSSCRLST","[SYSDEV,DBTBL2D]SID",120,1.052)=$C(9)_"quit"
^DBTBL("SYSDEV",5,"DBSSCRLST","[SYSDEV,DBTBL2D]SID",120,1.053)=$C(9)_"// I18N=ON"
^DBTBL("SYSDEV",5,"DBSSCRLST","[SYSDEV,DBTBL2D]SID",121)="8026|@30|60|T||@30|<<ZLINK>>||1"
^DBTBL("SYSDEV",5,"DBSSCRLST","[SYSDEV,DBTBL2D]SID",121,1)=$C(9)_"type Public String IOSL,PREPP,VFMQ,VL,VLC,XYZ,ZLINK,ZLNKFLG,ZLNKNAM,ZTEXT,verror"
^DBTBL("SYSDEV",5,"DBSSCRLST","[SYSDEV,DBTBL2D]SID",121,1.001)=$C(9)_"set ZLINK="""" set PREPP="""" set ZLNKFLG=0"
^DBTBL("SYSDEV",5,"DBSSCRLST","[SYSDEV,DBTBL2D]SID",121,1.002)=$C(9)_"if rwrs.getCol(""DBTBL2.LNK1"")="""" quit"
^DBTBL("SYSDEV",5,"DBSSCRLST","[SYSDEV,DBTBL2D]SID",121,1.003)=$C(9)_"set ZLNKFLG=1,verror=0"
^DBTBL("SYSDEV",5,"DBSSCRLST","[SYSDEV,DBTBL2D]SID",121,1.004)=$C(9)_"do ZPNTLNK(rwrs.getCol(""DBTBL2.LNK1"")) quit:verror"
^DBTBL("SYSDEV",5,"DBSSCRLST","[SYSDEV,DBTBL2D]SID",121,1.005)=$C(9)_"do ZPNTLNK(rwrs.getCol(""DBTBL2.LNK2"")) quit:verror"
^DBTBL("SYSDEV",5,"DBSSCRLST","[SYSDEV,DBTBL2D]SID",121,1.006)=$C(9)_"do ZPNTLNK(rwrs.getCol(""DBTBL2.LNK3"")) quit:verror"
^DBTBL("SYSDEV",5,"DBSSCRLST","[SYSDEV,DBTBL2D]SID",121,1.007)=$C(9)_"do ZPNTLNK(rwrs.getCol(""DBTBL2.LNK4"")) quit:verror"
^DBTBL("SYSDEV",5,"DBSSCRLST","[SYSDEV,DBTBL2D]SID",121,1.008)=$C(9)_"do ZPNTLNK(rwrs.getCol(""DBTBL2.LNK5"")) quit:verror"
^DBTBL("SYSDEV",5,"DBSSCRLST","[SYSDEV,DBTBL2D]SID",121,1.009)=$C(9)_"do ZPNTLNK(rwrs.getCol(""DBTBL2.LNK6"")) quit:verror"
^DBTBL("SYSDEV",5,"DBSSCRLST","[SYSDEV,DBTBL2D]SID",121,1.01)=$C(9)_"do ZPNTLNK(rwrs.getCol(""DBTBL2.LNK7"")) quit:verror"
^DBTBL("SYSDEV",5,"DBSSCRLST","[SYSDEV,DBTBL2D]SID",121,1.011)=$C(9)_"do ZPNTLNK(rwrs.getCol(""DBTBL2.LNK8"")) quit:verror"
^DBTBL("SYSDEV",5,"DBSSCRLST","[SYSDEV,DBTBL2D]SID",121,1.012)=$C(9)_"do ZPNTLNK(rwrs.getCol(""DBTBL2.LNK9"")) quit:verror"
^DBTBL("SYSDEV",5,"DBSSCRLST","[SYSDEV,DBTBL2D]SID",121,1.013)=$C(9)_"do ZPNTLNK(rwrs.getCol(""DBTBL2.LNK10"")) quit:verror"
^DBTBL("SYSDEV",5,"DBSSCRLST","[SYSDEV,DBTBL2D]SID",121,1.014)=$C(9)_"do ZPNTLNK(rwrs.getCol(""DBTBL2.LNK11"")) quit:verror"
^DBTBL("SYSDEV",5,"DBSSCRLST","[SYSDEV,DBTBL2D]SID",121,1.015)=$C(9)_"do ZPNTLNK(rwrs.getCol(""DBTBL2.LNK12"")) quit:verror"
^DBTBL("SYSDEV",5,"DBSSCRLST","[SYSDEV,DBTBL2D]SID",121,1.016)=$C(9)_"do ZPNTLNK(rwrs.getCol(""DBTBL2.LNK13"")) quit:verror"
^DBTBL("SYSDEV",5,"DBSSCRLST","[SYSDEV,DBTBL2D]SID",121,1.017)=$C(9)_"do ZPNTLNK(rwrs.getCol(""DBTBL2.LNK14"")) quit:verror"
^DBTBL("SYSDEV",5,"DBSSCRLST","[SYSDEV,DBTBL2D]SID",121,1.018)=$C(9)_"do ZPNTLNK(rwrs.getCol(""DBTBL2.LNK15"")) quit:verror"
^DBTBL("SYSDEV",5,"DBSSCRLST","[SYSDEV,DBTBL2D]SID",121,1.019)=$C(9)_"do ZPNTLNK(rwrs.getCol(""DBTBL2.LNK16"")) quit:verror"
^DBTBL("SYSDEV",5,"DBSSCRLST","[SYSDEV,DBTBL2D]SID",121,1.02)=$C(9)_"do ZPNTLNK(rwrs.getCol(""DBTBL2.LNK17"")) quit:verror"
^DBTBL("SYSDEV",5,"DBSSCRLST","[SYSDEV,DBTBL2D]SID",121,1.021)=$C(9)_"do ZPNTLNK(rwrs.getCol(""DBTBL2.LNK18"")) quit:verror"
^DBTBL("SYSDEV",5,"DBSSCRLST","[SYSDEV,DBTBL2D]SID",121,1.022)=$C(9)_"do ZPNTLNK(rwrs.getCol(""DBTBL2.LNK19"")) quit:verror"
^DBTBL("SYSDEV",5,"DBSSCRLST","[SYSDEV,DBTBL2D]SID",121,1.023)=$C(9)_"do ZPNTLNK(rwrs.getCol(""DBTBL2.LNK20"")) quit:verror"
^DBTBL("SYSDEV",5,"DBSSCRLST","[SYSDEV,DBTBL2D]SID",121,1.024)=$C(9)_"do ZPNTLNK(rwrs.getCol(""DBTBL2.LNK21"")) quit:verror"
^DBTBL("SYSDEV",5,"DBSSCRLST","[SYSDEV,DBTBL2D]SID",121,1.025)=$C(9)_"do ZPNTLNK(rwrs.getCol(""DBTBL2.LNK22"")) quit:verror"
^DBTBL("SYSDEV",5,"DBSSCRLST","[SYSDEV,DBTBL2D]SID",121,1.026)=$C(9)_"do ZPNTLNK(rwrs.getCol(""DBTBL2.LNK23"")) quit:verror"
^DBTBL("SYSDEV",5,"DBSSCRLST","[SYSDEV,DBTBL2D]SID",121,1.027)=$C(9)_"do ZPNTLNK(rwrs.getCol(""DBTBL2.LNK24"")) quit:verror"
^DBTBL("SYSDEV",5,"DBSSCRLST","[SYSDEV,DBTBL2D]SID",121,1.028)=$C(9)_"do ZPNTLNK(rwrs.getCol(""DBTBL2.LNK25"")) quit:verror"
^DBTBL("SYSDEV",5,"DBSSCRLST","[SYSDEV,DBTBL2D]SID",121,1.029)=$C(9)_"do ZPNTLNK(rwrs.getCol(""DBTBL2.LNK26"")) quit:verror"
^DBTBL("SYSDEV",5,"DBSSCRLST","[SYSDEV,DBTBL2D]SID",121,1.03)=$C(9)_"do ZPNTLNK(rwrs.getCol(""DBTBL2.LNK27"")) quit:verror"
^DBTBL("SYSDEV",5,"DBSSCRLST","[SYSDEV,DBTBL2D]SID",121,1.031)=$C(9)_"do ZPNTLNK(rwrs.getCol(""DBTBL2.LNK28"")) quit:verror"
^DBTBL("SYSDEV",5,"DBSSCRLST","[SYSDEV,DBTBL2D]SID",121,1.032)=$C(9)_"set ZLINK="""""
^DBTBL("SYSDEV",5,"DBSSCRLST","[SYSDEV,DBTBL2D]SID",121,1.033)=$C(9)_"quit "
^DBTBL("SYSDEV",5,"DBSSCRLST","[SYSDEV,DBTBL2D]SID",121,1.034)="ZPNTLNK(String SID) //"
^DBTBL("SYSDEV",5,"DBSSCRLST","[SYSDEV,DBTBL2D]SID",121,1.035)=$C(9)_"type Public String VL"
^DBTBL("SYSDEV",5,"DBSSCRLST","[SYSDEV,DBTBL2D]SID",121,1.036)=$C(9)_"quit:SID="""""
^DBTBL("SYSDEV",5,"DBSSCRLST","[SYSDEV,DBTBL2D]SID",121,1.037)=$C(9)_"type RecordDBTBL2 dbtbl2=Db.getRecord(""DBTBL2"",""LIBS='SYSDEV',SID=:SID"",1)"
^DBTBL("SYSDEV",5,"DBSSCRLST","[SYSDEV,DBTBL2D]SID",121,1.038)=$C(9)_"quit:'dbtbl2.getMode()"
^DBTBL("SYSDEV",5,"DBSSCRLST","[SYSDEV,DBTBL2D]SID",121,1.039)=$C(9)_"set VL=$J("""",25)_SID_$J("""",20-$L(SID))_dbtbl2.desc"
^DBTBL("SYSDEV",5,"DBSSCRLST","[SYSDEV,DBTBL2D]SID",121,1.04)=$C(9)_"do ZPPDSP"
^DBTBL("SYSDEV",5,"DBSSCRLST","[SYSDEV,DBTBL2D]SID",121,1.041)=$C(9)_"quit"
^DBTBL("SYSDEV",5,"DBSSCRLST","[SYSDEV,DBTBL2D]SID",122)="9001|@31|132|T||@31|@CHR(-,132)"
