^DBTBL("SYSDEV",5,"DBSTRGLST")="List Trigger Definition"
^DBTBL("SYSDEV",5,"DBSTRGLST",-5)="1|1|2|64,0,0,0,0,0|10|11|65|16|13|||0|132"
^DBTBL("SYSDEV",5,"DBSTRGLST",0)="DBTBL7|||0|132|60|0|0|0|5.2|||0|||1|0|0"
^DBTBL("SYSDEV",5,"DBSTRGLST",1)="[SYSDEV,DBTBL7]%LIBS|0|1|*|A"
^DBTBL("SYSDEV",5,"DBSTRGLST",2)="[SYSDEV,DBTBL7]TABLE|1|1|*|A"
^DBTBL("SYSDEV",5,"DBSTRGLST",3)="[SYSDEV,DBTBL7]TRGID|0|1|1|A"
^DBTBL("SYSDEV",5,"DBSTRGLST",31)="[DBTBL7]TABLE <<**>>"
^DBTBL("SYSDEV",5,"DBSTRGLST",32)="[DBTBL7]TRGID <<**>>"
^DBTBL("SYSDEV",5,"DBSTRGLST",33)="[DBTBL7]COLUMNS <<**>>"
^DBTBL("SYSDEV",5,"DBSTRGLST",34)="[DBTBL7]TLD <<**>>"
^DBTBL("SYSDEV",5,"DBSTRGLST",35)="[DBTBL7]USER <<**>>"
^DBTBL("SYSDEV",5,"DBSTRGLST","@PH",0)="6,1,1"
^DBTBL("SYSDEV",5,"DBSTRGLST","@PH",101)="1001|@1|45|T||@1|<<$G(CONAM)>>"
^DBTBL("SYSDEV",5,"DBSTRGLST","@PH",102)="1101|@2|9|T||@2|Run Date:"
^DBTBL("SYSDEV",5,"DBSTRGLST","@PH",103)="1111|@3|10|T||@3|<<vrundate>>"
^DBTBL("SYSDEV",5,"DBSTRGLST","@PH",104)="1124|@4|8|T||@4|<<%TIM>>"
^DBTBL("SYSDEV",5,"DBSTRGLST","@PH",105)="2001|@5|80|T||@5|<<RN>>  (<<RID>>)"
^DBTBL("SYSDEV",5,"DBSTRGLST","@PH",106)="2103|@6|7|T||@6|System:"
^DBTBL("SYSDEV",5,"DBSTRGLST","@PH",107)="2111|@7|10|T||@7|<<vsysdate>>"
^DBTBL("SYSDEV",5,"DBSTRGLST","@PH",108)="2123|@8|5|T||@8|Page:"
^DBTBL("SYSDEV",5,"DBSTRGLST","@PH",109)="2129|@9|3|N||@9|<<VPN,N,3>>"
^DBTBL("SYSDEV",5,"DBSTRGLST","@PH",110)="4079|@10|23|T||@10|--- Trigger Actions ---"
^DBTBL("SYSDEV",5,"DBSTRGLST","@PH",111)="4108|@11|4|T||@11|Last"
^DBTBL("SYSDEV",5,"DBSTRGLST","@PH",112)="5001|@12|10|T||@12|Table Name"
^DBTBL("SYSDEV",5,"DBSTRGLST","@PH",113)="5015|@13|12|T||@13|Trigger Name"
^DBTBL("SYSDEV",5,"DBSTRGLST","@PH",114)="5037|@14|11|T||@14|Description"
^DBTBL("SYSDEV",5,"DBSTRGLST","@PH",115)="5079|@15|22|T||@15|BI  AI  BU  AU  BD  AD"
^DBTBL("SYSDEV",5,"DBSTRGLST","@PH",116)="5105|@16|7|T||@16|Updated"
^DBTBL("SYSDEV",5,"DBSTRGLST","@PH",117)="5114|@17|7|T||@17|By User"
^DBTBL("SYSDEV",5,"DBSTRGLST","@PH",118)="6001|@18|132|T||@18|@CHR(=,132)"
^DBTBL("SYSDEV",5,"DBSTRGLST","@RS",0)="1,1,1"
^DBTBL("SYSDEV",5,"DBSTRGLST","[SYSDEV,DBTBL7]%LIBS",0)="3,3,3"
^DBTBL("SYSDEV",5,"DBSTRGLST","[SYSDEV,DBTBL7]TABLE",0)="3,3,3"
^DBTBL("SYSDEV",5,"DBSTRGLST","[SYSDEV,DBTBL7]TRGID",0)="1,9,1"
^DBTBL("SYSDEV",5,"DBSTRGLST","[SYSDEV,DBTBL7]TRGID",26)=5
^DBTBL("SYSDEV",5,"DBSTRGLST","[SYSDEV,DBTBL7]TRGID",101)="3001|TABLE|12|T||[SYSDEV,DBTBL7]TABLE|"
^DBTBL("SYSDEV",5,"DBSTRGLST","[SYSDEV,DBTBL7]TRGID",102)="3015|TRGID|20|T||[SYSDEV,DBTBL7]TRGID|"
^DBTBL("SYSDEV",5,"DBSTRGLST","[SYSDEV,DBTBL7]TRGID",103)="3037|DES|40|T||[SYSDEV,DBTBL7]DES|"
^DBTBL("SYSDEV",5,"DBSTRGLST","[SYSDEV,DBTBL7]TRGID",104)="3079|ACTBI|1|L||[SYSDEV,DBTBL7]ACTBI|"
^DBTBL("SYSDEV",5,"DBSTRGLST","[SYSDEV,DBTBL7]TRGID",105)="3083|ACTAI|1|L||[SYSDEV,DBTBL7]ACTAI|"
^DBTBL("SYSDEV",5,"DBSTRGLST","[SYSDEV,DBTBL7]TRGID",106)="3087|ACTBU|1|L||[SYSDEV,DBTBL7]ACTBU|"
^DBTBL("SYSDEV",5,"DBSTRGLST","[SYSDEV,DBTBL7]TRGID",107)="3091|ACTAU|1|L||[SYSDEV,DBTBL7]ACTAU|"
^DBTBL("SYSDEV",5,"DBSTRGLST","[SYSDEV,DBTBL7]TRGID",108)="3095|ACTBD|1|L||[SYSDEV,DBTBL7]ACTBD|"
^DBTBL("SYSDEV",5,"DBSTRGLST","[SYSDEV,DBTBL7]TRGID",109)="3099|ACTAD|1|L||[SYSDEV,DBTBL7]ACTAD|"
^DBTBL("SYSDEV",5,"DBSTRGLST","[SYSDEV,DBTBL7]TRGID",110)="3103|TLD|10|D||[SYSDEV,DBTBL7]TLD|"
^DBTBL("SYSDEV",5,"DBSTRGLST","[SYSDEV,DBTBL7]TRGID",111)="3114|USER|18|T||[SYSDEV,DBTBL7]USER|"
^DBTBL("SYSDEV",5,"DBSTRGLST","[SYSDEV,DBTBL7]TRGID",112)="5011|@19|25|T||@19|UPDATE action by columns:"
^DBTBL("SYSDEV",5,"DBSTRGLST","[SYSDEV,DBTBL7]TRGID",113)="5037|@20|90|M||@20|<<COLUMNS,M,90>>||1"
^DBTBL("SYSDEV",5,"DBSTRGLST","[SYSDEV,DBTBL7]TRGID",113,1)=$C(9)_"type public String VL"
^DBTBL("SYSDEV",5,"DBSTRGLST","[SYSDEV,DBTBL7]TRGID",113,2)=""
^DBTBL("SYSDEV",5,"DBSTRGLST","[SYSDEV,DBTBL7]TRGID",113,3)=$C(9)_"type String COLUMNS"
^DBTBL("SYSDEV",5,"DBSTRGLST","[SYSDEV,DBTBL7]TRGID",113,4)=""
^DBTBL("SYSDEV",5,"DBSTRGLST","[SYSDEV,DBTBL7]TRGID",113,5)=$C(9)_"set COLUMNS = rwrs.getCol(""DBTBL7.COLUMNS"")"
^DBTBL("SYSDEV",5,"DBSTRGLST","[SYSDEV,DBTBL7]TRGID",113,6)=""
^DBTBL("SYSDEV",5,"DBSTRGLST","[SYSDEV,DBTBL7]TRGID",113,7)=$C(9)_"// Make blank to null blank line"
^DBTBL("SYSDEV",5,"DBSTRGLST","[SYSDEV,DBTBL7]TRGID",113,8)=$C(9)_"if COLUMNS.isNull() set (VL) = """""
^DBTBL("SYSDEV",5,"DBSTRGLST","[SYSDEV,DBTBL7]TRGID",113,9)=""
^DBTBL("SYSDEV",5,"DBSTRGLST","[SYSDEV,DBTBL7]TRGID",113,10)=$C(9)_"quit"
^DBTBL("SYSDEV",5,"DBSTRGLST","[SYSDEV,DBTBL7]TRGID",114)="6011|@21|66|T||@21|-------------------------------------------------- Procedural Code"
^DBTBL("SYSDEV",5,"DBSTRGLST","[SYSDEV,DBTBL7]TRGID",115)="6078|@22|43|T||@22|-------------------------------------------"
^DBTBL("SYSDEV",5,"DBSTRGLST","[SYSDEV,DBTBL7]TRGID",116)="7011|@23|20|T||@23|(System Generated): "
^DBTBL("SYSDEV",5,"DBSTRGLST","[SYSDEV,DBTBL7]TRGID",117)="7033|@24|70|T||@24|<<ZSYSGEN>>||1"
^DBTBL("SYSDEV",5,"DBSTRGLST","[SYSDEV,DBTBL7]TRGID",117,1)=$C(9)_"type public String ZSYSGEN"
^DBTBL("SYSDEV",5,"DBSTRGLST","[SYSDEV,DBTBL7]TRGID",117,2)=""
^DBTBL("SYSDEV",5,"DBSTRGLST","[SYSDEV,DBTBL7]TRGID",117,3)=$C(9)_"set ZSYSGEN = "" type public Record""_rwrs.getCol(""DBTBL7.TABLE"")_"" ""_rwrs.getCol(""DBTBL7.TABLE"").lowerCase()"
^DBTBL("SYSDEV",5,"DBSTRGLST","[SYSDEV,DBTBL7]TRGID",117,4)=""
^DBTBL("SYSDEV",5,"DBSTRGLST","[SYSDEV,DBTBL7]TRGID",117,5)=$C(9)_"quit"
^DBTBL("SYSDEV",5,"DBSTRGLST","[SYSDEV,DBTBL7]TRGID",118)="8033|@25|70|T||@25|<<ZSETAUD>>||1"
^DBTBL("SYSDEV",5,"DBSTRGLST","[SYSDEV,DBTBL7]TRGID",118,1)=$C(9)_"type public String ZSETAUD"
^DBTBL("SYSDEV",5,"DBSTRGLST","[SYSDEV,DBTBL7]TRGID",118,2)=""
^DBTBL("SYSDEV",5,"DBSTRGLST","[SYSDEV,DBTBL7]TRGID",118,3)=$C(9)_"set ZSETAUD = """""
^DBTBL("SYSDEV",5,"DBSTRGLST","[SYSDEV,DBTBL7]TRGID",118,4)=""
^DBTBL("SYSDEV",5,"DBSTRGLST","[SYSDEV,DBTBL7]TRGID",118,5)=$C(9)_"quit:'rwrs.getCol(""DBTBL7.ACTBU"")"
^DBTBL("SYSDEV",5,"DBSTRGLST","[SYSDEV,DBTBL7]TRGID",118,6)=""
^DBTBL("SYSDEV",5,"DBSTRGLST","[SYSDEV,DBTBL7]TRGID",118,7)=$C(9)_"// Before update trigger"
^DBTBL("SYSDEV",5,"DBSTRGLST","[SYSDEV,DBTBL7]TRGID",118,8)=$C(9)_"set ZSETAUD = "" do ""_rwrs.getCol(""DBTBL7.TABLE"").lowerCase()_"".setAuditFlag(1)"""
^DBTBL("SYSDEV",5,"DBSTRGLST","[SYSDEV,DBTBL7]TRGID",118,9)=""
^DBTBL("SYSDEV",5,"DBSTRGLST","[SYSDEV,DBTBL7]TRGID",118,10)=$C(9)_"quit"
^DBTBL("SYSDEV",5,"DBSTRGLST","[SYSDEV,DBTBL7]TRGID",119)="9011|@26|110|T||@26|<<CODE>>||1"
^DBTBL("SYSDEV",5,"DBSTRGLST","[SYSDEV,DBTBL7]TRGID",119,1)=$C(9)_"type public Number IOSL, verror, VFMQ, VLC"
^DBTBL("SYSDEV",5,"DBSTRGLST","[SYSDEV,DBTBL7]TRGID",119,1.001)=$C(9)_"type public String CODE, VL"
^DBTBL("SYSDEV",5,"DBSTRGLST","[SYSDEV,DBTBL7]TRGID",119,1.002)=""
^DBTBL("SYSDEV",5,"DBSTRGLST","[SYSDEV,DBTBL7]TRGID",119,1.003)=$C(9)_"type String TABLE,TRGID"
^DBTBL("SYSDEV",5,"DBSTRGLST","[SYSDEV,DBTBL7]TRGID",119,1.004)=""
^DBTBL("SYSDEV",5,"DBSTRGLST","[SYSDEV,DBTBL7]TRGID",119,1.005)=$C(9)_"set verror = 0"
^DBTBL("SYSDEV",5,"DBSTRGLST","[SYSDEV,DBTBL7]TRGID",119,1.006)=$C(9)_"set CODE = """""
^DBTBL("SYSDEV",5,"DBSTRGLST","[SYSDEV,DBTBL7]TRGID",119,1.007)=""
^DBTBL("SYSDEV",5,"DBSTRGLST","[SYSDEV,DBTBL7]TRGID",119,1.008)=$C(9)_"set TABLE = rwrs.getCol(""DBTBL7.TABLE"")"
^DBTBL("SYSDEV",5,"DBSTRGLST","[SYSDEV,DBTBL7]TRGID",119,1.009)=$C(9)_"set TRGID = rwrs.getCol(""DBTBL7.TRGID"")"
^DBTBL("SYSDEV",5,"DBSTRGLST","[SYSDEV,DBTBL7]TRGID",119,1.01)=""
^DBTBL("SYSDEV",5,"DBSTRGLST","[SYSDEV,DBTBL7]TRGID",119,1.011)=$C(9)_"type ResultSet rs=Db.select(""CODE"",""DBTBL7D"",""%LIBS='SYSDEV' AND TABLE=:TABLE AND TRGID=:TRGID"",""SEQ ASC"")"
^DBTBL("SYSDEV",5,"DBSTRGLST","[SYSDEV,DBTBL7]TRGID",119,1.012)=""
^DBTBL("SYSDEV",5,"DBSTRGLST","[SYSDEV,DBTBL7]TRGID",119,1.013)=$C(9)_"while rs.next() do { quit:verror"
^DBTBL("SYSDEV",5,"DBSTRGLST","[SYSDEV,DBTBL7]TRGID",119,1.014)=$C(9,9)_"set VL=$J("""",10)_rs.getRow()"
^DBTBL("SYSDEV",5,"DBSTRGLST","[SYSDEV,DBTBL7]TRGID",119,1.015)=$C(9,9)_"if VLC+2>IOSL do {"
^DBTBL("SYSDEV",5,"DBSTRGLST","[SYSDEV,DBTBL7]TRGID",119,1.016)=$C(9,9,9)_"do VHDG0"
^DBTBL("SYSDEV",5,"DBSTRGLST","[SYSDEV,DBTBL7]TRGID",119,1.017)=$C(9,9,9)_"if VFMQ set verror=1"
^DBTBL("SYSDEV",5,"DBSTRGLST","[SYSDEV,DBTBL7]TRGID",119,1.018)=$C(9,9)_"}"
^DBTBL("SYSDEV",5,"DBSTRGLST","[SYSDEV,DBTBL7]TRGID",119,1.019)=$C(9,9)_"else  do VOM"
^DBTBL("SYSDEV",5,"DBSTRGLST","[SYSDEV,DBTBL7]TRGID",119,1.02)=$C(9)_"}"
^DBTBL("SYSDEV",5,"DBSTRGLST","[SYSDEV,DBTBL7]TRGID",119,1.021)=""
^DBTBL("SYSDEV",5,"DBSTRGLST","[SYSDEV,DBTBL7]TRGID",119,1.022)=$C(9)_"quit"
^DBTBL("SYSDEV",5,"DBSTRGLST","[SYSDEV,DBTBL7]TRGID",120)="10011|@27|110|T||@27|@CHR(-,110)"
