^DBTBL("SYSDEV",5,"DBTBL14")="Data Item Protection Listing"
^DBTBL("SYSDEV",5,"DBTBL14",-5)="1|1|2|64,0,0,0,0,0|10|11|65|16|29|||0|132"
^DBTBL("SYSDEV",5,"DBTBL14",0)="DBTBL14Q,DBTBL14|||0|132|60|0|0|0|5.0||||||1|0|1"
^DBTBL("SYSDEV",5,"DBTBL14",1)="[SYSDEV,DBTBL14Q]PLIBS|1|1|*|A"
^DBTBL("SYSDEV",5,"DBTBL14",2)="[SYSDEV,DBTBL14Q]14|1|1|*|A"
^DBTBL("SYSDEV",5,"DBTBL14",3)="[SYSDEV,DBTBL14Q]FID|1|1|*|A"
^DBTBL("SYSDEV",5,"DBTBL14",4)="[SYSDEV,DBTBL14Q]DINAM|0|1|*|A"
^DBTBL("SYSDEV",5,"DBTBL14",5)="[SYSDEV,DBTBL14Q]GROUP|0|1|*|A"
^DBTBL("SYSDEV",5,"DBTBL14",6)="[SYSDEV,DBTBL14Q]QUERY|||*|A"
^DBTBL("SYSDEV",5,"DBTBL14",31)="[DBTBL14Q]PLIBS = ""SYSDEV"""
^DBTBL("SYSDEV",5,"DBTBL14",31.001)="[DBTBL14Q]FID <<**>>"
^DBTBL("SYSDEV",5,"DBTBL14",31.002)="[DBTBL14Q]DINAM <<**>>"
^DBTBL("SYSDEV",5,"DBTBL14","@PH",0)="5,1,1"
^DBTBL("SYSDEV",5,"DBTBL14","@PH",101)="1001|@1|45|T||@1|<<$G(CONAM)>>"
^DBTBL("SYSDEV",5,"DBTBL14","@PH",102)="1101|@2|9|T||@2|Run Date:"
^DBTBL("SYSDEV",5,"DBTBL14","@PH",103)="1111|@3|10|T||@3|<<vrundate>>"
^DBTBL("SYSDEV",5,"DBTBL14","@PH",104)="1124|@4|8|T||@4|<<%TIM>>"
^DBTBL("SYSDEV",5,"DBTBL14","@PH",105)="2001|@5|45|T||@5|<<RN>>  (<<RID>>)"
^DBTBL("SYSDEV",5,"DBTBL14","@PH",106)="2103|@6|7|T||@6|System:"
^DBTBL("SYSDEV",5,"DBTBL14","@PH",107)="2111|@7|10|T||@7|<<vsysdate>>"
^DBTBL("SYSDEV",5,"DBTBL14","@PH",108)="2123|@8|5|T||@8|Page:"
^DBTBL("SYSDEV",5,"DBTBL14","@PH",109)="2129|@9|3|N||@9|<<$J(VPN,3)>>"
^DBTBL("SYSDEV",5,"DBTBL14","@PH",110)="4003|@10|9|T||@10|File Name"
^DBTBL("SYSDEV",5,"DBTBL14","@PH",111)="4036|@11|11|T||@11|Description"
^DBTBL("SYSDEV",5,"DBTBL14","@PH",112)="4094|@12|15|T||@12|Protection Name"
^DBTBL("SYSDEV",5,"DBTBL14","@PH",113)="5001|@13|132|T||@13|@CHR(=,132)"
^DBTBL("SYSDEV",5,"DBTBL14","@RS",0)="1,1,1"
^DBTBL("SYSDEV",5,"DBTBL14","[SYSDEV,DBTBL14Q]%LIBS",0)="3,3,3"
^DBTBL("SYSDEV",5,"DBTBL14","[SYSDEV,DBTBL14Q]14",0)="3,3,3"
^DBTBL("SYSDEV",5,"DBTBL14","[SYSDEV,DBTBL14Q]DINAM",0)="1,2,1"
^DBTBL("SYSDEV",5,"DBTBL14","[SYSDEV,DBTBL14Q]DINAM",101)="1003|FID|30|T||[SYSDEV,DBTBL14Q]FID|"
^DBTBL("SYSDEV",5,"DBTBL14","[SYSDEV,DBTBL14Q]DINAM",102)="1036|FILDESC|40|T||[SYSDEV,DBTBL14]FILDESC|"
^DBTBL("SYSDEV",5,"DBTBL14","[SYSDEV,DBTBL14Q]DINAM",103)="1095|PROTPGM|8|T||[SYSDEV,DBTBL14]PROTPGM|"
^DBTBL("SYSDEV",5,"DBTBL14","[SYSDEV,DBTBL14Q]DINAM",104)="3009|@14|121|T||@14|-------------------------------------------------------------------------------------------------------------------------"
^DBTBL("SYSDEV",5,"DBTBL14","[SYSDEV,DBTBL14Q]DINAM",105)="4003|DINAM|30|T||[SYSDEV,DBTBL14Q]DINAM|"
^DBTBL("SYSDEV",5,"DBTBL14","[SYSDEV,DBTBL14Q]DINAM",106)="4036|ITEMDESC|40|T||[SYSDEV,DBTBL14]ITEMDESC|"
^DBTBL("SYSDEV",5,"DBTBL14","[SYSDEV,DBTBL14Q]FID",0)="3,3,3"
^DBTBL("SYSDEV",5,"DBTBL14","[SYSDEV,DBTBL14Q]GROUP",0)="1,3,1"
^DBTBL("SYSDEV",5,"DBTBL14","[SYSDEV,DBTBL14Q]GROUP",101)="4014|@15|1|T||@15|#"
^DBTBL("SYSDEV",5,"DBTBL14","[SYSDEV,DBTBL14Q]GROUP",102)="4016|GROUP|2|N||[SYSDEV,DBTBL14Q]GROUP|"
^DBTBL("SYSDEV",5,"DBTBL14","[SYSDEV,DBTBL14Q]GROUP",103)="4020|@16|6|T||@16|Desc: "
^DBTBL("SYSDEV",5,"DBTBL14","[SYSDEV,DBTBL14Q]GROUP",104)="4027|DESC|50|T||[SYSDEV,DBTBL14]DESC|"
^DBTBL("SYSDEV",5,"DBTBL14","[SYSDEV,DBTBL14Q]GROUP",105)="4082|PROTOPT|10|T||[SYSDEV,DBTBL14]PROTOPT|"
^DBTBL("SYSDEV",5,"DBTBL14","[SYSDEV,DBTBL14Q]GROUP",106)="5020|@17|6|T||@17|UCLS: "
^DBTBL("SYSDEV",5,"DBTBL14","[SYSDEV,DBTBL14Q]GROUP",107)="5027|RUCLS1|50|T||[SYSDEV,DBTBL14]RUCLS1|"
^DBTBL("SYSDEV",5,"DBTBL14","[SYSDEV,DBTBL14Q]PLIBS",0)="3,3,3"
^DBTBL("SYSDEV",5,"DBTBL14","[SYSDEV,DBTBL14Q]QUERY",0)="1,1,1"
^DBTBL("SYSDEV",5,"DBTBL14","[SYSDEV,DBTBL14Q]QUERY",101)="3019|@18|6|T||@18|Query:"
^DBTBL("SYSDEV",5,"DBTBL14","[SYSDEV,DBTBL14Q]QUERY",102)="3027|QRYDESC|100|T||[SYSDEV,DBTBL14Q]QRYDESC|"
