^DBTBL("SYSDEV",5,"SCAER")="Profile Error Report"
^DBTBL("SYSDEV",5,"SCAER",-5)="1|1|0|64,0,0,0,0,0|10|11|39|15|14|||0|80"
^DBTBL("SYSDEV",5,"SCAER",0)="ERROR9,ERROR|||0|80|60||||4.4|||0|||1"
^DBTBL("SYSDEV",5,"SCAER",1)="[SYSDEV,ERROR9]DATE|0|1|*|A"
^DBTBL("SYSDEV",5,"SCAER",2)="[SYSDEV,ERROR9]ET|0|1|*|A"
^DBTBL("SYSDEV",5,"SCAER",3)="[SYSDEV,ERROR9]SEQ|0|1|4|A"
^DBTBL("SYSDEV",5,"SCAER",4)="[SYSDEV,ERROR9]9|||*|"
^DBTBL("SYSDEV",5,"SCAER",5)="[SYSDEV,ERROR9]VAR|||*|A"
^DBTBL("SYSDEV",5,"SCAER",31)="&<<MUMPS>>/DEF=0/LEN=1/FOR=L/PROMPT=Display MUMPS Errors Only"
^DBTBL("SYSDEV",5,"SCAER",31.001)="&<<DSPVAR>>/DEF=0/LEN=1/FOR=L/PROMPT=Display Variables"
^DBTBL("SYSDEV",5,"SCAER",31.002)="[ERROR9]DATE<<**>>"
^DBTBL("SYSDEV",5,"SCAER",31.003)="[ERROR9]ET<<**>>"
^DBTBL("SYSDEV",5,"SCAER",31.004)="[ERROR9]SEQ<<**>>"
^DBTBL("SYSDEV",5,"SCAER",31.005)="[ERROR]RTN<<**>>"
^DBTBL("SYSDEV",5,"SCAER",31.006)="[ERROR]TERM<<**>>"
^DBTBL("SYSDEV",5,"SCAER",31.007)="[ERROR]MPSZTCOM<<**>>"
^DBTBL("SYSDEV",5,"SCAER",31.008)="(<<MUMPS>>=1 AND [ERROR]MUMPSZE'="""") OR <<MUMPS>>=0"
^DBTBL("SYSDEV",5,"SCAER",31.009)="[ERROR]JOB'="""""
^DBTBL("SYSDEV",5,"SCAER",51)=$C(9)_"type Public String DSPVAR,VARH"
^DBTBL("SYSDEV",5,"SCAER",51.001)=""
^DBTBL("SYSDEV",5,"SCAER",51.002)=""
^DBTBL("SYSDEV",5,"SCAER",51.003)=$C(9)_"set VARH=$S(DSPVAR:""Variables:"",1:"""")"
^DBTBL("SYSDEV",5,"SCAER",71)=$C(9)_"type Public Number SCAER,VFMQ"
^DBTBL("SYSDEV",5,"SCAER",71.001)=""
^DBTBL("SYSDEV",5,"SCAER",71.002)=$C(9)_"if SCAER.data() set VFMQ=1"_$C(9)_"// External call"
^DBTBL("SYSDEV",5,"SCAER",111)=$C(9)_"//Incoming=SCAER"
^DBTBL("SYSDEV",5,"SCAER","@PH",0)="7,1,1"
^DBTBL("SYSDEV",5,"SCAER","@PH",101)="1001|@1|40|T||@1|<<CONAM>>"
^DBTBL("SYSDEV",5,"SCAER","@PH",102)="1047|@2|9|T||@2|Run Date:"
^DBTBL("SYSDEV",5,"SCAER","@PH",103)="1057|@3|10|T||@3|<<vrundate>>"
^DBTBL("SYSDEV",5,"SCAER","@PH",104)="1071|@4|8|T||@4|<<%TIM>>"
^DBTBL("SYSDEV",5,"SCAER","@PH",105)="2001|@5|20|T||@5|Profile Error Report"
^DBTBL("SYSDEV",5,"SCAER","@PH",106)="2071|@6|5|T||@6|Page:"
^DBTBL("SYSDEV",5,"SCAER","@PH",107)="2077|@7|3|T||@7|<<$J(VPN,3)>>"
^DBTBL("SYSDEV",5,"SCAER","@PH",108)="4005|@8|4|T||@8|Date"
^DBTBL("SYSDEV",5,"SCAER","@PH",109)="4014|@9|5|T||@9|Error"
^DBTBL("SYSDEV",5,"SCAER","@PH",110)="4050|@10|6|T||@10|Device"
^DBTBL("SYSDEV",5,"SCAER","@PH",111)="4060|@11|3|T||@11|Job"
^DBTBL("SYSDEV",5,"SCAER","@PH",112)="4071|@12|3|T||@12|$ZA"
^DBTBL("SYSDEV",5,"SCAER","@PH",113)="5005|@13|4|T||@13|Time"
^DBTBL("SYSDEV",5,"SCAER","@PH",114)="5050|@14|7|T||@14|User ID"
^DBTBL("SYSDEV",5,"SCAER","@PH",115)="5071|@15|3|T||@15|$ZB"
^DBTBL("SYSDEV",5,"SCAER","@PH",116)="6050|@16|8|T||@16|Last Mod"
^DBTBL("SYSDEV",5,"SCAER","@PH",117)="6060|@17|9|T||@17|Directory"
^DBTBL("SYSDEV",5,"SCAER","@PH",118)="6071|@18|3|T||@18|$ZS"
^DBTBL("SYSDEV",5,"SCAER","@PH",119)="7001|@19|80|T||@19|@CHR(=,80)"
^DBTBL("SYSDEV",5,"SCAER","@RS",0)="1,1,1"
^DBTBL("SYSDEV",5,"SCAER","[SYSDEV,ERROR9]9",0)="3,3,3"
^DBTBL("SYSDEV",5,"SCAER","[SYSDEV,ERROR9]DATE",0)="3,3,3"
^DBTBL("SYSDEV",5,"SCAER","[SYSDEV,ERROR9]ET",0)="3,3,3"
^DBTBL("SYSDEV",5,"SCAER","[SYSDEV,ERROR9]SEQ",0)="1,16,1"
^DBTBL("SYSDEV",5,"SCAER","[SYSDEV,ERROR9]SEQ",26)="7-17"
^DBTBL("SYSDEV",5,"SCAER","[SYSDEV,ERROR9]SEQ",101)="3004|@20|9|T||@20|Sequence:"
^DBTBL("SYSDEV",5,"SCAER","[SYSDEV,ERROR9]SEQ",102)="3014|SEQ|20|T||[SYSDEV,ERROR]SEQ|"
^DBTBL("SYSDEV",5,"SCAER","[SYSDEV,ERROR9]SEQ",103)="5003|DATE|10|D||[SYSDEV,ERROR]DATE|"
^DBTBL("SYSDEV",5,"SCAER","[SYSDEV,ERROR9]SEQ",104)="5014|MUMPSZE|35|T||[SYSDEV,ERROR]MUMPSZE||1"
^DBTBL("SYSDEV",5,"SCAER","[SYSDEV,ERROR9]SEQ",104,21)=$C(9)_"type Public String V"
^DBTBL("SYSDEV",5,"SCAER","[SYSDEV,ERROR9]SEQ",104,22)=$C(9)_"if V="""" set V=rwrs.getCol(""ERROR9.ET"")"
^DBTBL("SYSDEV",5,"SCAER","[SYSDEV,ERROR9]SEQ",105)="5050|TERM|9|T||[SYSDEV,ERROR]TERM|"
^DBTBL("SYSDEV",5,"SCAER","[SYSDEV,ERROR9]SEQ",106)="5060|JOB|7|T||[SYSDEV,ERROR]JOB|"
^DBTBL("SYSDEV",5,"SCAER","[SYSDEV,ERROR9]SEQ",107)="5071|MUMPSZA|10|T||[SYSDEV,ERROR]MUMPSZA|"
^DBTBL("SYSDEV",5,"SCAER","[SYSDEV,ERROR9]SEQ",108)="6005|TIME|8|C||[SYSDEV,ERROR]TIME|"
^DBTBL("SYSDEV",5,"SCAER","[SYSDEV,ERROR9]SEQ",109)="6050|UID|20|T||[SYSDEV,ERROR]UID|"
^DBTBL("SYSDEV",5,"SCAER","[SYSDEV,ERROR9]SEQ",110)="6071|MUMPSZB|10|T||[SYSDEV,ERROR]MUMPSZB|"
^DBTBL("SYSDEV",5,"SCAER","[SYSDEV,ERROR9]SEQ",111)="7049|LSTDATE|10|T||[SYSDEV,ERROR]LSTDATE|||1"
^DBTBL("SYSDEV",5,"SCAER","[SYSDEV,ERROR9]SEQ",111,1)=$C(9)_"type Public String V"
^DBTBL("SYSDEV",5,"SCAER","[SYSDEV,ERROR9]SEQ",111,2)=$C(9)_"// If not a date, ignore it"
^DBTBL("SYSDEV",5,"SCAER","[SYSDEV,ERROR9]SEQ",111,3)=$C(9)_"if V'?1.2N1""/""1.2N1""/""1.4N set V="""""
^DBTBL("SYSDEV",5,"SCAER","[SYSDEV,ERROR9]SEQ",112)="7060|DIR|9|T||[SYSDEV,ERROR]DIR||1"
^DBTBL("SYSDEV",5,"SCAER","[SYSDEV,ERROR9]SEQ",112,21)=$C(9)_"type Public String V"
^DBTBL("SYSDEV",5,"SCAER","[SYSDEV,ERROR9]SEQ",112,22)=$C(9)_"if V[""["" set V=V.piece(""]"",1).piece(""["",2)"
^DBTBL("SYSDEV",5,"SCAER","[SYSDEV,ERROR9]SEQ",113)="7071|MUMPSZS|7|T||[SYSDEV,ERROR]MUMPSZS|"
^DBTBL("SYSDEV",5,"SCAER","[SYSDEV,ERROR9]SEQ",114)="8014|MPSZTCOM|60|T||[SYSDEV,ERROR]MPSZTCOM||1"
^DBTBL("SYSDEV",5,"SCAER","[SYSDEV,ERROR9]SEQ",114,21)=$C(9)_"type Public String V"
^DBTBL("SYSDEV",5,"SCAER","[SYSDEV,ERROR9]SEQ",114,22)=$C(9)_"// Comment: ~p1"
^DBTBL("SYSDEV",5,"SCAER","[SYSDEV,ERROR9]SEQ",114,23)=$C(9)_"if V'="""" set V=$$^MSG(6690,V)"
^DBTBL("SYSDEV",5,"SCAER","[SYSDEV,ERROR9]SEQ",115)="10005|ELN1|75|T||[SYSDEV,ERROR]ELN1||1"
^DBTBL("SYSDEV",5,"SCAER","[SYSDEV,ERROR9]SEQ",115,21)=$C(9)_"type Public String V"
^DBTBL("SYSDEV",5,"SCAER","[SYSDEV,ERROR9]SEQ",115,22)=$C(9)_"if V=""?"" set V="""""
^DBTBL("SYSDEV",5,"SCAER","[SYSDEV,ERROR9]SEQ",116)="11005|ELN2|75|T||[SYSDEV,ERROR]ELN2|"
^DBTBL("SYSDEV",5,"SCAER","[SYSDEV,ERROR9]SEQ",117)="12005|ELN3|75|T||[SYSDEV,ERROR]ELN3|"
^DBTBL("SYSDEV",5,"SCAER","[SYSDEV,ERROR9]SEQ",118)="13005|ELN4|75|T||[SYSDEV,ERROR]ELN4|"
^DBTBL("SYSDEV",5,"SCAER","[SYSDEV,ERROR9]SEQ",119)="14005|ELN5|75|T||[SYSDEV,ERROR]ELN5|"
^DBTBL("SYSDEV",5,"SCAER","[SYSDEV,ERROR9]SEQ",120)="15005|ELN6|75|T||[SYSDEV,ERROR]ELN6|"
^DBTBL("SYSDEV",5,"SCAER","[SYSDEV,ERROR9]SEQ",121)="16005|ELN7|75|T||[SYSDEV,ERROR]ELN7|"
^DBTBL("SYSDEV",5,"SCAER","[SYSDEV,ERROR9]SEQ",122)="18005|@21|1|T||@21|<<VARH>>"
^DBTBL("SYSDEV",5,"SCAER","[SYSDEV,ERROR9]VAR",0)="1,1,1"
^DBTBL("SYSDEV",5,"SCAER","[SYSDEV,ERROR9]VAR",26)=3
^DBTBL("SYSDEV",5,"SCAER","[SYSDEV,ERROR9]VAR",101)="3001|VAR|20|T||[SYSDEV,ERROR9]VAR||1"
^DBTBL("SYSDEV",5,"SCAER","[SYSDEV,ERROR9]VAR",101,21)=$C(9)_"type Public Number DSPVAR"
^DBTBL("SYSDEV",5,"SCAER","[SYSDEV,ERROR9]VAR",101,22)=$C(9)_"type Public String V,VO"
^DBTBL("SYSDEV",5,"SCAER","[SYSDEV,ERROR9]VAR",101,23)=$C(9)_"if 'DSPVAR set V="""""
^DBTBL("SYSDEV",5,"SCAER","[SYSDEV,ERROR9]VAR",101,24)=$C(9)_"else  set V=$J(VO,20)_""="""
^DBTBL("SYSDEV",5,"SCAER","[SYSDEV,ERROR9]VAR",102)="3022|VALUE|50|T||[SYSDEV,ERROR9]VALUE||1"
^DBTBL("SYSDEV",5,"SCAER","[SYSDEV,ERROR9]VAR",102,21)=$C(9)_"type Public Number DSPVAR"
^DBTBL("SYSDEV",5,"SCAER","[SYSDEV,ERROR9]VAR",102,22)=$C(9)_"type Public String V,VO"
^DBTBL("SYSDEV",5,"SCAER","[SYSDEV,ERROR9]VAR",102,23)=$C(9)_"if 'DSPVAR set V="""""
^DBTBL("SYSDEV",5,"SCAER","[SYSDEV,ERROR9]VAR",102,24)=$C(9)_"else  set V=$$TRCTRL^SCAER(VO)"
^DBTBL("SYSDEV",5,"SCAER","[SYSDEV,ERROR9]VAR",102,25)=$C(9)_"if V.length()>480 set V=V.extract(1,480)_""..."""
