^DBTBL("SYSDEV",5,"DBCACHE")="SQL Cache Usage Report"
^DBTBL("SYSDEV",5,"DBCACHE",-5)="1|1|2|64,0,0,0,0,0|10|11|39|14|4|3;3;0||0|132"
^DBTBL("SYSDEV",5,"DBCACHE",0)="SQLCACHE|||0|132|60|0|0|0|5.0|||0|||1|0|1||"
^DBTBL("SYSDEV",5,"DBCACHE",1)="[SYSDEV,SQLCACHE]%LIBS|1|1|*|A"
^DBTBL("SYSDEV",5,"DBCACHE",2)="[SYSDEV,SQLCACHE]KEY|0|0|*|A"
^DBTBL("SYSDEV",5,"DBCACHE",3)="[SYSDEV,SQLCACHE]SLOT|0|0|*|A"
^DBTBL("SYSDEV",5,"DBCACHE",31)="[SQLCACHE]%LIBS=<<%LIBS>>"
^DBTBL("SYSDEV",5,"DBCACHE",32)="[SQLCACHE]KEY <<**,Hash Key>>"
^DBTBL("SYSDEV",5,"DBCACHE",33)="[SQLCACHE]LASTDATE <<**,Last Activity Date>>"
^DBTBL("SYSDEV",5,"DBCACHE",34)="[SQLCACHE]TIME <<**>>"
^DBTBL("SYSDEV",5,"DBCACHE",35)="[SQLCACHE]EXPR <<**,SQL Expression>>"
^DBTBL("SYSDEV",5,"DBCACHE",36)="[SQLCACHE]PARS <<**>>"
^DBTBL("SYSDEV",5,"DBCACHE",37)="[SQLCACHE]HIT <<**>>"
^DBTBL("SYSDEV",5,"DBCACHE",38)="[SQLCACHE]SLOT <<**>>"
^DBTBL("SYSDEV",5,"DBCACHE",39)="[SQLCACHE]SLOT '[""."""
^DBTBL("SYSDEV",5,"DBCACHE",40)="&<<PRINT>> /PROMPT=""Print Executable Code""/FOR=L/LEN=1"
^DBTBL("SYSDEV",5,"DBCACHE","@PH",0)="3,1,1"
^DBTBL("SYSDEV",5,"DBCACHE","@PH",101)="1001|@1|45|T||@1|<<$G(CONAM)>>"
^DBTBL("SYSDEV",5,"DBCACHE","@PH",102)="1101|@2|9|T||@2|Run Date:"
^DBTBL("SYSDEV",5,"DBCACHE","@PH",103)="1111|@3|10|T||@3|<<vrundate>>"
^DBTBL("SYSDEV",5,"DBCACHE","@PH",104)="1124|@4|8|T||@4|<<%TIM>>"
^DBTBL("SYSDEV",5,"DBCACHE","@PH",105)="2001|@5|80|T||@5|<<RN>>  (<<RID>>)"
^DBTBL("SYSDEV",5,"DBCACHE","@PH",106)="2103|@6|7|T||@6|System:"
^DBTBL("SYSDEV",5,"DBCACHE","@PH",107)="2111|@7|10|T||@7|<<vsysdate>>"
^DBTBL("SYSDEV",5,"DBCACHE","@PH",108)="2123|@8|5|T||@8|Page:"
^DBTBL("SYSDEV",5,"DBCACHE","@PH",109)="2129|@9|3|N||@9|<<VPN,N,3>>"
^DBTBL("SYSDEV",5,"DBCACHE","@PH",110)="3012|@10|8|T||@10|Hash Key"
^DBTBL("SYSDEV",5,"DBCACHE","@RS",0)="1,1,1"
^DBTBL("SYSDEV",5,"DBCACHE","@RS",101)="1016|@22|7|T||@22|Count: "
^DBTBL("SYSDEV",5,"DBCACHE","@RS",102)="1024|@23|8|JL||@23|@CNT(0,JL,8)"
^DBTBL("SYSDEV",5,"DBCACHE","@RS",103)="1042|@24|6|T||@24|Slots:"
^DBTBL("SYSDEV",5,"DBCACHE","@RS",104)="1050|@25|8|JL||@25|@TOT([SQLCACHE]SLOT,0,JL,8)"
^DBTBL("SYSDEV",5,"DBCACHE","@RS",105)="1066|@26|11|T||@26|Cache Hits:"
^DBTBL("SYSDEV",5,"DBCACHE","@RS",106)="1079|@27|8|JL||@27|@TOT([SQLCACHE]HIT,0,JL,8)"
^DBTBL("SYSDEV",5,"DBCACHE","[SYSDEV,SQLCACHE]%LIBS",0)="3,3,3"
^DBTBL("SYSDEV",5,"DBCACHE","[SYSDEV,SQLCACHE]KEY",0)="3,3,3"
^DBTBL("SYSDEV",5,"DBCACHE","[SYSDEV,SQLCACHE]SLOT",0)="1,8,1"
^DBTBL("SYSDEV",5,"DBCACHE","[SYSDEV,SQLCACHE]SLOT",26)=10
^DBTBL("SYSDEV",5,"DBCACHE","[SYSDEV,SQLCACHE]SLOT",101)="3001|@11|131|T||@11|==================================================================================================================================="
^DBTBL("SYSDEV",5,"DBCACHE","[SYSDEV,SQLCACHE]SLOT",102)="4002|@12|9|T||@12|Hash Key:"
^DBTBL("SYSDEV",5,"DBCACHE","[SYSDEV,SQLCACHE]SLOT",103)="4012|KEY|25|T||[SYSDEV,SQLCACHE]KEY|"
^DBTBL("SYSDEV",5,"DBCACHE","[SYSDEV,SQLCACHE]SLOT",104)="4038|@13|12|T||@13|Cache Slot: "
^DBTBL("SYSDEV",5,"DBCACHE","[SYSDEV,SQLCACHE]SLOT",105)="4050|SLOT|2|N||[SYSDEV,SQLCACHE]SLOT|"
^DBTBL("SYSDEV",5,"DBCACHE","[SYSDEV,SQLCACHE]SLOT",106)="4054|@14|5|T||@14|Size:"
^DBTBL("SYSDEV",5,"DBCACHE","[SYSDEV,SQLCACHE]SLOT",107)="4060|SIZE|5|T||[SYSDEV,SQLCACHE]SIZE|"
^DBTBL("SYSDEV",5,"DBCACHE","[SYSDEV,SQLCACHE]SLOT",108)="4067|@15|11|T||@15|Cache Hits:"
^DBTBL("SYSDEV",5,"DBCACHE","[SYSDEV,SQLCACHE]SLOT",109)="4079|HIT|6|T||[SYSDEV,SQLCACHE]HIT|"
^DBTBL("SYSDEV",5,"DBCACHE","[SYSDEV,SQLCACHE]SLOT",110)="4088|@16|11|T||@16|Last Date: "
^DBTBL("SYSDEV",5,"DBCACHE","[SYSDEV,SQLCACHE]SLOT",111)="4099|LASTDATE|10|D||[SYSDEV,SQLCACHE]LASTDATE|"
^DBTBL("SYSDEV",5,"DBCACHE","[SYSDEV,SQLCACHE]SLOT",112)="4111|@17|6|T||@17|Time: "
^DBTBL("SYSDEV",5,"DBCACHE","[SYSDEV,SQLCACHE]SLOT",113)="4117|TIME|10|C||[SYSDEV,SQLCACHE]TIME|"
^DBTBL("SYSDEV",5,"DBCACHE","[SYSDEV,SQLCACHE]SLOT",114)="5001|@18|131|T||@18|==================================================================================================================================="
^DBTBL("SYSDEV",5,"DBCACHE","[SYSDEV,SQLCACHE]SLOT",115)="6002|@19|13|T||@19|Parameter(s):"
^DBTBL("SYSDEV",5,"DBCACHE","[SYSDEV,SQLCACHE]SLOT",116)="6016|PARS|95|T||[SYSDEV,SQLCACHE]PARS|"
^DBTBL("SYSDEV",5,"DBCACHE","[SYSDEV,SQLCACHE]SLOT",117)="8002|@20|130|T||@20|<<zexpr>>||1"
^DBTBL("SYSDEV",5,"DBCACHE","[SYSDEV,SQLCACHE]SLOT",117,1)=$C(9)_"type Public String IOSL,VFMQ,VL,VLC,verror,zexpr"
^DBTBL("SYSDEV",5,"DBCACHE","[SYSDEV,SQLCACHE]SLOT",117,2)=""
^DBTBL("SYSDEV",5,"DBCACHE","[SYSDEV,SQLCACHE]SLOT",117,3)=$C(9)_"new z,zi"
^DBTBL("SYSDEV",5,"DBCACHE","[SYSDEV,SQLCACHE]SLOT",117,4)=$C(9)_"set z=rwrs.getCol(""SQLCACHE.EXPR"") set verror=0"
^DBTBL("SYSDEV",5,"DBCACHE","[SYSDEV,SQLCACHE]SLOT",117,5)=$C(9)_"set zexpr="""""
^DBTBL("SYSDEV",5,"DBCACHE","[SYSDEV,SQLCACHE]SLOT",117,6)=$C(9)_"for zi=1:130:$L(z) do { if verror quit "
^DBTBL("SYSDEV",5,"DBCACHE","[SYSDEV,SQLCACHE]SLOT",117,7)=$C(9,9)_"set zexpr=$E(z,zi,zi+129)             // Extract data"
^DBTBL("SYSDEV",5,"DBCACHE","[SYSDEV,SQLCACHE]SLOT",117,8)=$C(9,9)_"if VLC+1>IOSL do VHDG0 if VFMQ set verror=1 quit      // Check page overflow"
^DBTBL("SYSDEV",5,"DBCACHE","[SYSDEV,SQLCACHE]SLOT",117,9)=$C(9,9)_"set VL=zexpr do VOM                   // Display"
^DBTBL("SYSDEV",5,"DBCACHE","[SYSDEV,SQLCACHE]SLOT",117,10)=$C(9,9)_"set zexpr="""""
^DBTBL("SYSDEV",5,"DBCACHE","[SYSDEV,SQLCACHE]SLOT",117,11)=$C(9,9)_"}"
^DBTBL("SYSDEV",5,"DBCACHE","[SYSDEV,SQLCACHE]SLOT",118)="10002|@21|1|T||@21|<<zexe>>||1"
^DBTBL("SYSDEV",5,"DBCACHE","[SYSDEV,SQLCACHE]SLOT",118,1)=$C(9)_"type Public String I,IOSL,PRINT,VFMQ,VL,VLC,verror,zexe"
^DBTBL("SYSDEV",5,"DBCACHE","[SYSDEV,SQLCACHE]SLOT",118,2)=""
^DBTBL("SYSDEV",5,"DBCACHE","[SYSDEV,SQLCACHE]SLOT",118,3)=$C(9)_"type String VSQLEXE"
^DBTBL("SYSDEV",5,"DBCACHE","[SYSDEV,SQLCACHE]SLOT",118,4)=""
^DBTBL("SYSDEV",5,"DBCACHE","[SYSDEV,SQLCACHE]SLOT",118,5)=$C(9)_"set zexe="""" set verror=0"
^DBTBL("SYSDEV",5,"DBCACHE","[SYSDEV,SQLCACHE]SLOT",118,6)=$C(9)_"if '$G(PRINT) quit "
^DBTBL("SYSDEV",5,"DBCACHE","[SYSDEV,SQLCACHE]SLOT",118,7)=$C(9)_"set VSQLEXE=rwrs.getCol(""SQLCACHE.VSQLEXE"")"
^DBTBL("SYSDEV",5,"DBCACHE","[SYSDEV,SQLCACHE]SLOT",118,8)=$C(9)_"for I=1:1 quit:$P(VSQLEXE,$C(7),I)=""""  do { quit:verror "
^DBTBL("SYSDEV",5,"DBCACHE","[SYSDEV,SQLCACHE]SLOT",118,9)=$C(9,9)_"if VLC+1>IOSL do VHDG0 if VFMQ set verror=1 quit "
^DBTBL("SYSDEV",5,"DBCACHE","[SYSDEV,SQLCACHE]SLOT",118,10)=$C(9,9)_"set VL=$P(VSQLEXE,$C(7),I) do VOM"
^DBTBL("SYSDEV",5,"DBCACHE","[SYSDEV,SQLCACHE]SLOT",118,11)=$C(9,9)_"}"
