^DBTBL("SYSDEV",5,"DBSDFKF")="File Relationship Report"
^DBTBL("SYSDEV",5,"DBSDFKF",-5)="1|1|2|64,0,0,0,0,0|10|11|65|14|47|||0|132"
^DBTBL("SYSDEV",5,"DBSDFKF",0)="DBTBL1F|||0|132|60||||5.0||||||1||1|||"
^DBTBL("SYSDEV",5,"DBSDFKF",1)="[SYSDEV,DBTBL1F]%LIBS|0||*|A"
^DBTBL("SYSDEV",5,"DBSDFKF",2)="[SYSDEV,DBTBL1F]1|0||*|A"
^DBTBL("SYSDEV",5,"DBSDFKF",3)="[SYSDEV,DBTBL1F]FID|0||*|A"
^DBTBL("SYSDEV",5,"DBSDFKF",4)="[SYSDEV,DBTBL1F]110|0||*|A"
^DBTBL("SYSDEV",5,"DBSDFKF",5)="[SYSDEV,DBTBL1F]FKEYS|0||*|A"
^DBTBL("SYSDEV",5,"DBSDFKF",31)="[DBTBL1F]FID <<**>>"
^DBTBL("SYSDEV",5,"DBSDFKF",32)="[DBTBL1F]FKEYS <<**>>"
^DBTBL("SYSDEV",5,"DBSDFKF","@PH",0)="7,1,1"
^DBTBL("SYSDEV",5,"DBSDFKF","@PH",101)="1001|@1|45|T||@1|<<$G(CONAM)>>"
^DBTBL("SYSDEV",5,"DBSDFKF","@PH",102)="1101|@2|9|T||@2|Run Date:"
^DBTBL("SYSDEV",5,"DBSDFKF","@PH",103)="1111|@3|10|T||@3|<<vrundate>>"
^DBTBL("SYSDEV",5,"DBSDFKF","@PH",104)="1124|@4|8|T||@4|<<%TIM>>"
^DBTBL("SYSDEV",5,"DBSDFKF","@PH",105)="2001|@5|80|T||@5|<<RN>>  (<<RID>>)"
^DBTBL("SYSDEV",5,"DBSDFKF","@PH",106)="2103|@6|7|T||@6|System:"
^DBTBL("SYSDEV",5,"DBSDFKF","@PH",107)="2111|@7|10|T||@7|<<vsysdate>>"
^DBTBL("SYSDEV",5,"DBSDFKF","@PH",108)="2123|@8|5|T||@8|Page:"
^DBTBL("SYSDEV",5,"DBSDFKF","@PH",109)="2129|@9|3|N||@9|<<VPN,N,3>>"
^DBTBL("SYSDEV",5,"DBSDFKF","@PH",110)="4003|@10|3|T||@10|(A)"
^DBTBL("SYSDEV",5,"DBSDFKF","@PH",111)="5001|@11|9|T||@11|File Name"
^DBTBL("SYSDEV",5,"DBSDFKF","@PH",112)="5045|@12|11|T||@12|Foreign (B)"
^DBTBL("SYSDEV",5,"DBSDFKF","@PH",113)="5088|@13|18|T||@13|(A)->(B)  (B)->(A)"
^DBTBL("SYSDEV",5,"DBSDFKF","@PH",114)="6001|@14|21|T||@14|Foreign Key Reference"
^DBTBL("SYSDEV",5,"DBSDFKF","@PH",115)="6046|@15|8|T||@15|Filename"
^DBTBL("SYSDEV",5,"DBSDFKF","@PH",116)="6075|@16|3|T||@16|Upd"
^DBTBL("SYSDEV",5,"DBSDFKF","@PH",117)="6080|@17|3|T||@17|Del"
^DBTBL("SYSDEV",5,"DBSDFKF","@PH",118)="6088|@18|3|T||@18|Min"
^DBTBL("SYSDEV",5,"DBSDFKF","@PH",119)="6093|@19|3|T||@19|Max"
^DBTBL("SYSDEV",5,"DBSDFKF","@PH",120)="6098|@20|3|T||@20|Min"
^DBTBL("SYSDEV",5,"DBSDFKF","@PH",121)="6103|@21|3|T||@21|Max"
^DBTBL("SYSDEV",5,"DBSDFKF","@PH",122)="7003|@22|40|T||@22|----------------------------------------"
^DBTBL("SYSDEV",5,"DBSDFKF","@PH",123)="7045|@23|12|T||@23|------------"
^DBTBL("SYSDEV",5,"DBSDFKF","@PH",124)="7075|@24|3|T||@24|---"
^DBTBL("SYSDEV",5,"DBSDFKF","@PH",125)="7080|@25|3|T||@25|---"
^DBTBL("SYSDEV",5,"DBSDFKF","@PH",126)="7088|@26|3|T||@26|---"
^DBTBL("SYSDEV",5,"DBSDFKF","@PH",127)="7093|@27|3|T||@27|---"
^DBTBL("SYSDEV",5,"DBSDFKF","@PH",128)="7098|@28|3|T||@28|---"
^DBTBL("SYSDEV",5,"DBSDFKF","@PH",129)="7103|@29|3|T||@29|---"
^DBTBL("SYSDEV",5,"DBSDFKF","@RS",0)="2,1,1"
^DBTBL("SYSDEV",5,"DBSDFKF","@RS",101)="1001|@30|12|T||@30|------------"
^DBTBL("SYSDEV",5,"DBSDFKF","@RS",102)="2001|@31|12|N||@31|@CNT(0,N,12)"
^DBTBL("SYSDEV",5,"DBSDFKF","[SYSDEV,DBTBL1F]%LIBS",0)="3,3,3"
^DBTBL("SYSDEV",5,"DBSDFKF","[SYSDEV,DBTBL1F]1",0)="3,3,3"
^DBTBL("SYSDEV",5,"DBSDFKF","[SYSDEV,DBTBL1F]110",0)="1,1,1"
^DBTBL("SYSDEV",5,"DBSDFKF","[SYSDEV,DBTBL1F]FID",0)="3,3,3"
^DBTBL("SYSDEV",5,"DBSDFKF","[SYSDEV,DBTBL1F]FKEYS",0)="2,1,1"
^DBTBL("SYSDEV",5,"DBSDFKF","[SYSDEV,DBTBL1F]FKEYS",27)=2
^DBTBL("SYSDEV",5,"DBSDFKF","[SYSDEV,DBTBL1F]FKEYS",101)="2001|FID|60|T||[SYSDEV,DBTBL1F]FID|"
^DBTBL("SYSDEV",5,"DBSDFKF","[SYSDEV,DBTBL1F]FKEYS",102)="4003|FKEYS|40|T||[SYSDEV,DBTBL1F]FKEYS|"
^DBTBL("SYSDEV",5,"DBSDFKF","[SYSDEV,DBTBL1F]FKEYS",103)="4045|TBLREF|25|T||[SYSDEV,DBTBL1F]TBLREF|"
^DBTBL("SYSDEV",5,"DBSDFKF","[SYSDEV,DBTBL1F]FKEYS",104)="4075|UPD|3|N||[SYSDEV,DBTBL1F]UPD|"
^DBTBL("SYSDEV",5,"DBSDFKF","[SYSDEV,DBTBL1F]FKEYS",105)="4080|DEL|3|N||[SYSDEV,DBTBL1F]DEL|"
^DBTBL("SYSDEV",5,"DBSDFKF","[SYSDEV,DBTBL1F]FKEYS",106)="4088|RCTOMIN|3|N||[SYSDEV,DBTBL1F]RCTOMIN|"
^DBTBL("SYSDEV",5,"DBSDFKF","[SYSDEV,DBTBL1F]FKEYS",107)="4093|RCTOMAX|3|N||[SYSDEV,DBTBL1F]RCTOMAX|"
^DBTBL("SYSDEV",5,"DBSDFKF","[SYSDEV,DBTBL1F]FKEYS",108)="4098|RCFRMIN|3|N||[SYSDEV,DBTBL1F]RCFRMIN|"
^DBTBL("SYSDEV",5,"DBSDFKF","[SYSDEV,DBTBL1F]FKEYS",109)="4103|RCFRMAX|3|N||[SYSDEV,DBTBL1F]RCFRMAX|"
