^DBTBL("SYSDEV",5,"DBSDOCLST1")="Table Value Documentation"
^DBTBL("SYSDEV",5,"DBSDOCLST1",-5)="1|1|2|64,0,0,0,0,0|10|11|39|8|3|||0|132"
^DBTBL("SYSDEV",5,"DBSDOCLST1",0)="DBTBL12|||0|132|60||||5.0||||||1|||||"
^DBTBL("SYSDEV",5,"DBSDOCLST1",1)="[SYSDEV,DBTBL12]%LIBS|1|1|*|A"
^DBTBL("SYSDEV",5,"DBSDOCLST1",2)="[SYSDEV,DBTBL12]12|1|1|*|A"
^DBTBL("SYSDEV",5,"DBSDOCLST1",3)="[SYSDEV,DBTBL12]FID|1|1|*|A"
^DBTBL("SYSDEV",5,"DBSDOCLST1",4)="[SYSDEV,DBTBL12]CODE||1|*|A"
^DBTBL("SYSDEV",5,"DBSDOCLST1",5)="[SYSDEV,DBTBL12]SEQ|||*|A"
^DBTBL("SYSDEV",5,"DBSDOCLST1",31)="[DBTBL12]FID <<**/PROMPT=File/TABLE=[DBTBL1]/FOR=U>>"
^DBTBL("SYSDEV",5,"DBSDOCLST1",32)="[DBTBL12]CODE <<**/PROMPT=Table Value>>"
^DBTBL("SYSDEV",5,"DBSDOCLST1","@PH",0)="10,1,1"
^DBTBL("SYSDEV",5,"DBSDOCLST1","@PH",101)="1001|@1|45|T||@1|<<$G(CONAM)>>"
^DBTBL("SYSDEV",5,"DBSDOCLST1","@PH",102)="1101|@2|9|T||@2|Run Date:"
^DBTBL("SYSDEV",5,"DBSDOCLST1","@PH",103)="1111|@3|10|T||@3|<<vrundate>>"
^DBTBL("SYSDEV",5,"DBSDOCLST1","@PH",104)="1124|@4|8|T||@4|<<%TIM>>"
^DBTBL("SYSDEV",5,"DBSDOCLST1","@PH",105)="2001|@5|80|T||@5|<<RN>>  (<<RID>>)"
^DBTBL("SYSDEV",5,"DBSDOCLST1","@PH",106)="2103|@6|7|T||@6|System:"
^DBTBL("SYSDEV",5,"DBSDOCLST1","@PH",107)="2111|@7|10|T||@7|<<vsysdate>>"
^DBTBL("SYSDEV",5,"DBSDOCLST1","@PH",108)="2123|@8|5|T||@8|Page:"
^DBTBL("SYSDEV",5,"DBSDOCLST1","@PH",109)="2129|@9|3|N||@9|<<VPN,N,3>>"
^DBTBL("SYSDEV",5,"DBSDOCLST1","@PH",110)="4002|@10|9|T||@10|File Name"
^DBTBL("SYSDEV",5,"DBSDOCLST1","@PH",111)="4082|@11|11|T||@11|Description"
^DBTBL("SYSDEV",5,"DBSDOCLST1","@PH",112)="5001|@12|129|T||@12|================================================================================================================================="
^DBTBL("SYSDEV",5,"DBSDOCLST1","@PH",113)="6001|FID|75|T||[SYSDEV,DBTBL12]FID|"
^DBTBL("SYSDEV",5,"DBSDOCLST1","@PH",114)="6083|FDESC|40|T||[SYSDEV,DBTBL12]FDESC|"
^DBTBL("SYSDEV",5,"DBSDOCLST1","@PH",115)="8017|@13|113|T||@13|-----------------------------------------------------------------------------------------------------------------"
^DBTBL("SYSDEV",5,"DBSDOCLST1","@PH",116)="9017|PROMPT|100|T||[SYSDEV,DBTBL12]PROMPT|"
^DBTBL("SYSDEV",5,"DBSDOCLST1","@PH",117)="10017|@14|113|T||@14|-----------------------------------------------------------------------------------------------------------------"
^DBTBL("SYSDEV",5,"DBSDOCLST1","@RS",0)="1,1,1"
^DBTBL("SYSDEV",5,"DBSDOCLST1","[SYSDEV,DBTBL12]%LIBS",0)="3,3,3"
^DBTBL("SYSDEV",5,"DBSDOCLST1","[SYSDEV,DBTBL12]12",0)="3,3,3"
^DBTBL("SYSDEV",5,"DBSDOCLST1","[SYSDEV,DBTBL12]CODE",0)="3,1,1"
^DBTBL("SYSDEV",5,"DBSDOCLST1","[SYSDEV,DBTBL12]CODE",31)=" S CODE=$O(^TMP($J,[DBTBL12]FID,CODE)) I CODE'="""",'(CODE]MAX(4)) G V4CB"
^DBTBL("SYSDEV",5,"DBSDOCLST1","[SYSDEV,DBTBL12]FID",0)="3,3,3"
^DBTBL("SYSDEV",5,"DBSDOCLST1","[SYSDEV,DBTBL12]FID",71)=" S DOCFID=[DBTBL12]FID,acnt=0"
^DBTBL("SYSDEV",5,"DBSDOCLST1","[SYSDEV,DBTBL12]FID",71.001)=" K ^TMP($J),vrec"
^DBTBL("SYSDEV",5,"DBSDOCLST1","[SYSDEV,DBTBL12]FID",71.002)=" D fsn^DBSDD(.fsn,DOCFID) I fsn(DOCFID)="""" G V3C"
^DBTBL("SYSDEV",5,"DBSDOCLST1","[SYSDEV,DBTBL12]FID",71.003)=" S acckeys=$P(fsn(DOCFID),""|"",3)"
^DBTBL("SYSDEV",5,"DBSDOCLST1","[SYSDEV,DBTBL12]FID",71.004)=" I $L(acckeys,"","")=1 D"
^DBTBL("SYSDEV",5,"DBSDOCLST1","[SYSDEV,DBTBL12]FID",71.005)="        . S RM=$$^MRPC007(.vrec,1,DOCFID)"
^DBTBL("SYSDEV",5,"DBSDOCLST1","[SYSDEV,DBTBL12]FID",71.006)="        . I $G(RM)'="""" Q"
^DBTBL("SYSDEV",5,"DBSDOCLST1","[SYSDEV,DBTBL12]FID",71.007)="        . S vreccnt=$L(vrec,""|"")"
^DBTBL("SYSDEV",5,"DBSDOCLST1","[SYSDEV,DBTBL12]FID",71.008)="        . F irec=1:1:vreccnt D"
^DBTBL("SYSDEV",5,"DBSDOCLST1","[SYSDEV,DBTBL12]FID",71.009)="  ..          S acnt=0"
^DBTBL("SYSDEV",5,"DBSDOCLST1","[SYSDEV,DBTBL12]FID",71.01)="        ..        S keyopt=$P(vrec,""|"",irec) I keyopt="""" Q"
^DBTBL("SYSDEV",5,"DBSDOCLST1","[SYSDEV,DBTBL12]FID",71.011)="        ..        S keyopt=$P(keyopt,$C(9),1)"
^DBTBL("SYSDEV",5,"DBSDOCLST1","[SYSDEV,DBTBL12]FID",71.012)="        ..        S ^TMP($J,DOCFID,keyopt,acnt)="""",acnt=acnt+1"
^DBTBL("SYSDEV",5,"DBSDOCLST1","[SYSDEV,DBTBL12]FID",71.013)="        ..  S aline="""""
^DBTBL("SYSDEV",5,"DBSDOCLST1","[SYSDEV,DBTBL12]FID",71.014)="        ..  I $O(^DBTBL(%LIBS,12,DOCFID,keyopt,aline))="""" S ^TMP($J,DOCFID,keyopt,acnt)="""",acnt=acnt+1"
^DBTBL("SYSDEV",5,"DBSDOCLST1","[SYSDEV,DBTBL12]FID",71.015)="        ..  F  S aline=$O(^DBTBL(%LIBS,12,DOCFID,keyopt,aline)) Q:aline=""""  D"
^DBTBL("SYSDEV",5,"DBSDOCLST1","[SYSDEV,DBTBL12]FID",71.016)="        ...       S ^TMP($J,DOCFID,keyopt,acnt)=^DBTBL(%LIBS,12,DOCFID,keyopt,aline),acnt=acnt+1"
^DBTBL("SYSDEV",5,"DBSDOCLST1","[SYSDEV,DBTBL12]FID",71.017)=" I $L(acckeys,"","")>1 D"
^DBTBL("SYSDEV",5,"DBSDOCLST1","[SYSDEV,DBTBL12]FID",71.018)=" .      D PPOST^DBSDOC4"
^DBTBL("SYSDEV",5,"DBSDOCLST1","[SYSDEV,DBTBL12]FID",71.019)=" .      S index="""""
^DBTBL("SYSDEV",5,"DBSDOCLST1","[SYSDEV,DBTBL12]FID",71.02)="        . F  S index=$O(keyopt1(index)) Q:index=""""  D"
^DBTBL("SYSDEV",5,"DBSDOCLST1","[SYSDEV,DBTBL12]FID",71.021)="  ..          S acnt=0"
^DBTBL("SYSDEV",5,"DBSDOCLST1","[SYSDEV,DBTBL12]FID",71.022)="        ..        S keyopt=keyopt1(index) I keyopt="""" Q"
^DBTBL("SYSDEV",5,"DBSDOCLST1","[SYSDEV,DBTBL12]FID",71.023)="        ..        S ^TMP($J,DOCFID,keyopt,acnt)="""",acnt=acnt+1"
^DBTBL("SYSDEV",5,"DBSDOCLST1","[SYSDEV,DBTBL12]FID",71.024)="        ..  S aline="""""
^DBTBL("SYSDEV",5,"DBSDOCLST1","[SYSDEV,DBTBL12]FID",71.025)="        ..  I $O(^DBTBL(%LIBS,12,DOCFID,keyopt,aline))="""" S ^TMP($J,DOCFID,keyopt,acnt)="""",acnt=acnt+1"
^DBTBL("SYSDEV",5,"DBSDOCLST1","[SYSDEV,DBTBL12]FID",71.026)="        ..  F  S aline=$O(^DBTBL(%LIBS,12,DOCFID,keyopt,aline)) Q:aline=""""  D"
^DBTBL("SYSDEV",5,"DBSDOCLST1","[SYSDEV,DBTBL12]FID",71.027)="        ...       S ^TMP($J,DOCFID,keyopt,acnt)=^DBTBL(%LIBS,12,DOCFID,keyopt,aline),acnt=acnt+1"
^DBTBL("SYSDEV",5,"DBSDOCLST1","[SYSDEV,DBTBL12]SEQ",0)="2,1,1"
^DBTBL("SYSDEV",5,"DBSDOCLST1","[SYSDEV,DBTBL12]SEQ",31)="        S SEQ=$O(^TMP($J,[DBTBL12]FID,CODE,SEQ)) I SEQ'="""" G V5CB"
^DBTBL("SYSDEV",5,"DBSDOCLST1","[SYSDEV,DBTBL12]SEQ",101)="2017|CODE|12|T||[SYSDEV,DBTBL12]CODE|"
^DBTBL("SYSDEV",5,"DBSDOCLST1","[SYSDEV,DBTBL12]SEQ",102)="2033|RECDESC|40|T||[SYSDEV,DBTBL12]RECDESC|"
^DBTBL("SYSDEV",5,"DBSDOCLST1","[SYSDEV,DBTBL12]SEQ",103)="4042|DOC|80|T||[SYSDEV,DBTBL12]DOC|"
