^DBTBL("SYSDEV",5,"SCAER")="Profile Error Report"
^DBTBL("SYSDEV",5,"SCAER",-5)="1|1|0|64,0,0,0,0,0|10|11|39|6|103|||0|132"
^DBTBL("SYSDEV",5,"SCAER",0)="ERROR9,ERROR|||0|132|60||||4.4|||0|||1|||"
^DBTBL("SYSDEV",5,"SCAER",1)="[SYSDEV,ERROR9]DATE|0|1|*|A"
^DBTBL("SYSDEV",5,"SCAER",2)="[SYSDEV,ERROR9]ET|0|1|*|A"
^DBTBL("SYSDEV",5,"SCAER",3)="[SYSDEV,ERROR9]SEQ|0|1|4|A"
^DBTBL("SYSDEV",5,"SCAER",4)="[SYSDEV,ERROR9]9|||*|"
^DBTBL("SYSDEV",5,"SCAER",5)="[SYSDEV,ERROR9]VAR|||*|A"
^DBTBL("SYSDEV",5,"SCAER",31)="&<<DSPVAR>>/DEF=0/LEN=1/FOR=L/PROMPT=Display Variables"
^DBTBL("SYSDEV",5,"SCAER",31.001)="[ERROR9]DATE<<**>>"
^DBTBL("SYSDEV",5,"SCAER",31.002)="[ERROR9]ET<<**>>"
^DBTBL("SYSDEV",5,"SCAER",31.003)="[ERROR9]SEQ<<**>>"
^DBTBL("SYSDEV",5,"SCAER",31.004)="[ERROR]RTN<<**>>"
^DBTBL("SYSDEV",5,"SCAER",31.005)="[ERROR]JOB'="""""
^DBTBL("SYSDEV",5,"SCAER",71)=$C(9)_"type Public Number SCAER,VFMQ"
^DBTBL("SYSDEV",5,"SCAER",71.001)=""
^DBTBL("SYSDEV",5,"SCAER",71.002)=$C(9)_"if SCAER.exists() set VFMQ=1"_$C(9)_"// External call"
^DBTBL("SYSDEV",5,"SCAER",111)=$C(9)_"//Incoming=SCAER"
^DBTBL("SYSDEV",5,"SCAER","@PH",0)="6,1,1"
^DBTBL("SYSDEV",5,"SCAER","@PH",101)="1001|@1|40|T||@1|<<CONAM>>"
^DBTBL("SYSDEV",5,"SCAER","@PH",102)="1099|@2|9|T||@2|Run Date:"
^DBTBL("SYSDEV",5,"SCAER","@PH",103)="1109|@3|10|T||@3|<<vrundate>>"
^DBTBL("SYSDEV",5,"SCAER","@PH",104)="1123|@4|8|T||@4|<<%TIM>>"
^DBTBL("SYSDEV",5,"SCAER","@PH",105)="2001|@5|20|T||@5|Profile Error Report"
^DBTBL("SYSDEV",5,"SCAER","@PH",106)="2123|@6|5|T||@6|Page:"
^DBTBL("SYSDEV",5,"SCAER","@PH",107)="2129|@7|3|T||@7|<<$J(VPN,3)>>"
^DBTBL("SYSDEV",5,"SCAER","@PH",108)="4005|@8|4|T||@8|Date"
^DBTBL("SYSDEV",5,"SCAER","@PH",109)="4014|@9|5|T||@9|Error"
^DBTBL("SYSDEV",5,"SCAER","@PH",110)="5005|@10|4|T||@10|Time"
^DBTBL("SYSDEV",5,"SCAER","@PH",111)="5016|@11|9|T||@11|Directory"
^DBTBL("SYSDEV",5,"SCAER","@PH",112)="5033|@12|7|T||@12|User ID"
^DBTBL("SYSDEV",5,"SCAER","@PH",113)="5054|@13|3|T||@13|Job"
^DBTBL("SYSDEV",5,"SCAER","@PH",114)="5062|@14|6|T||@14|Device"
^DBTBL("SYSDEV",5,"SCAER","@PH",115)="6001|@15|132|T||@15|@CHR(=,132)"
^DBTBL("SYSDEV",5,"SCAER","@RS",0)="1,1,1"
^DBTBL("SYSDEV",5,"SCAER","[SYSDEV,ERROR9]9",0)="3,3,3"
^DBTBL("SYSDEV",5,"SCAER","[SYSDEV,ERROR9]DATE",0)="3,3,3"
^DBTBL("SYSDEV",5,"SCAER","[SYSDEV,ERROR9]ET",0)="3,3,3"
^DBTBL("SYSDEV",5,"SCAER","[SYSDEV,ERROR9]SEQ",0)="1,6,1"
^DBTBL("SYSDEV",5,"SCAER","[SYSDEV,ERROR9]SEQ",26)="7-9"
^DBTBL("SYSDEV",5,"SCAER","[SYSDEV,ERROR9]SEQ",101)="3004|@16|9|T||@16|Sequence:"
^DBTBL("SYSDEV",5,"SCAER","[SYSDEV,ERROR9]SEQ",102)="3014|SEQ|20|T||[SYSDEV,ERROR]SEQ|"
^DBTBL("SYSDEV",5,"SCAER","[SYSDEV,ERROR9]SEQ",103)="5003|DATE|10|D||[SYSDEV,ERROR]DATE|"
^DBTBL("SYSDEV",5,"SCAER","[SYSDEV,ERROR9]SEQ",104)="5014|MUMPSZE|118|T||[SYSDEV,ERROR]MUMPSZE|||1"
^DBTBL("SYSDEV",5,"SCAER","[SYSDEV,ERROR9]SEQ",104,1)=$C(9)_"type Public String V"
^DBTBL("SYSDEV",5,"SCAER","[SYSDEV,ERROR9]SEQ",104,2)="        if V="""" set V=rwrs.getCol(""ERROR9.ET"")"
^DBTBL("SYSDEV",5,"SCAER","[SYSDEV,ERROR9]SEQ",105)="6005|TIME|8|C||[SYSDEV,ERROR]TIME|"
^DBTBL("SYSDEV",5,"SCAER","[SYSDEV,ERROR9]SEQ",106)="6016|DIR|15|T||[SYSDEV,ERROR]DIR||1"
^DBTBL("SYSDEV",5,"SCAER","[SYSDEV,ERROR9]SEQ",106,21)=$C(9)_"type Public String V"
^DBTBL("SYSDEV",5,"SCAER","[SYSDEV,ERROR9]SEQ",106,22)=$C(9)_"if V[""["" set V=V.piece(""]"",1).piece(""["",2)"
^DBTBL("SYSDEV",5,"SCAER","[SYSDEV,ERROR9]SEQ",107)="6033|UID|20|T||[SYSDEV,ERROR]UID|"
^DBTBL("SYSDEV",5,"SCAER","[SYSDEV,ERROR9]SEQ",108)="6054|JOB|7|T||[SYSDEV,ERROR]JOB|"
^DBTBL("SYSDEV",5,"SCAER","[SYSDEV,ERROR9]SEQ",109)="6062|TERM|40|T||[SYSDEV,ERROR]TERM|"
^DBTBL("SYSDEV",5,"SCAER","[SYSDEV,ERROR9]SEQ",110)="8001|@17|50|T||@17|<<VARH>>||1"
^DBTBL("SYSDEV",5,"SCAER","[SYSDEV,ERROR9]SEQ",110,1)=$C(9)_"type public Boolean DSPVAR"
^DBTBL("SYSDEV",5,"SCAER","[SYSDEV,ERROR9]SEQ",110,2)=$C(9)_"type public String VARH"
^DBTBL("SYSDEV",5,"SCAER","[SYSDEV,ERROR9]SEQ",110,3)=""
^DBTBL("SYSDEV",5,"SCAER","[SYSDEV,ERROR9]SEQ",110,4)=$C(9)_"if 'DSPVAR set VARH = """""
^DBTBL("SYSDEV",5,"SCAER","[SYSDEV,ERROR9]SEQ",110,5)=$C(9)_"else  set VARH = ""Process, Symbol Table, and Variable Information:"""
^DBTBL("SYSDEV",5,"SCAER","[SYSDEV,ERROR9]VAR",0)="1,1,1"
^DBTBL("SYSDEV",5,"SCAER","[SYSDEV,ERROR9]VAR",26)=3
^DBTBL("SYSDEV",5,"SCAER","[SYSDEV,ERROR9]VAR",101)="3001|@18|500|T||@18|<<info>>||1"
^DBTBL("SYSDEV",5,"SCAER","[SYSDEV,ERROR9]VAR",101,1)=$C(9)_"type Public Number DSPVAR"
^DBTBL("SYSDEV",5,"SCAER","[SYSDEV,ERROR9]VAR",101,2)="        type Public String info"
^DBTBL("SYSDEV",5,"SCAER","[SYSDEV,ERROR9]VAR",101,3)=""
^DBTBL("SYSDEV",5,"SCAER","[SYSDEV,ERROR9]VAR",101,4)="        if 'DSPVAR set info = """""
^DBTBL("SYSDEV",5,"SCAER","[SYSDEV,ERROR9]VAR",101,5)=$C(9)_"else  do {"
^DBTBL("SYSDEV",5,"SCAER","[SYSDEV,ERROR9]VAR",101,6)=""
^DBTBL("SYSDEV",5,"SCAER","[SYSDEV,ERROR9]VAR",101,7)=$C(9,9)_"set info = rwrs.getCol(""ERROR9.VAR"")"
^DBTBL("SYSDEV",5,"SCAER","[SYSDEV,ERROR9]VAR",101,8)=$C(9,9)_"if info.beginsWith(""#VAR"") set info = rwrs.getCol(""ERROR9.VALUE"")"
^DBTBL("SYSDEV",5,"SCAER","[SYSDEV,ERROR9]VAR",101,9)=$C(9,9)_"else  set info = info_ "" = ""_ rwrs.getCol(""ERROR9.VALUE"")"
^DBTBL("SYSDEV",5,"SCAER","[SYSDEV,ERROR9]VAR",101,10)=$C(9)_"}"
